Component: ARM Compiler 5.06 update 6 (build 750) Tool: armlink [4d35ed]

==============================================================================

Section Cross References

    startup_stm32f407xx.o(STACK) refers (Special) to heapauxi.o(.text) for __use_two_region_memory
    startup_stm32f407xx.o(HEAP) refers (Special) to heapauxi.o(.text) for __use_two_region_memory
    startup_stm32f407xx.o(RESET) refers (Special) to heapauxi.o(.text) for __use_two_region_memory
    startup_stm32f407xx.o(RESET) refers to startup_stm32f407xx.o(STACK) for __initial_sp
    startup_stm32f407xx.o(RESET) refers to startup_stm32f407xx.o(.text) for Reset_Handler
    startup_stm32f407xx.o(RESET) refers to stm32f4xx_it.o(i.NMI_Handler) for NMI_Handler
    startup_stm32f407xx.o(RESET) refers to stm32f4xx_it.o(i.HardFault_Handler) for HardFault_Handler
    startup_stm32f407xx.o(RESET) refers to stm32f4xx_it.o(i.MemManage_Handler) for MemManage_Handler
    startup_stm32f407xx.o(RESET) refers to stm32f4xx_it.o(i.BusFault_Handler) for BusFault_Handler
    startup_stm32f407xx.o(RESET) refers to stm32f4xx_it.o(i.UsageFault_Handler) for UsageFault_Handler
    startup_stm32f407xx.o(RESET) refers to port.o(.emb_text) for SVC_Handler
    startup_stm32f407xx.o(RESET) refers to stm32f4xx_it.o(i.DebugMon_Handler) for DebugMon_Handler
    startup_stm32f407xx.o(RESET) refers to cmsis_os2.o(i.SysTick_Handler) for SysTick_Handler
    startup_stm32f407xx.o(RESET) refers to stm32f4xx_it.o(i.EXTI0_IRQHandler) for EXTI0_IRQHandler
    startup_stm32f407xx.o(RESET) refers to stm32f4xx_it.o(i.TIM2_IRQHandler) for TIM2_IRQHandler
    startup_stm32f407xx.o(RESET) refers to stm32f4xx_it.o(i.USART1_IRQHandler) for USART1_IRQHandler
    startup_stm32f407xx.o(RESET) refers to stm32f4xx_it.o(i.DMA2_Stream2_IRQHandler) for DMA2_Stream2_IRQHandler
    startup_stm32f407xx.o(RESET) refers to stm32f4xx_it.o(i.CAN2_RX0_IRQHandler) for CAN2_RX0_IRQHandler
    startup_stm32f407xx.o(RESET) refers to stm32f4xx_it.o(i.CAN2_RX1_IRQHandler) for CAN2_RX1_IRQHandler
    startup_stm32f407xx.o(.text) refers (Special) to heapauxi.o(.text) for __use_two_region_memory
    startup_stm32f407xx.o(.text) refers to system_stm32f4xx.o(i.SystemInit) for SystemInit
    startup_stm32f407xx.o(.text) refers to __main.o(!!!main) for __main
    startup_stm32f407xx.o(.text) refers to startup_stm32f407xx.o(HEAP) for Heap_Mem
    startup_stm32f407xx.o(.text) refers to startup_stm32f407xx.o(STACK) for Stack_Mem
    armlib_lock_glue.o(i._mutex_acquire) refers to armlib_lock_glue.o(i.stm32_lock_acquire) for stm32_lock_acquire
    armlib_lock_glue.o(i._mutex_acquire) refers to main.o(i.Error_Handler) for Error_Handler
    armlib_lock_glue.o(i._mutex_acquire) refers to armlib_lock_glue.o(i.stm32_lock_release) for stm32_lock_release
    armlib_lock_glue.o(i._mutex_acquire) refers to armlib_lock_glue.o(.bss) for .bss
    armlib_lock_glue.o(i._mutex_free) refers to armlib_lock_glue.o(i.stm32_lock_acquire) for stm32_lock_acquire
    armlib_lock_glue.o(i._mutex_free) refers to main.o(i.Error_Handler) for Error_Handler
    armlib_lock_glue.o(i._mutex_free) refers to armlib_lock_glue.o(i.stm32_lock_release) for stm32_lock_release
    armlib_lock_glue.o(i._mutex_free) refers to armlib_lock_glue.o(.bss) for .bss
    armlib_lock_glue.o(i._mutex_initialize) refers to armlib_lock_glue.o(i.stm32_lock_acquire) for stm32_lock_acquire
    armlib_lock_glue.o(i._mutex_initialize) refers to armlib_lock_glue.o(i.stm32_lock_release) for stm32_lock_release
    armlib_lock_glue.o(i._mutex_initialize) refers to main.o(i.Error_Handler) for Error_Handler
    armlib_lock_glue.o(i._mutex_initialize) refers to armlib_lock_glue.o(.data) for .data
    armlib_lock_glue.o(i._mutex_initialize) refers to armlib_lock_glue.o(.bss) for .bss
    armlib_lock_glue.o(i._mutex_release) refers to armlib_lock_glue.o(i.stm32_lock_acquire) for stm32_lock_acquire
    armlib_lock_glue.o(i._mutex_release) refers to main.o(i.Error_Handler) for Error_Handler
    armlib_lock_glue.o(i._mutex_release) refers to armlib_lock_glue.o(i.stm32_lock_release) for stm32_lock_release
    armlib_lock_glue.o(i._mutex_release) refers to armlib_lock_glue.o(.bss) for .bss
    armlib_lock_glue.o(i.stm32_lock_acquire) refers to main.o(i.Error_Handler) for Error_Handler
    armlib_lock_glue.o(i.stm32_lock_acquire) refers to port.o(i.vPortEnterCritical) for vPortEnterCritical
    armlib_lock_glue.o(i.stm32_lock_release) refers to main.o(i.Error_Handler) for Error_Handler
    armlib_lock_glue.o(i.stm32_lock_release) refers to port.o(i.vPortExitCritical) for vPortExitCritical
    main.o(i.HAL_TIM_PeriodElapsedCallback) refers to stm32f4xx_hal.o(i.HAL_IncTick) for HAL_IncTick
    main.o(i.HAL_TIM_PeriodElapsedCallback) refers to bsp_tim.o(i.TIMPeriodElapsedCallback) for TIMPeriodElapsedCallback
    main.o(i.SystemClock_Config) refers to rt_memclr_w.o(.text) for __aeabi_memclr4
[...]
    xTaskGetSchedulerState                   0x0800ba6d   Thumb Code    22  tasks.o(i.xTaskGetSchedulerState)
    xTaskGetTickCount                        0x0800ba89   Thumb Code     6  tasks.o(i.xTaskGetTickCount)
    xTaskGetTickCountFromISR                 0x0800ba95   Thumb Code    12  tasks.o(i.xTaskGetTickCountFromISR)
    xTaskIncrementTick                       0x0800baa5   Thumb Code   192  tasks.o(i.xTaskIncrementTick)
    xTaskPriorityDisinherit                  0x0800bb6d   Thumb Code   118  tasks.o(i.xTaskPriorityDisinherit)
    xTaskRemoveFromEventList                 0x0800bbed   Thumb Code    98  tasks.o(i.xTaskRemoveFromEventList)
    xTaskResumeAll                           0x0800bc5d   Thumb Code   182  tasks.o(i.xTaskResumeAll)
    xTimerCreateTimerTask                    0x0800bd21   Thumb Code    78  timers.o(i.xTimerCreateTimerTask)
    xTimerGenericCommand                     0x0800bd81   Thumb Code    98  timers.o(i.xTimerGenericCommand)
    _get_lc_numeric                          0x0800bead   Thumb Code    44  lc_numeric_c.o(locale$$code)
    _get_lc_ctype                            0x0800bed9   Thumb Code    44  lc_ctype_c.o(locale$$code)
    _fp_init                                 0x0800bf05   Thumb Code    10  fpinit.o(x$fpl$fpinit)
    __fplib_config_fpu_vfp                   0x0800bf0d   Thumb Code     0  fpinit.o(x$fpl$fpinit)
    __fplib_config_pureend_doubles           0x0800bf0d   Thumb Code     0  fpinit.o(x$fpl$fpinit)
    _printf_fp_dec                           0x0800bf0f   Thumb Code     4  printf1.o(x$fpl$printf1)
    _printf_fp_hex                           0x0800bf13   Thumb Code     4  printf2.o(x$fpl$printf2)
    __I$use$fp                               0x0800bf16   Number         0  usenofp.o(x$fpl$usenofp)
    defaultTask_attributes                   0x0800bf18   Data          36  freertos.o(.constdata)
    AHBPrescTable                            0x0800bf44   Data          16  system_stm32f4xx.o(.constdata)
    APBPrescTable                            0x0800bf54   Data           8  system_stm32f4xx.o(.constdata)
    imu0Task_attributes                      0x0800c15c   Data          36  robot.o(.constdata)
    oledTask_attributes                      0x0800c180   Data          36  robot.o(.constdata)
    testTask_attributes                      0x0800c1a4   Data          36  robot.o(.constdata)
    Region$$Table$$Base                      0x0800c6cc   Number         0  anon$$obj.o(Region$$Table)
    Region$$Table$$Limit                     0x0800c6ec   Number         0  anon$$obj.o(Region$$Table)
    __ctype                                  0x0800c715   Data           0  lc_ctype_c.o(locale$$data)
    defaultTaskHandle                        0x20000004   Data           4  freertos.o(.data)
    uwTickFreq                               0x20000008   Data           1  stm32f4xx_hal.o(.data)
    uwTickPrio                               0x2000000c   Data           4  stm32f4xx_hal.o(.data)
    uwTick                                   0x20000010   Data           4  stm32f4xx_hal.o(.data)
    SystemCoreClock                          0x20000014   Data           4  system_stm32f4xx.o(.data)
    pxCurrentTCB                             0x20000018   Data           4  tasks.o(.data)
    imu0TaskHandle                           0x200000f4   Data           4  robot.o(.data)
    oledTaskHandle                           0x200000f8   Data           4  robot.o(.data)
    testTaskHandle                           0x200000fc   Data           4  robot.o(.data)
    imu0                                     0x20000100   Data         420  robot.o(.data)
    gray                                     0x200002a4   Data         112  robot.o(.data)
    green_led                                0x20000314   Data          56  robot.o(.data)
    key1                                     0x2000034c   Data          72  robot.o(.data)
    encoder_left                             0x20000394   Data         228  robot.o(.data)
    encoder_right                            0x20000478   Data         228  robot.o(.data)
    motor_left                               0x2000055c   Data         168  robot.o(.data)
    motor_right                              0x20000604   Data         168  robot.o(.data)
    wheel_left_pid                           0x200006ac   Data         140  robot.o(.data)
    wheel_right_pid                          0x20000738   Data         140  robot.o(.data)
    wheel_left                               0x200007c4   Data         116  robot.o(.data)
    wheel_right                              0x20000838   Data         116  robot.o(.data)
    chassis                                  0x200008ac   Data         116  robot.o(.data)
    zdt42_motor_yaw                          0x20000920   Data         148  robot.o(.data)
    zdt42_motor_pitch                        0x200009b4   Data         148  robot.o(.data)
    oled                                     0x20000a48   Data        1148  robot.o(.data)
    hcan2                                    0x20000f68   Data          40  can.o(.bss)
    htim1                                    0x20000f90   Data          72  tim.o(.bss)
    htim3                                    0x20000fd8   Data          72  tim.o(.bss)
    htim4                                    0x20001020   Data          72  tim.o(.bss)
    htim5                                    0x20001068   Data          72  tim.o(.bss)
    huart1                                   0x200010b0   Data          72  usart.o(.bss)
    hdma_usart1_rx                           0x200010f8   Data          96  usart.o(.bss)
    htim2                                    0x20001158   Data          72  stm32f4xx_hal_timebase_tim.o(.bss)
    xQueueRegistry                           0x200011a0   Data          64  queue.o(.bss)
    motor_data                               0x20005a80   Data          44  robot.o(.bss)
    _SEGGER_RTT                              0x20006308   Data         168  segger_rtt.o(.bss)
    __libspace_start                         0x20006400   Data          96  libspace.o(.bss)
    __temporary_stack_top$libspace           0x20006460   Data           0  libspace.o(.bss)



==============================================================================

Memory Map of the image

  Image Entry point : 0x08000189

  Load Region LR_IROM1 (Base: 0x08000000, Size: 0x0000d6f4, Max: 0x00080000, ABSOLUTE, COMPRESSED[0x0000c9e0])

    Execution Region ER_IROM1 (Exec base: 0x08000000, Load base: 0x08000000, Size: 0x0000c818, Max: 0x00080000, ABSOLUTE)

    Exec Addr    Load Addr    Size         Type   Attr      Idx    E Section Name        Object

    0x08000000   0x08000000   0x00000188   Data   RO            3    RESET               startup_stm32f407xx.o
    0x08000188   0x08000188   0x00000008   Code   RO         8415  * !!!main             c_w.l(__main.o)
    0x08000190   0x08000190   0x00000034   Code   RO         8851    !!!scatter          c_w.l(__scatter.o)
    0x080001c4   0x080001c4   0x0000005a   Code   RO         8849    !!dczerorl2         c_w.l(__dczerorl2.o)
    0x0800021e   0x0800021e   0x00000002   PAD
    0x08000220   0x08000220   0x0000001c   Code   RO         8853    !!handler_zi        c_w.l(__scatter_zi.o)
    0x0800023c   0x0800023c   0x00000000   Code   RO         8396    .ARM.Collect$$_printf_percent$$00000000  c_w.l(_printf_percent.o)
    0x0800023c   0x0800023c   0x00000006   Code   RO         8557    .ARM.Collect$$_printf_percent$$00000001  c_w.l(_printf_n.o)
    0x08000242   0x08000242   0x00000006   Code   RO         8559    .ARM.Collect$$_printf_percent$$00000002  c_w.l(_printf_p.o)
    0x08000248   0x08000248   0x00000006   Code   RO         8563    .ARM.Collect$$_printf_percent$$00000003  c_w.l(_printf_f.o)
    0x0800024e   0x0800024e   0x00000006   Code   RO         8564    .ARM.Collect$$_printf_percent$$00000004  c_w.l(_printf_e.o)
    0x08000254   0x08000254   0x00000006   Code   RO         8565    .ARM.Collect$$_printf_percent$$00000005  c_w.l(_printf_g.o)
    0x0800025a   0x0800025a   0x00000006   Code   RO         8566    .ARM.Collect$$_printf_percent$$00000006  c_w.l(_printf_a.o)
    0x08000260   0x08000260   0x0000000a   Code   RO         8571    .ARM.Collect$$_printf_percent$$00000007  c_w.l(_printf_ll.o)
    0x0800026a   0x0800026a   0x00000006   Code   RO         8561    .ARM.Collect$$_printf_percent$$00000008  c_w.l(_printf_i.o)
    0x08000270   0x08000270   0x00000006   Code   RO         8395    .ARM.Collect$$_printf_percent$$00000009  c_w.l(_printf_d.o)
    0x08000276   0x08000276   0x00000006   Code   RO         8562    .ARM.Collect$$_printf_percent$$0000000A  c_w.l(_printf_u.o)
    0x0800027c   0x0800027c   0x00000006   Code   RO         8560    .ARM.Collect$$_printf_percent$$0000000B  c_w.l(_printf_o.o)
    0x08000282   0x08000282   0x00000006   Code   RO         8558    .ARM.Collect$$_printf_percent$$0000000C  c_w.l(_printf_x.o)
    0x08000288   0x08000288   0x00000006   Code   RO         8568    .ARM.Collect$$_printf_percent$$0000000D  c_w.l(_printf_lli.o)
    0x0800028e   0x0800028e   0x00000006   Code   RO         8569    .ARM.Collect$$_printf_percent$$0000000E  c_w.l(_printf_lld.o)
    0x08000294   0x08000294   0x00000006   Code   RO         8570    .ARM.Collect$$_printf_percent$$0000000F  c_w.l(_printf_llu.o)
    0x0800029a   0x0800029a   0x00000006   Code   RO         8575    .ARM.Collect$$_printf_percent$$00000010  c_w.l(_printf_llo.o)
    0x080002a0   0x080002a0   0x00000006   Code   RO         8576    .ARM.Collect$$_printf_percent$$00000011  c_w.l(_printf_llx.o)
    0x080002a6   0x080002a6   0x0000000a   Code   RO         8572    .ARM.Collect$$_printf_percent$$00000012  c_w.l(_printf_l.o)
    0x080002b0   0x080002b0   0x00000006   Code   RO         8555    .ARM.Collect$$_printf_percent$$00000013  c_w.l(_printf_c.o)
    0x080002b6   0x080002b6   0x00000006   Code   RO         8556    .ARM.Collect$$_printf_percent$$00000014  c_w.l(_printf_s.o)
    0x080002bc   0x080002bc   0x00000006   Code   RO         8573    .ARM.Collect$$_printf_percent$$00000015  c_w.l(_printf_lc.o)
    0x080002c2   0x080002c2   0x00000006   Code   RO         8574    .ARM.Collect$$_printf_percent$$00000016  c_w.l(_printf_ls.o)
    0x080002c8   0x080002c8   0x00000004   Code   RO         8567    .ARM.Collect$$_printf_percent$$00000017  c_w.l(_printf_percent_end.o)
    0x080002cc   0x080002cc   0x00000002   Code   RO         8779    .ARM.Collect$$libinit$$00000000  c_w.l(libinit.o)
    0x080002ce   0x080002ce   0x00000004   Code   RO         8579    .ARM.Collect$$libinit$$00000001  c_w.l(libinit2.o)
    0x080002d2   0x080002d2   0x00000000   Code   RO         8582    .ARM.Collect$$libinit$$00000004  c_w.l(libinit2.o)
    0x080002d2   0x080002d2   0x00000008   Code   RO         8583    .ARM.Collect$$libinit$$00000005  c_w.l(libinit2.o)
    0x080002da   0x080002da   0x00000000   Code   RO         8585    .ARM.Collect$$libinit$$0000000A  c_w.l(libinit2.o)
    0x080002da   0x080002da   0x00000000   Code   RO         8587    .ARM.Collect$$libinit$$0000000C  c_w.l(libinit2.o)
    0x080002da   0x080002da   0x00000000   Code   RO         8589    .ARM.Collect$$libinit$$0000000E  c_w.l(libinit2.o)
    0x080002da   0x080002da   0x00000006   Code   RO         8590    .ARM.Collect$$libinit$$0000000F  c_w.l(libinit2.o)
    0x080002e0   0x080002e0   0x00000000   Code   RO         8592    .ARM.Collect$$libinit$$00000011  c_w.l(libinit2.o)
    0x080002e0   0x080002e0   0x0000000c   Code   RO         8593    .ARM.Collect$$libinit$$00000012  c_w.l(libinit2.o)
    0x080002ec   0x080002ec   0x00000000   Code   RO         8594    .ARM.Collect$$libinit$$00000013  c_w.l(libinit2.o)
    0x080002ec   0x080002ec   0x00000000   Code   RO         8596    .ARM.Collect$$libinit$$00000015  c_w.l(libinit2.o)
    0x080002ec   0x080002ec   0x0000000a   Code   RO         8597    .ARM.Collect$$libinit$$00000016  c_w.l(libinit2.o)
    0x080002f6   0x080002f6   0x00000000   Code   RO         8598    .ARM.Collect$$libinit$$00000017  c_w.l(libinit2.o)
    0x080002f6   0x080002f6   0x00000000   Code   RO         8600    .ARM.Collect$$libinit$$00000019  c_w.l(libinit2.o)
    0x080002f6   0x080002f6   0x00000000   Code   RO         8602    .ARM.Collect$$libinit$$0000001B  c_w.l(libinit2.o)
    0x080002f6   0x080002f6   0x00000000   Code   RO         8604    .ARM.Collect$$libinit$$0000001D  c_w.l(libinit2.o)
    0x080002f6   0x080002f6   0x00000000   Code   RO         8606    .ARM.Collect$$libinit$$0000001F  c_w.l(libinit2.o)
    0x080002f6   0x080002f6   0x00000000   Code   RO         8608    .ARM.Collect$$libinit$$00000021  c_w.l(libinit2.o)
    0x080002f6   0x080002f6   0x00000000   Code   RO         8610    .ARM.Collect$$libinit$$00000023  c_w.l(libinit2.o)
    0x080002f6   0x080002f6   0x00000000   Code   RO         8612    .ARM.Collect$$libinit$$00000025  c_w.l(libinit2.o)
    0x080002f6   0x080002f6   0x00000000   Code   RO         8616    .ARM.Collect$$libinit$$0000002C  c_w.l(libinit2.o)
    0x080002f6   0x080002f6   0x00000000   Code   RO         8618    .ARM.Collect$$libinit$$0000002E  c_w.l(libinit2.o)
    0x080002f6   0x080002f6   0x00000000   Code   RO         8620    .ARM.Collect$$libinit$$00000030  c_w.l(libinit2.o)
    0x080002f6   0x080002f6   0x00000000   Code   RO         8622    .ARM.Collect$$libinit$$00000032  c_w.l(libinit2.o)
    0x080002f6   0x080002f6   0x00000002   Code   RO         8623    .ARM.Collect$$libinit$$00000033  c_w.l(libinit2.o)
    0x080002f8   0x080002f8   0x00000002   Code   RO         8846    .ARM.Collect$$libshutdown$$00000000  c_w.l(libshutdown.o)
    0x080002fa   0x080002fa   0x00000000   Code   RO         8804    .ARM.Collect$$libshutdown$$00000002  c_w.l(libshutdown2.o)
    0x080002fa   0x080002fa   0x00000000   Code   RO         8806    .ARM.Collect$$libshutdown$$00000004  c_w.l(libshutdown2.o)
    0x080002fa   0x080002fa   0x00000000   Code   RO         8809    .ARM.Collect$$libshutdown$$00000007  c_w.l(libshutdown2.o)
    0x080002fa   0x080002fa   0x00000000   Code   RO         8812    .ARM.Collect$$libshutdown$$0000000A  c_w.l(libshutdown2.o)
    0x080002fa   0x080002fa   0x00000000   Code   RO         8814    .ARM.Collect$$libshutdown$$0000000C  c_w.l(libshutdown2.o)
    0x080002fa   0x080002fa   0x00000004   Code   RO         8815    .ARM.Collect$$libshutdown$$0000000D  c_w.l(libshutdown2.o)
    0x080002fe   0x080002fe   0x00000000   Code   RO         8817    .ARM.Collect$$libshutdown$$0000000F  c_w.l(libshutdown2.o)
    0x080002fe   0x080002fe   0x00000002   Code   RO         8818    .ARM.Collect$$libshutdown$$00000010  c_w.l(libshutdown2.o)
    0x08000300   0x08000300   0x00000000   Code   RO         8475    .ARM.Collect$$rtentry$$00000000  c_w.l(__rtentry.o)
    0x08000300   0x08000300   0x00000000   Code   RO         8659    .ARM.Collect$$rtentry$$00000002  c_w.l(__rtentry2.o)
    0x08000300   0x08000300   0x00000006   Code   RO         8671    .ARM.Collect$$rtentry$$00000004  c_w.l(__rtentry4.o)
    0x08000306   0x08000306   0x00000000   Code   RO         8661    .ARM.Collect$$rtentry$$00000009  c_w.l(__rtentry2.o)
    0x08000306   0x08000306   0x00000004   Code   RO         8662    .ARM.Collect$$rtentry$$0000000A  c_w.l(__rtentry2.o)
    0x0800030a   0x0800030a   0x00000000   Code   RO         8664    .ARM.Collect$$rtentry$$0000000C  c_w.l(__rtentry2.o)
    0x0800030a   0x0800030a   0x00000008   Code   RO         8665    .ARM.Collect$$rtentry$$0000000D  c_w.l(__rtentry2.o)
    0x08000312   0x08000312   0x00000002   Code   RO         8786    .ARM.Collect$$rtexit$$00000000  c_w.l(rtexit.o)
    0x08000314   0x08000314   0x00000000   Code   RO         8822    .ARM.Collect$$rtexit$$00000002  c_w.l(rtexit2.o)
    0x08000314   0x08000314   0x00000004   Code   RO         8823    .ARM.Collect$$rtexit$$00000003  c_w.l(rtexit2.o)
    0x08000318   0x08000318   0x00000006   Code   RO         8824    .ARM.Collect$$rtexit$$00000004  c_w.l(rtexit2.o)
    0x0800031e   0x0800031e   0x00000002   PAD
    0x08000320   0x08000320   0x000000be   Code   RO         5137    .emb_text           port.o
    0x080003de   0x080003de   0x00000002   PAD
    0x080003e0   0x080003e0   0x00000000   Code   RO         8683    .emb_text           c_w.l(maybetermalloc2.o)
    0x080003e0   0x080003e0   0x00000040   Code   RO            4    .text               startup_stm32f407xx.o
    0x08000420   0x08000420   0x0000009e   Code   RO         8309    .text               c_w.l(h1_alloc_mt.o)
    0x080004be   0x080004be   0x00000076   Code   RO         8311    .text               c_w.l(h1_free_mt.o)
    0x08000534   0x08000534   0x000000ee   Code   RO         8363    .text               c_w.l(lludivv7m.o)
    0x08000622   0x08000622   0x00000002   PAD
    0x08000624   0x08000624   0x00000034   Code   RO         8365    .text               c_w.l(vsnprintf.o)
    0x08000658   0x08000658   0x00000078   Code   RO         8373    .text               c_w.l(_printf_dec.o)
    0x080006d0   0x080006d0   0x00000188   Code   RO         8392    .text               c_w.l(__printf_flags_ss_wp.o)
    0x08000858   0x08000858   0x00000048   Code   RO         8397    .text               c_w.l(strcpy.o)
    0x080008a0   0x080008a0   0x0000003e   Code   RO         8399    .text               c_w.l(strlen.o)
    0x080008de   0x080008de   0x0000008a   Code   RO         8401    .text               c_w.l(rt_memcpy_v6.o)
    0x08000968   0x08000968   0x00000064   Code   RO         8403    .text               c_w.l(rt_memcpy_w.o)
    0x080009cc   0x080009cc   0x00000010   Code   RO         8407    .text               c_w.l(aeabi_memset.o)
    0x080009dc   0x080009dc   0x00000044   Code   RO         8409    .text               c_w.l(rt_memclr.o)
    0x08000a20   0x08000a20   0x0000004e   Code   RO         8411    .text               c_w.l(rt_memclr_w.o)
    0x08000a6e   0x08000a6e   0x00000006   Code   RO         8413    .text               c_w.l(heapauxi.o)
    0x08000a74   0x08000a74   0x00000008   Code   RO         8483    .text               c_w.l(rt_heap_descriptor_intlibspace.o)
    0x08000a7c   0x08000a7c   0x00000004   Code   RO         8485    .text               c_w.l(hguard.o)
    0x08000a80   0x08000a80   0x0000008a   Code   RO         8487    .text               c_w.l(init_alloc.o)
    0x08000b0a   0x08000b0a   0x00000012   Code   RO         8493    .text               c_w.l(h1_init_mt.o)
    0x08000b1c   0x08000b1c   0x00000016   Code   RO         8505    .text               c_w.l(_rserrno.o)
    0x08000b32   0x08000b32   0x0000004e   Code   RO         8507    .text               c_w.l(_printf_pad.o)
    0x08000b80   0x08000b80   0x00000024   Code   RO         8509    .text               c_w.l(_printf_truncate.o)
    0x08000ba4   0x08000ba4   0x00000052   Code   RO         8511    .text               c_w.l(_printf_str.o)
    0x08000bf6   0x08000bf6   0x000000b2   Code   RO         8513    .text               c_w.l(_printf_intcommon.o)
    0x08000ca8   0x08000ca8   0x00000028   Code   RO         8515    .text               c_w.l(_printf_charcount.o)
    0x08000cd0   0x08000cd0   0x00000030   Code   RO         8517    .text               c_w.l(_printf_char_common.o)
    0x08000d00   0x08000d00   0x0000000a   Code   RO         8519    .text               c_w.l(_sputc.o)
    0x08000d0a   0x08000d0a   0x00000010   Code   RO         8521    .text               c_w.l(_snputc.o)
    0x08000d1a   0x08000d1a   0x00000002   PAD
    0x08000d1c   0x08000d1c   0x000000bc   Code   RO         8523    .text               c_w.l(_printf_wctomb.o)
    0x08000dd8   0x08000dd8   0x0000007c   Code   RO         8526    .text               c_w.l(_printf_longlong_dec.o)
    0x08000e54   0x08000e54   0x00000070   Code   RO         8532    .text               c_w.l(_printf_oct_int_ll.o)
    0x08000ec4   0x08000ec4   0x00000094   Code   RO         8552    .text               c_w.l(_printf_hex_int_ll_ptr.o)
    0x08000f58   0x08000f58   0x00000008   Code   RO         8655    .text               c_w.l(libspace.o)
    0x08000f60   0x08000f60   0x00000008   Code   RO         8678    .text               c_w.l(rt_errno_addr_intlibspace.o)
    0x08000f68   0x08000f68   0x0000003e   Code   RO         8686    .text               c_w.l(h1_extend_mt.o)
    0x08000fa6   0x08000fa6   0x0000008a   Code   RO         8688    .text               c_w.l(lludiv10.o)
    0x08001030   0x08001030   0x0000041e   Code   RO         8690    .text               c_w.l(_printf_fp_dec.o)
    0x0800144e   0x0800144e   0x00000002   PAD
    0x08001450   0x08001450   0x000002fc   Code   RO         8692    .text               c_w.l(_printf_fp_hex.o)
    0x0800174c   0x0800174c   0x0000002c   Code   RO         8697    .text               c_w.l(_printf_char.o)
    0x08001778   0x08001778   0x0000002c   Code   RO         8699    .text               c_w.l(_printf_wchar.o)
    0x080017a4   0x080017a4   0x00000040   Code   RO         8701    .text               c_w.l(_wcrtomb.o)
    0x080017e4   0x080017e4   0x0000000e   Code   RO         8703    .text               c_w.l(defsig_rtmem_outer.o)
    0x080017f2   0x080017f2   0x00000002   Code   RO         8714    .text               c_w.l(use_no_semi.o)
    0x080017f4   0x080017f4   0x00000000   Code   RO         8716    .text               c_w.l(indicate_semi.o)
    0x080017f4   0x080017f4   0x0000004a   Code   RO         8717    .text               c_w.l(sys_stackheap_outer.o)
    0x0800183e   0x0800183e   0x00000002   PAD
    0x08001840   0x08001840   0x00000010   Code   RO         8719    .text               c_w.l(rt_ctype_table.o)
    0x08001850   0x08001850   0x00000008   Code   RO         8726    .text               c_w.l(rt_locale_intlibspace.o)
    0x08001858   0x08001858   0x00000010   Code   RO         8728    .text               c_w.l(term_alloc.o)
    0x08001868   0x08001868   0x00000080   Code   RO         8730    .text               c_w.l(_printf_fp_infnan.o)
    0x080018e8   0x080018e8   0x000000e4   Code   RO         8732    .text               c_w.l(bigflt0.o)
    0x080019cc   0x080019cc   0x00000012   Code   RO         8760    .text               c_w.l(exit.o)
    0x080019de   0x080019de   0x0000000a   Code   RO         8762    .text               c_w.l(defsig_exit.o)
    0x080019e8   0x080019e8   0x00000050   Code   RO         8768    .text               c_w.l(defsig_rtmem_inner.o)
    0x08001a38   0x08001a38   0x0000000c   Code   RO         8784    .text               c_w.l(sys_exit.o)
    0x08001a44   0x08001a44   0x0000000a   Code   RO         8790    .text               c_w.l(h1_final_mt.o)
    0x08001a4e   0x08001a4e   0x00000032   Code   RO         8797    .text               c_w.l(defsig_general.o)
    0x08001a80   0x08001a80   0x00000080   Code   RO         8801    .text               c_w.l(strcmpv7m.o)
    0x08001b00   0x08001b00   0x0000000e   Code   RO         8819    .text               c_w.l(sys_wrch.o)
    0x08001b0e   0x08001b0e   0x0000003e   Code   RO         8735    CL$$btod_d2e        c_w.l(btod.o)
    0x08001b4c   0x08001b4c   0x00000046   Code   RO         8737    CL$$btod_d2e_denorm_low  c_w.l(btod.o)
    0x08001b92   0x08001b92   0x00000060   Code   RO         8736    CL$$btod_d2e_norm_op1  c_w.l(btod.o)
    0x08001bf2   0x08001bf2   0x00000338   Code   RO         8745    CL$$btod_div_common  c_w.l(btod.o)
    0x08001f2a   0x08001f2a   0x000000dc   Code   RO         8742    CL$$btod_e2e        c_w.l(btod.o)
    0x08002006   0x08002006   0x0000002a   Code   RO         8739    CL$$btod_ediv       c_w.l(btod.o)
    0x08002030   0x08002030   0x0000002a   Code   RO         8738    CL$$btod_emul       c_w.l(btod.o)
    0x0800205a   0x0800205a   0x00000244   Code   RO         8744    CL$$btod_mult_common  c_w.l(btod.o)
    0x0800229e   0x0800229e   0x00000002   Code   RO          544    i.BusFault_Handler  stm32f4xx_it.o
    0x080022a0   0x080022a0   0x0000000c   Code   RO          545    i.CAN2_RX0_IRQHandler  stm32f4xx_it.o
    0x080022ac   0x080022ac   0x0000000c   Code   RO          546    i.CAN2_RX1_IRQHandler  stm32f4xx_it.o
    0x080022b8   0x080022b8   0x00000084   Code   RO         7180    i.CANAddFilter      bsp_can.o
    0x0800233c   0x0800233c   0x000000a8   Code   RO         7181    i.CANFIFOxCallback  bsp_can.o
    0x080023e4   0x080023e4   0x0000017c   Code   RO         7182    i.CANRegister       bsp_can.o
    0x08002560   0x08002560   0x00000058   Code   RO         7183    i.CANServiceInit    bsp_can.o
    0x080025b8   0x080025b8   0x00000034   Code   RO         7184    i.CANSetDLC         bsp_can.o
    0x080025ec   0x080025ec   0x00000016   Code   RO         7185    i.CANSetTxId        bsp_can.o
    0x08002602   0x08002602   0x00000002   PAD
    0x08002604   0x08002604   0x000000c0   Code   RO         7186    i.CANTransmit       bsp_can.o
    0x080026c4   0x080026c4   0x00000010   Code   RO         6860    i.ChassisAbs        chassis.o
    0x080026d4   0x080026d4   0x00000094   Code   RO         6861    i.ChassisConfigIsValid  chassis.o
    0x08002768   0x08002768   0x00000028   Code   RO         6862    i.ChassisGetData    chassis.o
    0x08002790   0x08002790   0x000000b0   Code   RO         6863    i.ChassisInit       chassis.o
    0x08002840   0x08002840   0x00000032   Code   RO         6864    i.ChassisResetOdometry  chassis.o
    0x08002872   0x08002872   0x00000012   Code   RO         6865    i.ChassisSetForwardSpeed  chassis.o
    0x08002884   0x08002884   0x00000016   Code   RO         6866    i.ChassisSetTurnSpeed  chassis.o
    0x0800289a   0x0800289a   0x000000d6   Code   RO         6867    i.ChassisSetVelocity  chassis.o
    0x08002970   0x08002970   0x00000032   Code   RO         6868    i.ChassisStart      chassis.o
    0x080029a2   0x080029a2   0x00000002   PAD
    0x080029a4   0x080029a4   0x00000054   Code   RO         6869    i.ChassisStop       chassis.o
    0x080029f8   0x080029f8   0x00000114   Code   RO         6870    i.ChassisSyncData   chassis.o
    0x08002b0c   0x08002b0c   0x00000060   Code   RO         6871    i.ChassisUpdate     chassis.o
    0x08002b6c   0x08002b6c   0x0000000c   Code   RO          547    i.DMA2_Stream2_IRQHandler  stm32f4xx_it.o
    0x08002b78   0x08002b78   0x00000028   Code   RO         2367    i.DMA_CalcBaseAndBitshift  stm32f4xx_hal_dma.o
    0x08002ba0   0x08002ba0   0x00000054   Code   RO         2368    i.DMA_CheckFifoParam  stm32f4xx_hal_dma.o
    0x08002bf4   0x08002bf4   0x00000028   Code   RO         2369    i.DMA_SetConfig     stm32f4xx_hal_dma.o
    0x08002c1c   0x08002c1c   0x00000002   Code   RO          548    i.DebugMon_Handler  stm32f4xx_it.o
    0x08002c1e   0x08002c1e   0x00000006   Code   RO          549    i.EXTI0_IRQHandler  stm32f4xx_it.o
    0x08002c24   0x08002c24   0x00000008   Code   RO         5834    i.EncoderGetCount   encoder.o
    0x08002c2c   0x08002c2c   0x00000018   Code   RO         5835    i.EncoderGetData    encoder.o
    0x08002c44   0x08002c44   0x00000008   Code   RO         5836    i.EncoderGetDirection  encoder.o
    0x08002c4c   0x08002c4c   0x000000e4   Code   RO         5837    i.EncoderInit       encoder.o
    0x08002d30   0x08002d30   0x0000003c   Code   RO         5838    i.EncoderReset      encoder.o
    0x08002d6c   0x08002d6c   0x00000034   Code   RO         5839    i.EncoderResetSpeedWindow  encoder.o
    0x08002da0   0x08002da0   0x0000001e   Code   RO         5840    i.EncoderStart      encoder.o
    0x08002dbe   0x08002dbe   0x00000002   PAD
    0x08002dc0   0x08002dc0   0x00000040   Code   RO         5841    i.EncoderStop       encoder.o
    0x08002e00   0x08002e00   0x00000144   Code   RO         5842    i.EncoderUpdate     encoder.o
    0x08002f44   0x08002f44   0x00000004   Code   RO          118    i.Error_Handler     main.o
    0x08002f48   0x08002f48   0x00000008   Code   RO         7389    i.GPIORead          bsp_gpio.o
    0x08002f50   0x08002f50   0x0000005c   Code   RO         7390    i.GPIORegister      bsp_gpio.o
    0x08002fac   0x08002fac   0x0000000a   Code   RO         7391    i.GPIOReset         bsp_gpio.o
    0x08002fb6   0x08002fb6   0x0000000a   Code   RO         7392    i.GPIOSet           bsp_gpio.o
    0x08002fc0   0x08002fc0   0x00000008   Code   RO         7393    i.GPIOToggel        bsp_gpio.o
    0x08002fc8   0x08002fc8   0x0000001a   Code   RO         5908    i.GrayGetBlackMask  gray.o
    0x08002fe2   0x08002fe2   0x00000024   Code   RO         5909    i.GrayGetData       gray.o
    0x08003006   0x08003006   0x00000002   PAD
    0x08003008   0x08003008   0x000000f4   Code   RO         5910    i.GrayInit          gray.o
    0x080030fc   0x080030fc   0x0000002e   Code   RO         5911    i.GrayReadChannel   gray.o
    0x0800312a   0x0800312a   0x00000056   Code   RO         5912    i.GrayUpdate        gray.o
    0x08003180   0x08003180   0x00000024   Code   RO         1675    i.HAL_CAN_ActivateNotification  stm32f4xx_hal_can.o
    0x080031a4   0x080031a4   0x000000bc   Code   RO         1676    i.HAL_CAN_AddTxMessage  stm32f4xx_hal_can.o
    0x08003260   0x08003260   0x0000010c   Code   RO         1677    i.HAL_CAN_ConfigFilter  stm32f4xx_hal_can.o
    0x0800336c   0x0800336c   0x00000002   Code   RO         1680    i.HAL_CAN_ErrorCallback  stm32f4xx_hal_can.o
    0x0800336e   0x0800336e   0x00000002   PAD
    0x08003370   0x08003370   0x00000022   Code   RO         1682    i.HAL_CAN_GetRxFifoFillLevel  stm32f4xx_hal_can.o
    0x08003392   0x08003392   0x000000f4   Code   RO         1683    i.HAL_CAN_GetRxMessage  stm32f4xx_hal_can.o
    0x08003486   0x08003486   0x0000002c   Code   RO         1685    i.HAL_CAN_GetTxMailboxesFreeLevel  stm32f4xx_hal_can.o
    0x080034b2   0x080034b2   0x000001fc   Code   RO         1687    i.HAL_CAN_IRQHandler  stm32f4xx_hal_can.o
    0x080036ae   0x080036ae   0x0000011a   Code   RO         1688    i.HAL_CAN_Init      stm32f4xx_hal_can.o
    0x080037c8   0x080037c8   0x0000009c   Code   RO          359    i.HAL_CAN_MspInit   can.o
    0x08003864   0x08003864   0x00000002   Code   RO         1695    i.HAL_CAN_RxFifo0FullCallback  stm32f4xx_hal_can.o
    0x08003866   0x08003866   0x00000006   Code   RO         7187    i.HAL_CAN_RxFifo0MsgPendingCallback  bsp_can.o
    0x0800386c   0x0800386c   0x00000002   Code   RO         1697    i.HAL_CAN_RxFifo1FullCallback  stm32f4xx_hal_can.o
    0x0800386e   0x0800386e   0x00000006   Code   RO         7188    i.HAL_CAN_RxFifo1MsgPendingCallback  bsp_can.o
    0x08003874   0x08003874   0x00000002   Code   RO         1699    i.HAL_CAN_SleepCallback  stm32f4xx_hal_can.o
    0x08003876   0x08003876   0x00000002   PAD
    0x08003878   0x08003878   0x00000058   Code   RO         1700    i.HAL_CAN_Start     stm32f4xx_hal_can.o
    0x080038d0   0x080038d0   0x00000060   Code   RO         1701    i.HAL_CAN_Stop      stm32f4xx_hal_can.o
    0x08003930   0x08003930   0x00000002   Code   RO         1702    i.HAL_CAN_TxMailbox0AbortCallback  stm32f4xx_hal_can.o
    0x08003932   0x08003932   0x00000002   Code   RO         1703    i.HAL_CAN_TxMailbox0CompleteCallback  stm32f4xx_hal_can.o
    0x08003934   0x08003934   0x00000002   Code   RO         1704    i.HAL_CAN_TxMailbox1AbortCallback  stm32f4xx_hal_can.o
    0x08003936   0x08003936   0x00000002   Code   RO         1705    i.HAL_CAN_TxMailbox1CompleteCallback  stm32f4xx_hal_can.o
    0x08003938   0x08003938   0x00000002   Code   RO         1706    i.HAL_CAN_TxMailbox2AbortCallback  stm32f4xx_hal_can.o
    0x0800393a   0x0800393a   0x00000002   Code   RO         1707    i.HAL_CAN_TxMailbox2CompleteCallback  stm32f4xx_hal_can.o
    0x0800393c   0x0800393c   0x00000002   Code   RO         1709    i.HAL_CAN_WakeUpFromRxMsgCallback  stm32f4xx_hal_can.o
    0x0800393e   0x0800393e   0x00000092   Code   RO         2370    i.HAL_DMA_Abort     stm32f4xx_hal_dma.o
    0x080039d0   0x080039d0   0x00000024   Code   RO         2371    i.HAL_DMA_Abort_IT  stm32f4xx_hal_dma.o
    0x080039f4   0x080039f4   0x000001a0   Code   RO         2375    i.HAL_DMA_IRQHandler  stm32f4xx_hal_dma.o
    0x08003b94   0x08003b94   0x000000d4   Code   RO         2376    i.HAL_DMA_Init      stm32f4xx_hal_dma.o
    0x08003c68   0x08003c68   0x0000006e   Code   RO         2380    i.HAL_DMA_Start_IT  stm32f4xx_hal_dma.o
    0x08003cd6   0x08003cd6   0x00000002   PAD
    0x08003cd8   0x08003cd8   0x00000038   Code   RO         7394    i.HAL_GPIO_EXTI_Callback  bsp_gpio.o
    0x08003d10   0x08003d10   0x00000018   Code   RO         2262    i.HAL_GPIO_EXTI_IRQHandler  stm32f4xx_hal_gpio.o
    0x08003d28   0x08003d28   0x000001f0   Code   RO         2263    i.HAL_GPIO_Init     stm32f4xx_hal_gpio.o
    0x08003f18   0x08003f18   0x0000000a   Code   RO         2265    i.HAL_GPIO_ReadPin  stm32f4xx_hal_gpio.o
    0x08003f22   0x08003f22   0x00000010   Code   RO         2266    i.HAL_GPIO_TogglePin  stm32f4xx_hal_gpio.o
    0x08003f32   0x08003f32   0x0000000a   Code   RO         2267    i.HAL_GPIO_WritePin  stm32f4xx_hal_gpio.o
    0x08003f3c   0x08003f3c   0x0000000c   Code   RO         2813    i.HAL_GetTick       stm32f4xx_hal.o
    0x08003f48   0x08003f48   0x00000010   Code   RO         2819    i.HAL_IncTick       stm32f4xx_hal.o
    0x08003f58   0x08003f58   0x00000034   Code   RO         2820    i.HAL_Init          stm32f4xx_hal.o
    0x08003f8c   0x08003f8c   0x00000098   Code   RO          662    i.HAL_InitTick      stm32f4xx_hal_timebase_tim.o
    0x08004024   0x08004024   0x00000038   Code   RO          638    i.HAL_MspInit       stm32f4xx_hal_msp.o
    0x0800405c   0x0800405c   0x0000001a   Code   RO         2655    i.HAL_NVIC_EnableIRQ  stm32f4xx_hal_cortex.o
    0x08004076   0x08004076   0x00000002   PAD
    0x08004078   0x08004078   0x00000040   Code   RO         2661    i.HAL_NVIC_SetPriority  stm32f4xx_hal_cortex.o
    0x080040b8   0x080040b8   0x00000024   Code   RO         2662    i.HAL_NVIC_SetPriorityGrouping  stm32f4xx_hal_cortex.o
    0x080040dc   0x080040dc   0x00000134   Code   RO         1909    i.HAL_RCC_ClockConfig  stm32f4xx_hal_rcc.o
    0x08004210   0x08004210   0x00000040   Code   RO         1913    i.HAL_RCC_GetClockConfig  stm32f4xx_hal_rcc.o
    0x08004250   0x08004250   0x00000020   Code   RO         1916    i.HAL_RCC_GetPCLK1Freq  stm32f4xx_hal_rcc.o
    0x08004270   0x08004270   0x00000020   Code   RO         1917    i.HAL_RCC_GetPCLK2Freq  stm32f4xx_hal_rcc.o
    0x08004290   0x08004290   0x00000064   Code   RO         1918    i.HAL_RCC_GetSysClockFreq  stm32f4xx_hal_rcc.o
    0x080042f4   0x080042f4   0x0000036c   Code   RO         1921    i.HAL_RCC_OscConfig  stm32f4xx_hal_rcc.o
    0x08004660   0x08004660   0x00000002   Code   RO         1407    i.HAL_TIMEx_BreakCallback  stm32f4xx_hal_tim_ex.o
    0x08004662   0x08004662   0x00000002   Code   RO         1408    i.HAL_TIMEx_CommutCallback  stm32f4xx_hal_tim_ex.o
    0x08004664   0x08004664   0x00000054   Code   RO         1410    i.HAL_TIMEx_ConfigBreakDeadTime  stm32f4xx_hal_tim_ex.o
    0x080046b8   0x080046b8   0x00000090   Code   RO         1426    i.HAL_TIMEx_MasterConfigSynchronization  stm32f4xx_hal_tim_ex.o
    0x08004748   0x08004748   0x0000005a   Code   RO          703    i.HAL_TIM_Base_Init  stm32f4xx_hal_tim.o
    0x080047a2   0x080047a2   0x00000002   PAD
    0x080047a4   0x080047a4   0x00000044   Code   RO          425    i.HAL_TIM_Base_MspInit  tim.o
    0x080047e8   0x080047e8   0x00000078   Code   RO          706    i.HAL_TIM_Base_Start  stm32f4xx_hal_tim.o
    0x08004860   0x08004860   0x00000080   Code   RO          708    i.HAL_TIM_Base_Start_IT  stm32f4xx_hal_tim.o
    0x080048e0   0x080048e0   0x00000026   Code   RO          709    i.HAL_TIM_Base_Stop  stm32f4xx_hal_tim.o
    0x08004906   0x08004906   0x00000030   Code   RO          711    i.HAL_TIM_Base_Stop_IT  stm32f4xx_hal_tim.o
    0x08004936   0x08004936   0x000000dc   Code   RO          712    i.HAL_TIM_ConfigClockSource  stm32f4xx_hal_tim.o
    0x08004a12   0x08004a12   0x000000a4   Code   RO          724    i.HAL_TIM_Encoder_Init  stm32f4xx_hal_tim.o
    0x08004ab6   0x08004ab6   0x00000002   PAD
    0x08004ab8   0x08004ab8   0x000000a4   Code   RO          427    i.HAL_TIM_Encoder_MspInit  tim.o
    0x08004b5c   0x08004b5c   0x0000008e   Code   RO          727    i.HAL_TIM_Encoder_Start  stm32f4xx_hal_tim.o
    0x08004bea   0x08004bea   0x000000b6   Code   RO          729    i.HAL_TIM_Encoder_Start_IT  stm32f4xx_hal_tim.o
    0x08004ca0   0x08004ca0   0x00000066   Code   RO          730    i.HAL_TIM_Encoder_Stop  stm32f4xx_hal_tim.o
    0x08004d06   0x08004d06   0x00000090   Code   RO          732    i.HAL_TIM_Encoder_Stop_IT  stm32f4xx_hal_tim.o
    0x08004d96   0x08004d96   0x00000002   Code   RO          737    i.HAL_TIM_IC_CaptureCallback  stm32f4xx_hal_tim.o
    0x08004d98   0x08004d98   0x00000130   Code   RO          751    i.HAL_TIM_IRQHandler  stm32f4xx_hal_tim.o
    0x08004ec8   0x08004ec8   0x00000084   Code   RO          428    i.HAL_TIM_MspPostInit  tim.o
    0x08004f4c   0x08004f4c   0x00000002   Code   RO          754    i.HAL_TIM_OC_DelayElapsedCallback  stm32f4xx_hal_tim.o
    0x08004f4e   0x08004f4e   0x000000cc   Code   RO          775    i.HAL_TIM_PWM_ConfigChannel  stm32f4xx_hal_tim.o
    0x0800501a   0x0800501a   0x0000005a   Code   RO          778    i.HAL_TIM_PWM_Init  stm32f4xx_hal_tim.o
    0x08005074   0x08005074   0x00000002   Code   RO          780    i.HAL_TIM_PWM_MspInit  stm32f4xx_hal_tim.o
    0x08005076   0x08005076   0x00000002   PAD
    0x08005078   0x08005078   0x00000048   Code   RO         7616    i.HAL_TIM_PWM_PulseFinishedCallback  bsp_pwm.o
    0x080050c0   0x080050c0   0x000000c8   Code   RO          783    i.HAL_TIM_PWM_Start  stm32f4xx_hal_tim.o
    0x08005188   0x08005188   0x0000007c   Code   RO          786    i.HAL_TIM_PWM_Stop  stm32f4xx_hal_tim.o
    0x08005204   0x08005204   0x0000001a   Code   RO          119    i.HAL_TIM_PeriodElapsedCallback  main.o
    0x0800521e   0x0800521e   0x00000002   Code   RO          794    i.HAL_TIM_TriggerCallback  stm32f4xx_hal_tim.o
    0x08005220   0x08005220   0x00000004   Code   RO         3066    i.HAL_UARTEx_GetRxEventType  stm32f4xx_hal_uart.o
    0x08005224   0x08005224   0x0000004a   Code   RO         3068    i.HAL_UARTEx_ReceiveToIdle_DMA  stm32f4xx_hal_uart.o
    0x0800526e   0x0800526e   0x00000002   PAD
    0x08005270   0x08005270   0x000000e4   Code   RO         7851    i.HAL_UARTEx_RxEventCallback  bsp_usart.o
    0x08005354   0x08005354   0x00000068   Code   RO         7852    i.HAL_UART_ErrorCallback  bsp_usart.o
    0x080053bc   0x080053bc   0x00000280   Code   RO         3087    i.HAL_UART_IRQHandler  stm32f4xx_hal_uart.o
    0x0800563c   0x0800563c   0x00000064   Code   RO         3088    i.HAL_UART_Init     stm32f4xx_hal_uart.o
    0x080056a0   0x080056a0   0x000000b4   Code   RO          503    i.HAL_UART_MspInit  usart.o
    0x08005754   0x08005754   0x00000002   Code   RO         3094    i.HAL_UART_RxCpltCallback  stm32f4xx_hal_uart.o
    0x08005756   0x08005756   0x00000002   Code   RO         3095    i.HAL_UART_RxHalfCpltCallback  stm32f4xx_hal_uart.o
    0x08005758   0x08005758   0x000000a0   Code   RO         3096    i.HAL_UART_Transmit  stm32f4xx_hal_uart.o
    0x080057f8   0x080057f8   0x00000002   Code   RO         3099    i.HAL_UART_TxCpltCallback  stm32f4xx_hal_uart.o
    0x080057fa   0x080057fa   0x00000002   Code   RO          550    i.HardFault_Handler  stm32f4xx_it.o
    0x080057fc   0x080057fc   0x00000118   Code   RO         7451    i.IICRegister       bsp_iic.o
    0x08005914   0x08005914   0x0000001c   Code   RO         7454    i.IICSoftConfigIsValid  bsp_iic.o
    0x08005930   0x08005930   0x0000001e   Code   RO         7455    i.IICSoftDelay      bsp_iic.o
    0x0800594e   0x0800594e   0x00000002   PAD
    0x08005950   0x08005950   0x000000f4   Code   RO         7456    i.IICSoftEnableGPIOClock  bsp_iic.o
    0x08005a44   0x08005a44   0x00000034   Code   RO         7457    i.IICSoftInitGPIOPin  bsp_iic.o
    0x08005a78   0x08005a78   0x0000003c   Code   RO         7458    i.IICSoftReadBit    bsp_iic.o
    0x08005ab4   0x08005ab4   0x00000032   Code   RO         7460    i.IICSoftStart      bsp_iic.o
    0x08005ae6   0x08005ae6   0x00000030   Code   RO         7461    i.IICSoftStop       bsp_iic.o
    0x08005b16   0x08005b16   0x0000002c   Code   RO         7462    i.IICSoftWriteBit   bsp_iic.o
    0x08005b42   0x08005b42   0x0000002e   Code   RO         7463    i.IICSoftWriteByte  bsp_iic.o
    0x08005b70   0x08005b70   0x0000000c   Code   RO         7464    i.IICSoftWriteSCL   bsp_iic.o
    0x08005b7c   0x08005b7c   0x0000000c   Code   RO         7465    i.IICSoftWriteSDA   bsp_iic.o
    0x08005b88   0x08005b88   0x0000005a   Code   RO         7466    i.IICTransmit       bsp_iic.o
    0x08005be2   0x08005be2   0x00000002   PAD
    0x08005be4   0x08005be4   0x0000004c   Code   RO         5962    i.ImuBindMethods    imu_driver.o
    0x08005c30   0x08005c30   0x00000024   Code   RO         5963    i.ImuGetAccel       imu_driver.o
    0x08005c54   0x08005c54   0x00000024   Code   RO         5964    i.ImuGetAngle       imu_driver.o
    0x08005c78   0x08005c78   0x00000026   Code   RO         5965    i.ImuGetData        imu_driver.o
    0x08005c9e   0x08005c9e   0x00000024   Code   RO         5966    i.ImuGetGyro        imu_driver.o
    0x08005cc2   0x08005cc2   0x00000024   Code   RO         5967    i.ImuGetQuaternion  imu_driver.o
    0x08005ce6   0x08005ce6   0x00000002   PAD
    0x08005ce8   0x08005ce8   0x000000f0   Code   RO         5968    i.ImuInit           imu_driver.o
    0x08005dd8   0x08005dd8   0x00000062   Code   RO         5969    i.ImuMahonySolverInit  imu_driver.o
    0x08005e3a   0x08005e3a   0x00000080   Code   RO         5970    i.ImuMahonySolverUpdate  imu_driver.o
    0x08005eba   0x08005eba   0x000000c6   Code   RO         5971    i.ImuProcess        imu_driver.o
    0x08005f80   0x08005f80   0x00000036   Code   RO         5972    i.ImuProtocolIsValid  imu_driver.o
    0x08005fb6   0x08005fb6   0x0000002e   Code   RO         5975    i.ImuQueueDataSize  imu_driver.o
    0x08005fe4   0x08005fe4   0x0000002e   Code   RO         5976    i.ImuQueueDiscard   imu_driver.o
    0x08006012   0x08006012   0x0000003a   Code   RO         5977    i.ImuQueueMatches   imu_driver.o
    0x0800604c   0x0800604c   0x0000000c   Code   RO         5978    i.ImuQueueNextIndex  imu_driver.o
    0x08006058   0x08006058   0x00000036   Code   RO         5979    i.ImuQueuePeek      imu_driver.o
    0x0800608e   0x0800608e   0x00000002   PAD
    0x08006090   0x08006090   0x0000009c   Code   RO         5980    i.ImuUARTCallback   imu_driver.o
    0x0800612c   0x0800612c   0x0000001c   Code   RO         6148    i.KeyClearEvent     key_driver.o
    0x08006148   0x08006148   0x00000030   Code   RO         6149    i.KeyGetData        key_driver.o
    0x08006178   0x08006178   0x0000000e   Code   RO         6150    i.KeyGetLastEvent   key_driver.o
    0x08006186   0x08006186   0x00000070   Code   RO         6151    i.KeyGpioCallback   key_driver.o
    0x080061f6   0x080061f6   0x00000002   PAD
    0x080061f8   0x080061f8   0x000000c4   Code   RO         6152    i.KeyInit           key_driver.o
    0x080062bc   0x080062bc   0x00000018   Code   RO         6153    i.KeyRead           key_driver.o
    0x080062d4   0x080062d4   0x0000001c   Code   RO         6154    i.KeySetCallback    key_driver.o
    0x080062f0   0x080062f0   0x00000020   Code   RO         6155    i.KeySyncData       key_driver.o
    0x08006310   0x08006310   0x00000020   Code   RO         6218    i.LedGetData        led_driver.o
    0x08006330   0x08006330   0x000000c0   Code   RO         6219    i.LedInit           led_driver.o
    0x080063f0   0x080063f0   0x00000006   Code   RO         6220    i.LedOff            led_driver.o
    0x080063f6   0x080063f6   0x00000006   Code   RO         6221    i.LedOn             led_driver.o
    0x080063fc   0x080063fc   0x00000018   Code   RO         6222    i.LedRead           led_driver.o
    0x08006414   0x08006414   0x00000016   Code   RO         6223    i.LedStateToPinState  led_driver.o
    0x0800642a   0x0800642a   0x00000020   Code   RO         6224    i.LedSyncData       led_driver.o
    0x0800644a   0x0800644a   0x00000024   Code   RO         6225    i.LedToggle         led_driver.o
    0x0800646e   0x0800646e   0x0000002e   Code   RO         6226    i.LedWrite          led_driver.o
    0x0800649c   0x0800649c   0x00000048   Code   RO          360    i.MX_CAN2_Init      can.o
    0x080064e4   0x080064e4   0x0000002c   Code   RO          400    i.MX_DMA_Init       dma.o
    0x08006510   0x08006510   0x00000024   Code   RO          316    i.MX_FREERTOS_Init  freertos.o
    0x08006534   0x08006534   0x00000150   Code   RO          292    i.MX_GPIO_Init      gpio.o
    0x08006684   0x08006684   0x000000fc   Code   RO          429    i.MX_TIM1_Init      tim.o
    0x08006780   0x08006780   0x0000006c   Code   RO          430    i.MX_TIM3_Init      tim.o
    0x080067ec   0x080067ec   0x0000006c   Code   RO          431    i.MX_TIM4_Init      tim.o
    0x08006858   0x08006858   0x000000a8   Code   RO          432    i.MX_TIM5_Init      tim.o
    0x08006900   0x08006900   0x00000038   Code   RO          504    i.MX_USART1_UART_Init  usart.o
    0x08006938   0x08006938   0x000000d0   Code   RO         5519    i.MahonyAhrsGetEulerDegrees  mahony_ahrs.o
    0x08006a08   0x08006a08   0x00000088   Code   RO         5520    i.MahonyAhrsInit    mahony_ahrs.o
    0x08006a90   0x08006a90   0x000001e0   Code   RO         5521    i.MahonyAhrsUpdate  mahony_ahrs.o
    0x08006c70   0x08006c70   0x00000002   Code   RO          551    i.MemManage_Handler  stm32f4xx_it.o
    0x08006c72   0x08006c72   0x000000bc   Code   RO         6109    i.Mg354pdh0ApplyGyroCalibration  mg354pdh0_driver.o
    0x08006d2e   0x08006d2e   0x00000002   PAD
    0x08006d30   0x08006d30   0x00000044   Code   RO         6110    i.Mg354pdh0DeviceInit  mg354pdh0_driver.o
    0x08006d74   0x08006d74   0x000000dc   Code   RO         6111    i.Mg354pdh0FrameParse  mg354pdh0_driver.o
    0x08006e50   0x08006e50   0x00000114   Code   RO         6291    i.MotorApplyReductionOutput  motor_driver.o
    0x08006f64   0x08006f64   0x0000001c   Code   RO         6292    i.MotorGetData      motor_driver.o
    0x08006f80   0x08006f80   0x00000012   Code   RO         6293    i.MotorGpioConfigIsValid  motor_driver.o
    0x08006f92   0x08006f92   0x00000002   PAD
    0x08006f94   0x08006f94   0x0000013c   Code   RO         6294    i.MotorInit         motor_driver.o
    0x080070d0   0x080070d0   0x000000d0   Code   RO         6295    i.MotorNormalizeConfig  motor_driver.o
    0x080071a0   0x080071a0   0x0000002c   Code   RO         6296    i.MotorPwmConfigIsValid  motor_driver.o
    0x080071cc   0x080071cc   0x00000088   Code   RO         6297    i.MotorRegisterPwm  motor_driver.o
    0x08007254   0x08007254   0x00000074   Code   RO         6298    i.MotorSetAngle     motor_driver.o
    0x080072c8   0x080072c8   0x0000001a   Code   RO         6299    i.MotorSetOutput    motor_driver.o
    0x080072e2   0x080072e2   0x00000016   Code   RO         6300    i.MotorSetSpeed     motor_driver.o
    0x080072f8   0x080072f8   0x00000046   Code   RO         6301    i.MotorStart        motor_driver.o
    0x0800733e   0x0800733e   0x00000002   PAD
    0x08007340   0x08007340   0x00000078   Code   RO         6302    i.MotorStop         motor_driver.o
    0x080073b8   0x080073b8   0x0000002c   Code   RO         6303    i.MotorSyncEncoderData  motor_driver.o
    0x080073e4   0x080073e4   0x00000076   Code   RO         6304    i.MotorTb6612ApplyDirection  motor_driver.o
    0x0800745a   0x0800745a   0x0000001c   Code   RO         6305    i.MotorTb6612SetStandby  motor_driver.o
    0x08007476   0x08007476   0x00000020   Code   RO         6306    i.MotorUpdate       motor_driver.o
    0x08007496   0x08007496   0x0000001e   Code   RO         6307    i.MotorWriteGpio    motor_driver.o
    0x080074b4   0x080074b4   0x00000002   Code   RO          552    i.NMI_Handler       stm32f4xx_it.o
    0x080074b6   0x080074b6   0x00000056   Code   RO         6410    i.OledAppendUnsigned  oled_driver.o
    0x0800750c   0x0800750c   0x000000b0   Code   RO         6411    i.OledBindMethods   oled_driver.o
    0x080075bc   0x080075bc   0x0000001e   Code   RO         6412    i.OledClear         oled_driver.o
    0x080075da   0x080075da   0x0000004a   Code   RO         6413    i.OledConfigIsValid  oled_driver.o
    0x08007624   0x08007624   0x000000bc   Code   RO         6414    i.OledDrawChar      oled_driver.o
    0x080076e0   0x080076e0   0x0000002a   Code   RO         6415    i.OledDrawFloat     oled_driver.o
    0x0800770a   0x0800770a   0x00000046   Code   RO         6416    i.OledDrawInt       oled_driver.o
    0x08007750   0x08007750   0x0000005a   Code   RO         6417    i.OledDrawPixel     oled_driver.o
    0x080077aa   0x080077aa   0x00000002   PAD
    0x080077ac   0x080077ac   0x0000004e   Code   RO         6418    i.OledDrawRect      oled_driver.o
    0x080077fa   0x080077fa   0x0000006e   Code   RO         6419    i.OledDrawString    oled_driver.o
    0x08007868   0x08007868   0x0000006c   Code   RO         6420    i.OledFill          oled_driver.o
    0x080078d4   0x080078d4   0x000000ea   Code   RO         6421    i.OledFormatFloat   oled_driver.o
    0x080079be   0x080079be   0x00000016   Code   RO         6422    i.OledGetData       oled_driver.o
    0x080079d4   0x080079d4   0x000001b0   Code   RO         6423    i.OledInit          oled_driver.o
    0x08007b84   0x08007b84   0x000000cc   Code   RO         6424    i.OledRefresh       oled_driver.o
    0x08007c50   0x08007c50   0x00000028   Code   RO         6425    i.OledRefreshAll    oled_driver.o
    0x08007c78   0x08007c78   0x00000024   Code   RO         6426    i.OledSetDisplay    oled_driver.o
    0x08007c9c   0x08007c9c   0x00000024   Code   RO         6427    i.OledSetInverted   oled_driver.o
    0x08007cc0   0x08007cc0   0x0000001e   Code   RO         6428    i.OledShowFloat     oled_driver.o
    0x08007cde   0x08007cde   0x0000001e   Code   RO         6429    i.OledShowInt       oled_driver.o
    0x08007cfc   0x08007cfc   0x00000020   Code   RO         6430    i.OledShowString    oled_driver.o
    0x08007d1c   0x08007d1c   0x00000026   Code   RO         6431    i.OledWriteCommand  oled_driver.o
    0x08007d42   0x08007d42   0x00000020   Code   RO         7617    i.PWMClamp          bsp_pwm.o
    0x08007d62   0x08007d62   0x00000002   PAD
    0x08007d64   0x08007d64   0x000000e4   Code   RO         7620    i.PWMRegister       bsp_pwm.o
    0x08007e48   0x08007e48   0x00000068   Code   RO         7621    i.PWMSelectTclk     bsp_pwm.o
    0x08007eb0   0x08007eb0   0x0000005c   Code   RO         7622    i.PWMSetDutyRatio   bsp_pwm.o
    0x08007f0c   0x08007f0c   0x00000052   Code   RO         7623    i.PWMSetPeriod      bsp_pwm.o
    0x08007f5e   0x08007f5e   0x00000020   Code   RO         7624    i.PWMSetPulseWidth  bsp_pwm.o
    0x08007f7e   0x08007f7e   0x0000000c   Code   RO         7625    i.PWMStart          bsp_pwm.o
    0x08007f8a   0x08007f8a   0x0000000c   Code   RO         7627    i.PWMStop           bsp_pwm.o
    0x08007f96   0x08007f96   0x00000002   PAD
    0x08007f98   0x08007f98   0x00000048   Code   RO         6558    i.PidApplyIntegralLimit  pid.o
    0x08007fe0   0x08007fe0   0x00000018   Code   RO         6559    i.PidApplyOutputLimit  pid.o
    0x08007ff8   0x08007ff8   0x00000138   Code   RO         6560    i.PidCalculate      pid.o
    0x08008130   0x08008130   0x00000018   Code   RO         6561    i.PidGetData        pid.o
    0x08008148   0x08008148   0x000000b0   Code   RO         6562    i.PidInit           pid.o
    0x080081f8   0x080081f8   0x0000000e   Code   RO         6563    i.PidReset          pid.o
    0x08008206   0x08008206   0x00000026   Code   RO         6564    i.PidSetIntegralLimit  pid.o
    0x0800822c   0x0800822c   0x00000032   Code   RO         6565    i.PidSetOutputLimit  pid.o
    0x0800825e   0x0800825e   0x00000012   Code   RO         6566    i.PidSetParam       pid.o
    0x08008270   0x08008270   0x00000010   Code   RO         6567    i.PidSetTarget      pid.o
    0x08008280   0x08008280   0x00000012   Code   RO         7567    i.PrintLog          bsp_log.o
    0x08008292   0x08008292   0x00000028   Code   RO         7568    i.PrintLogV         bsp_log.o
    0x080082ba   0x080082ba   0x00000002   PAD
    0x080082bc   0x080082bc   0x00000038   Code   RO         8003    i.SEGGER_RTT_Write  segger_rtt.o
    0x080082f4   0x080082f4   0x0000005c   Code   RO         8004    i.SEGGER_RTT_WriteNoLock  segger_rtt.o
    0x08008350   0x08008350   0x0000001a   Code   RO         8006    i.SEGGER_RTT_WriteString  segger_rtt.o
    0x0800836a   0x0800836a   0x00000008   Code   RO          317    i.StartDefaultTask  freertos.o
    0x08008372   0x08008372   0x0000001a   Code   RO         4569    i.SysTick_Handler   cmsis_os2.o
    0x0800838c   0x0800838c   0x00000094   Code   RO          120    i.SystemClock_Config  main.o
    0x08008420   0x08008420   0x00000010   Code   RO         3422    i.SystemInit        system_stm32f4xx.o
    0x08008430   0x08008430   0x0000000c   Code   RO          553    i.TIM2_IRQHandler   stm32f4xx_it.o
    0x0800843c   0x0800843c   0x00000010   Code   RO         7768    i.TIMGetCounter     bsp_tim.o
    0x0800844c   0x0800844c   0x00000082   Code   RO         7769    i.TIMGetDelta       bsp_tim.o
    0x080084ce   0x080084ce   0x00000002   PAD
    0x080084d0   0x080084d0   0x00000040   Code   RO         7771    i.TIMPeriodElapsedCallback  bsp_tim.o
    0x08008510   0x08008510   0x000000c4   Code   RO         7772    i.TIMRegister       bsp_tim.o
    0x080085d4   0x080085d4   0x00000012   Code   RO         7774    i.TIMSetCounter     bsp_tim.o
    0x080085e6   0x080085e6   0x00000040   Code   RO         7775    i.TIMStart          bsp_tim.o
    0x08008626   0x08008626   0x00000040   Code   RO         7776    i.TIMStop           bsp_tim.o
    0x08008666   0x08008666   0x00000002   PAD
    0x08008668   0x08008668   0x000000d0   Code   RO          796    i.TIM_Base_SetConfig  stm32f4xx_hal_tim.o
    0x08008738   0x08008738   0x0000001a   Code   RO          797    i.TIM_CCxChannelCmd  stm32f4xx_hal_tim.o
    0x08008752   0x08008752   0x00000014   Code   RO          807    i.TIM_ETR_SetConfig  stm32f4xx_hal_tim.o
    0x08008766   0x08008766   0x00000010   Code   RO          808    i.TIM_ITRx_SetConfig  stm32f4xx_hal_tim.o
    0x08008776   0x08008776   0x00000002   PAD
    0x08008778   0x08008778   0x00000060   Code   RO          809    i.TIM_OC1_SetConfig  stm32f4xx_hal_tim.o
    0x080087d8   0x080087d8   0x0000006c   Code   RO          810    i.TIM_OC2_SetConfig  stm32f4xx_hal_tim.o
    0x08008844   0x08008844   0x00000068   Code   RO          811    i.TIM_OC3_SetConfig  stm32f4xx_hal_tim.o
    0x080088ac   0x080088ac   0x00000050   Code   RO          812    i.TIM_OC4_SetConfig  stm32f4xx_hal_tim.o
    0x080088fc   0x080088fc   0x00000022   Code   RO          814    i.TIM_TI1_ConfigInputStage  stm32f4xx_hal_tim.o
    0x0800891e   0x0800891e   0x00000024   Code   RO          816    i.TIM_TI2_ConfigInputStage  stm32f4xx_hal_tim.o
    0x08008942   0x08008942   0x0000000e   Code   RO         3101    i.UART_DMAAbortOnError  stm32f4xx_hal_uart.o
    0x08008950   0x08008950   0x0000004a   Code   RO         3102    i.UART_DMAError     stm32f4xx_hal_uart.o
    0x0800899a   0x0800899a   0x00000086   Code   RO         3103    i.UART_DMAReceiveCplt  stm32f4xx_hal_uart.o
    0x08008a20   0x08008a20   0x0000001e   Code   RO         3105    i.UART_DMARxHalfCplt  stm32f4xx_hal_uart.o
    0x08008a3e   0x08008a3e   0x0000004e   Code   RO         3111    i.UART_EndRxTransfer  stm32f4xx_hal_uart.o
    0x08008a8c   0x08008a8c   0x0000001c   Code   RO         3112    i.UART_EndTxTransfer  stm32f4xx_hal_uart.o
    0x08008aa8   0x08008aa8   0x000000c2   Code   RO         3113    i.UART_Receive_IT   stm32f4xx_hal_uart.o
    0x08008b6a   0x08008b6a   0x00000002   PAD
    0x08008b6c   0x08008b6c   0x0000010c   Code   RO         3114    i.UART_SetConfig    stm32f4xx_hal_uart.o
    0x08008c78   0x08008c78   0x000000a0   Code   RO         3115    i.UART_Start_Receive_DMA  stm32f4xx_hal_uart.o
    0x08008d18   0x08008d18   0x00000072   Code   RO         3117    i.UART_WaitOnFlagUntilTimeout  stm32f4xx_hal_uart.o
    0x08008d8a   0x08008d8a   0x00000002   PAD
    0x08008d8c   0x08008d8c   0x0000000c   Code   RO          554    i.USART1_IRQHandler  stm32f4xx_it.o
    0x08008d98   0x08008d98   0x00000168   Code   RO         7854    i.USARTRegister     bsp_usart.o
    0x08008f00   0x08008f00   0x0000001c   Code   RO         7856    i.USARTSendBlocking  bsp_usart.o
    0x08008f1c   0x08008f1c   0x00000034   Code   RO         7857    i.USARTServiceInit  bsp_usart.o
    0x08008f50   0x08008f50   0x00000002   Code   RO          555    i.UsageFault_Handler  stm32f4xx_it.o
    0x08008f52   0x08008f52   0x0000003e   Code   RO         6628    i.WheelApplyMotorOutput  wheel_driver.o
    0x08008f90   0x08008f90   0x00000028   Code   RO         6629    i.WheelGetData      wheel_driver.o
    0x08008fb8   0x08008fb8   0x00000014   Code   RO         6630    i.WheelGetDirectionSign  wheel_driver.o
    0x08008fcc   0x08008fcc   0x00000188   Code   RO         6631    i.WheelInit         wheel_driver.o
    0x08009154   0x08009154   0x00000034   Code   RO         6632    i.WheelResetOdometry  wheel_driver.o
    0x08009188   0x08009188   0x00000018   Code   RO         6633    i.WheelSetAngularSpeed  wheel_driver.o
    0x080091a0   0x080091a0   0x000000a4   Code   RO         6634    i.WheelSetLinearSpeed  wheel_driver.o
    0x08009244   0x08009244   0x00000024   Code   RO         6635    i.WheelStart        wheel_driver.o
    0x08009268   0x08009268   0x0000003c   Code   RO         6636    i.WheelStop         wheel_driver.o
    0x080092a4   0x080092a4   0x000000d4   Code   RO         6637    i.WheelSyncData     wheel_driver.o
    0x08009378   0x08009378   0x000000b8   Code   RO         6638    i.WheelUpdate       wheel_driver.o
    0x08009430   0x08009430   0x00000094   Code   RO         6718    i.Zdt42BindMethods  zhangdatou_42.o
    0x080094c4   0x080094c4   0x0000011c   Code   RO         6719    i.Zdt42CanCallback  zhangdatou_42.o
    0x080095e0   0x080095e0   0x0000002a   Code   RO         6720    i.Zdt42ClearFault   zhangdatou_42.o
    0x0800960a   0x0800960a   0x00000032   Code   RO         6721    i.Zdt42Enable       zhangdatou_42.o
    0x0800963c   0x0800963c   0x00000026   Code   RO         6722    i.Zdt42GetData      zhangdatou_42.o
    0x08009662   0x08009662   0x00000030   Code   RO         6723    i.Zdt42Home         zhangdatou_42.o
    0x08009692   0x08009692   0x00000002   PAD
    0x08009694   0x08009694   0x000000a8   Code   RO         6724    i.Zdt42Init         zhangdatou_42.o
    0x0800973c   0x0800973c   0x0000002a   Code   RO         6725    i.Zdt42InterruptHome  zhangdatou_42.o
    0x08009766   0x08009766   0x0000006e   Code   RO         6726    i.Zdt42MovePosition  zhangdatou_42.o
    0x080097d4   0x080097d4   0x0000003a   Code   RO         6727    i.Zdt42MoveQuick    zhangdatou_42.o
    0x0800980e   0x0800980e   0x00000022   Code   RO         6728    i.Zdt42ReadParameter  zhangdatou_42.o
    0x08009830   0x08009830   0x0000002a   Code   RO         6729    i.Zdt42ResetPosition  zhangdatou_42.o
    0x0800985a   0x0800985a   0x000000ae   Code   RO         6730    i.Zdt42SendRaw      zhangdatou_42.o
    0x08009908   0x08009908   0x00000038   Code   RO         6731    i.Zdt42SetAutoReturn  zhangdatou_42.o
    0x08009940   0x08009940   0x0000001c   Code   RO         6732    i.Zdt42SetCallback  zhangdatou_42.o
    0x0800995c   0x0800995c   0x0000002e   Code   RO         6733    i.Zdt42SetOrigin    zhangdatou_42.o
    0x0800998a   0x0800998a   0x0000004a   Code   RO         6734    i.Zdt42SetQuickPosition  zhangdatou_42.o
    0x080099d4   0x080099d4   0x000000a0   Code   RO         6735    i.Zdt42SetSpeed     zhangdatou_42.o
    0x08009a74   0x08009a74   0x0000002e   Code   RO         6736    i.Zdt42Stop         zhangdatou_42.o
    0x08009aa2   0x08009aa2   0x0000002a   Code   RO         6737    i.Zdt42TriggerSync  zhangdatou_42.o
    0x08009acc   0x08009acc   0x00000068   Code   RO         8008    i._DoInit           segger_rtt.o
    0x08009b34   0x08009b34   0x00000016   Code   RO         8009    i._GetAvailWriteSpace  segger_rtt.o
    0x08009b4a   0x08009b4a   0x0000005a   Code   RO         8011    i._WriteBlocking    segger_rtt.o
    0x08009ba4   0x08009ba4   0x00000042   Code   RO         8012    i._WriteNoCheck     segger_rtt.o
    0x08009be6   0x08009be6   0x00000030   Code   RO         8782    i.__ARM_fpclassify  m_wm.l(fpclassify.o)
    0x08009c16   0x08009c16   0x00000026   Code   RO         8637    i.__ARM_fpclassifyf  m_wm.l(fpclassifyf.o)
    0x08009c3c   0x08009c3c   0x00000020   Code   RO         2668    i.__NVIC_SetPriority  stm32f4xx_hal_cortex.o
    0x08009c5c   0x08009c5c   0x0000012c   Code   RO         8439    i.__hardfp_asinf    m_wm.l(asinf.o)
    0x08009d88   0x08009d88   0x00000250   Code   RO         8451    i.__hardfp_atan2f   m_wm.l(atan2f.o)
    0x08009fd8   0x08009fd8   0x0000003a   Code   RO         8463    i.__hardfp_sqrtf    m_wm.l(sqrtf.o)
    0x0800a012   0x0800a012   0x00000006   Code   RO         8640    i.__mathlib_flt_infnan  m_wm.l(funder.o)
    0x0800a018   0x0800a018   0x00000006   Code   RO         8641    i.__mathlib_flt_infnan2  m_wm.l(funder.o)
    0x0800a01e   0x0800a01e   0x00000002   PAD
    0x0800a020   0x0800a020   0x00000010   Code   RO         8642    i.__mathlib_flt_invalid  m_wm.l(funder.o)
    0x0800a030   0x0800a030   0x00000010   Code   RO         8645    i.__mathlib_flt_underflow  m_wm.l(funder.o)
    0x0800a040   0x0800a040   0x0000000e   Code   RO         8385    i._is_digit         c_w.l(__printf_wp.o)
    0x0800a04e   0x0800a04e   0x00000002   PAD
    0x0800a050   0x0800a050   0x00000030   Code   RO           14    i._mutex_acquire    armlib_lock_glue.o
    0x0800a080   0x0800a080   0x0000002c   Code   RO           15    i._mutex_free       armlib_lock_glue.o
    0x0800a0ac   0x0800a0ac   0x00000058   Code   RO           16    i._mutex_initialize  armlib_lock_glue.o
    0x0800a104   0x0800a104   0x00000030   Code   RO           17    i._mutex_release    armlib_lock_glue.o
    0x0800a134   0x0800a134   0x00000020   Code   RO         5645    i.float_constrain   user_lib.o
    0x0800a154   0x0800a154   0x0000002e   Code   RO         7091    i.imuParseTask      robot.o
    0x0800a182   0x0800a182   0x00000002   PAD
    0x0800a184   0x0800a184   0x00000018   Code   RO         7092    i.keyEventCallback  robot.o
    0x0800a19c   0x0800a19c   0x00000036   Code   RO          121    i.main              main.o
    0x0800a1d2   0x0800a1d2   0x00000002   Code   RO         7093    i.oledTask          robot.o
    0x0800a1d4   0x0800a1d4   0x0000001a   Code   RO         4571    i.osDelay           cmsis_os2.o
    0x0800a1ee   0x0800a1ee   0x0000000e   Code   RO         4583    i.osKernelGetTickCount  cmsis_os2.o
    0x0800a1fc   0x0800a1fc   0x00000024   Code   RO         4585    i.osKernelInitialize  cmsis_os2.o
    0x0800a220   0x0800a220   0x00000038   Code   RO         4588    i.osKernelStart     cmsis_os2.o
    0x0800a258   0x0800a258   0x00000008   Code   RO         4619    i.osThreadExit      cmsis_os2.o
    0x0800a260   0x0800a260   0x0000008a   Code   RO         4630    i.osThreadNew       cmsis_os2.o
    0x0800a2ea   0x0800a2ea   0x00000002   PAD
    0x0800a2ec   0x0800a2ec   0x0000005c   Code   RO         4030    i.prvAddCurrentTaskToDelayedList  tasks.o
    0x0800a348   0x0800a348   0x000000d0   Code   RO         4031    i.prvAddNewTaskToReadyList  tasks.o
    0x0800a418   0x0800a418   0x00000058   Code   RO         4395    i.prvCheckForValidListAndQueue  timers.o
    0x0800a470   0x0800a470   0x00000026   Code   RO         3627    i.prvCopyDataFromQueue  queue.o
    0x0800a496   0x0800a496   0x0000006c   Code   RO         3628    i.prvCopyDataToQueue  queue.o
    0x0800a502   0x0800a502   0x00000034   Code   RO         4032    i.prvDeleteTCB      tasks.o
    0x0800a536   0x0800a536   0x00000002   PAD
    0x0800a538   0x0800a538   0x0000004c   Code   RO         5082    i.prvHeapInit       heap_4.o
    0x0800a584   0x0800a584   0x00000060   Code   RO         4033    i.prvIdleTask       tasks.o
    0x0800a5e4   0x0800a5e4   0x00000022   Code   RO         3630    i.prvInitialiseNewQueue  queue.o
    0x0800a606   0x0800a606   0x00000002   PAD
    0x0800a608   0x0800a608   0x000000b0   Code   RO         4034    i.prvInitialiseNewTask  tasks.o
    0x0800a6b8   0x0800a6b8   0x0000004c   Code   RO         5083    i.prvInsertBlockIntoFreeList  heap_4.o
    0x0800a704   0x0800a704   0x00000038   Code   RO         4397    i.prvInsertTimerInActiveList  timers.o
    0x0800a73c   0x0800a73c   0x0000001c   Code   RO         3631    i.prvIsQueueEmpty   queue.o
    0x0800a758   0x0800a758   0x000000fc   Code   RO         4398    i.prvProcessReceivedCommands  timers.o
    0x0800a854   0x0800a854   0x000000c0   Code   RO         4399    i.prvProcessTimerOrBlockTask  timers.o
    0x0800a914   0x0800a914   0x00000020   Code   RO         4036    i.prvResetNextTaskUnblockTime  tasks.o
    0x0800a934   0x0800a934   0x00000028   Code   RO         4400    i.prvSampleTimeNow  timers.o
    0x0800a95c   0x0800a95c   0x0000006c   Code   RO         4401    i.prvSwitchTimerLists  timers.o
    0x0800a9c8   0x0800a9c8   0x00000028   Code   RO         5138    i.prvTaskExitError  port.o
    0x0800a9f0   0x0800a9f0   0x00000024   Code   RO         4402    i.prvTimerTask      timers.o
    0x0800aa14   0x0800aa14   0x0000006a   Code   RO         3632    i.prvUnlockQueue    queue.o
    0x0800aa7e   0x0800aa7e   0x00000002   PAD
    0x0800aa80   0x0800aa80   0x000000dc   Code   RO         5084    i.pvPortMalloc      heap_4.o
    0x0800ab5c   0x0800ab5c   0x0000002c   Code   RO         5139    i.pxPortInitialiseStack  port.o
    0x0800ab88   0x0800ab88   0x000001a4   Code   RO         7094    i.robotInit         robot.o
    0x0800ad2c   0x0800ad2c   0x0000003e   Code   RO         8465    i.sqrtf             m_wm.l(sqrtf.o)
    0x0800ad6a   0x0800ad6a   0x0000003c   Code   RO           18    i.stm32_lock_acquire  armlib_lock_glue.o
    0x0800ada6   0x0800ada6   0x00000002   PAD
    0x0800ada8   0x0800ada8   0x00000032   Code   RO           19    i.stm32_lock_release  armlib_lock_glue.o
    0x0800adda   0x0800adda   0x00000002   PAD
    0x0800addc   0x0800addc   0x00000140   Code   RO         7095    i.testTask          robot.o
    0x0800af1c   0x0800af1c   0x00000026   Code   RO         3587    i.uxListRemove      list.o
    0x0800af42   0x0800af42   0x00000002   PAD
    0x0800af44   0x0800af44   0x00000014   Code   RO         4642    i.vApplicationGetIdleTaskMemory  cmsis_os2.o
    0x0800af58   0x0800af58   0x00000018   Code   RO         4643    i.vApplicationGetTimerTaskMemory  cmsis_os2.o
    0x0800af70   0x0800af70   0x00000016   Code   RO         3588    i.vListInitialise   list.o
    0x0800af86   0x0800af86   0x00000006   Code   RO         3589    i.vListInitialiseItem  list.o
    0x0800af8c   0x0800af8c   0x00000030   Code   RO         3590    i.vListInsert       list.o
    0x0800afbc   0x0800afbc   0x00000018   Code   RO         3591    i.vListInsertEnd    list.o
    0x0800afd4   0x0800afd4   0x00000040   Code   RO         5141    i.vPortEnterCritical  port.o
    0x0800b014   0x0800b014   0x00000028   Code   RO         5142    i.vPortExitCritical  port.o
    0x0800b03c   0x0800b03c   0x00000064   Code   RO         5085    i.vPortFree         heap_4.o
    0x0800b0a0   0x0800b0a0   0x00000024   Code   RO         5143    i.vPortSetupTimerInterrupt  port.o
    0x0800b0c4   0x0800b0c4   0x00000054   Code   RO         5144    i.vPortValidateInterruptPriority  port.o
    0x0800b118   0x0800b118   0x00000028   Code   RO         3638    i.vQueueAddToRegistry  queue.o
    0x0800b140   0x0800b140   0x00000044   Code   RO         3642    i.vQueueWaitForMessageRestricted  queue.o
    0x0800b184   0x0800b184   0x0000004c   Code   RO         4049    i.vTaskDelay        tasks.o
    0x0800b1d0   0x0800b1d0   0x00000090   Code   RO         4051    i.vTaskDelete       tasks.o
    0x0800b260   0x0800b260   0x00000010   Code   RO         4054    i.vTaskInternalSetTimeOutState  tasks.o
    0x0800b270   0x0800b270   0x0000000c   Code   RO         4055    i.vTaskMissedYield  tasks.o
    0x0800b27c   0x0800b27c   0x00000030   Code   RO         4057    i.vTaskPlaceOnEventList  tasks.o
    0x0800b2ac   0x0800b2ac   0x00000038   Code   RO         4058    i.vTaskPlaceOnEventListRestricted  tasks.o
    0x0800b2e4   0x0800b2e4   0x00000088   Code   RO         4066    i.vTaskStartScheduler  tasks.o
    0x0800b36c   0x0800b36c   0x00000010   Code   RO         4068    i.vTaskSuspendAll   tasks.o
    0x0800b37c   0x0800b37c   0x00000064   Code   RO         4069    i.vTaskSwitchContext  tasks.o
    0x0800b3e0   0x0800b3e0   0x000000f4   Code   RO         5145    i.xPortStartScheduler  port.o
    0x0800b4d4   0x0800b4d4   0x0000002c   Code   RO         5146    i.xPortSysTickHandler  port.o
    0x0800b500   0x0800b500   0x00000066   Code   RO         3648    i.xQueueGenericCreateStatic  queue.o
    0x0800b566   0x0800b566   0x00000002   PAD
    0x0800b568   0x0800b568   0x00000088   Code   RO         3649    i.xQueueGenericReset  queue.o
    0x0800b5f0   0x0800b5f0   0x00000160   Code   RO         3650    i.xQueueGenericSend  queue.o
    0x0800b750   0x0800b750   0x000000be   Code   RO         3651    i.xQueueGenericSendFromISR  queue.o
    0x0800b80e   0x0800b80e   0x00000002   PAD
    0x0800b810   0x0800b810   0x00000138   Code   RO         3660    i.xQueueReceive     queue.o
    0x0800b948   0x0800b948   0x00000074   Code   RO         4071    i.xTaskCheckForTimeOut  tasks.o
    0x0800b9bc   0x0800b9bc   0x0000005a   Code   RO         4072    i.xTaskCreate       tasks.o
    0x0800ba16   0x0800ba16   0x00000056   Code   RO         4073    i.xTaskCreateStatic  tasks.o
    0x0800ba6c   0x0800ba6c   0x0000001c   Code   RO         4077    i.xTaskGetSchedulerState  tasks.o
    0x0800ba88   0x0800ba88   0x0000000c   Code   RO         4078    i.xTaskGetTickCount  tasks.o
    0x0800ba94   0x0800ba94   0x00000010   Code   RO         4079    i.xTaskGetTickCountFromISR  tasks.o
    0x0800baa4   0x0800baa4   0x000000c8   Code   RO         4080    i.xTaskIncrementTick  tasks.o
    0x0800bb6c   0x0800bb6c   0x00000080   Code   RO         4083    i.xTaskPriorityDisinherit  tasks.o
    0x0800bbec   0x0800bbec   0x00000070   Code   RO         4085    i.xTaskRemoveFromEventList  tasks.o
    0x0800bc5c   0x0800bc5c   0x000000c4   Code   RO         4086    i.xTaskResumeAll    tasks.o
    0x0800bd20   0x0800bd20   0x00000060   Code   RO         4411    i.xTimerCreateTimerTask  timers.o
    0x0800bd80   0x0800bd80   0x00000068   Code   RO         4412    i.xTimerGenericCommand  timers.o
    0x0800bde8   0x0800bde8   0x000000c4   Code   RO         7096    i.zdt42TestObserve  robot.o
    0x0800beac   0x0800beac   0x0000002c   Code   RO         8758    locale$$code        c_w.l(lc_numeric_c.o)
    0x0800bed8   0x0800bed8   0x0000002c   Code   RO         8793    locale$$code        c_w.l(lc_ctype_c.o)
    0x0800bf04   0x0800bf04   0x0000000a   Code   RO         8712    x$fpl$fpinit        fz_wm.l(fpinit.o)
    0x0800bf0e   0x0800bf0e   0x00000004   Code   RO         8628    x$fpl$printf1       fz_wm.l(printf1.o)
    0x0800bf12   0x0800bf12   0x00000004   Code   RO         8630    x$fpl$printf2       fz_wm.l(printf2.o)
    0x0800bf16   0x0800bf16   0x00000000   Code   RO         8636    x$fpl$usenofp       fz_wm.l(usenofp.o)
    0x0800bf16   0x0800bf16   0x00000002   PAD
    0x0800bf18   0x0800bf18   0x00000024   Data   RO          318    .constdata          freertos.o
    0x0800bf3c   0x0800bf3c   0x00000008   Data   RO         2382    .constdata          stm32f4xx_hal_dma.o
    0x0800bf44   0x0800bf44   0x00000010   Data   RO         3423    .constdata          system_stm32f4xx.o
    0x0800bf54   0x0800bf54   0x00000008   Data   RO         3424    .constdata          system_stm32f4xx.o
    0x0800bf5c   0x0800bf5c   0x00000018   Data   RO         6112    .constdata          mg354pdh0_driver.o
    0x0800bf74   0x0800bf74   0x000001db   Data   RO         6432    .constdata          oled_driver.o
    0x0800c14f   0x0800c14f   0x00000001   Data   RO         7098    .constdata          robot.o
    0x0800c150   0x0800c150   0x00000001   Data   RO         7099    .constdata          robot.o
    0x0800c151   0x0800c151   0x00000003   PAD
    0x0800c154   0x0800c154   0x000002a4   Data   RO         7100    .constdata          robot.o
    0x0800c3f8   0x0800c3f8   0x00000008   Data   RO         7101    .constdata          robot.o
    0x0800c400   0x0800c400   0x00000010   Data   RO         7102    .constdata          robot.o
    0x0800c410   0x0800c410   0x00000011   Data   RO         8393    .constdata          c_w.l(__printf_flags_ss_wp.o)
    0x0800c421   0x0800c421   0x00000003   PAD
    0x0800c424   0x0800c424   0x00000008   Data   RO         8524    .constdata          c_w.l(_printf_wctomb.o)
    0x0800c42c   0x0800c42c   0x00000028   Data   RO         8553    .constdata          c_w.l(_printf_hex_int_ll_ptr.o)
    0x0800c454   0x0800c454   0x00000026   Data   RO         8693    .constdata          c_w.l(_printf_fp_hex.o)
    0x0800c47a   0x0800c47a   0x00000002   PAD
    0x0800c47c   0x0800c47c   0x00000094   Data   RO         8733    .constdata          c_w.l(bigflt0.o)
    0x0800c510   0x0800c510   0x0000000c   Data   RO          319    .conststring        freertos.o
    0x0800c51c   0x0800c51c   0x0000002d   Data   RO         7103    .conststring        robot.o
    0x0800c549   0x0800c549   0x00000003   PAD
    0x0800c54c   0x0800c54c   0x00000138   Data   RO         7190    .conststring        bsp_can.o
    0x0800c684   0x0800c684   0x00000048   Data   RO         7859    .conststring        bsp_usart.o
    0x0800c6cc   0x0800c6cc   0x00000020   Data   RO         8847    Region$$Table       anon$$obj.o
    0x0800c6ec   0x0800c6ec   0x0000001c   Data   RO         8757    locale$$data        c_w.l(lc_numeric_c.o)
    0x0800c708   0x0800c708   0x00000110   Data   RO         8792    locale$$data        c_w.l(lc_ctype_c.o)


    Execution Region RW_IRAM1 (Exec base: 0x20000000, Load base: 0x0800c818, Size: 0x00007c60, Max: 0x0001c000, ABSOLUTE, COMPRESSED[0x000001c8])

    Exec Addr    Load Addr    Size         Type   Attr      Idx    E Section Name        Object

    0x20000000   COMPRESSED   0x00000001   Data   RW           21    .data               armlib_lock_glue.o
    0x20000001   COMPRESSED   0x00000003   PAD
    0x20000004   COMPRESSED   0x00000004   Data   RW          320    .data               freertos.o
    0x20000008   COMPRESSED   0x0000000c   Data   RW         2827    .data               stm32f4xx_hal.o
    0x20000014   COMPRESSED   0x00000004   Data   RW         3425    .data               system_stm32f4xx.o
    0x20000018   COMPRESSED   0x0000003c   Data   RW         4089    .data               tasks.o
    0x20000054   COMPRESSED   0x00000014   Data   RW         4420    .data               timers.o
    0x20000068   COMPRESSED   0x00000004   Data   RW         4645    .data               cmsis_os2.o
    0x2000006c   COMPRESSED   0x00000020   Data   RW         5091    .data               heap_4.o
    0x2000008c   COMPRESSED   0x0000000c   Data   RW         5147    .data               port.o
    0x20000098   COMPRESSED   0x0000003c   Data   RW         7104    .data               robot.o
    0x200000d4   COMPRESSED   0x00000020   Data   RW         7105    .data               robot.o
    0x200000f4   COMPRESSED   0x00000dd0   Data   RW         7106    .data               robot.o
    0x20000ec4   COMPRESSED   0x00000010   Data   RW         7191    .data               bsp_can.o
    0x20000ed4   COMPRESSED   0x00000001   Data   RW         7396    .data               bsp_gpio.o
    0x20000ed5   COMPRESSED   0x00000001   Data   RW         7468    .data               bsp_iic.o
    0x20000ed6   COMPRESSED   0x00000001   Data   RW         7629    .data               bsp_pwm.o
    0x20000ed7   COMPRESSED   0x00000001   Data   RW         7778    .data               bsp_tim.o
    0x20000ed8   COMPRESSED   0x00000001   Data   RW         7860    .data               bsp_usart.o
    0x20000ed9   COMPRESSED   0x00000003   PAD
    0x20000edc        -       0x0000008c   Zero   RW           20    .bss                armlib_lock_glue.o
    0x20000f68        -       0x00000028   Zero   RW          361    .bss                can.o
    0x20000f90        -       0x00000120   Zero   RW          433    .bss                tim.o
    0x200010b0        -       0x000000a8   Zero   RW          505    .bss                usart.o
    0x20001158        -       0x00000048   Zero   RW          665    .bss                stm32f4xx_hal_timebase_tim.o
    0x200011a0        -       0x00000040   Zero   RW         3664    .bss                queue.o
    0x200011e0        -       0x000004c4   Zero   RW         4088    .bss                tasks.o
    0x200016a4        -       0x00000118   Zero   RW         4419    .bss                timers.o
    0x200017bc        -       0x000006b8   Zero   RW         4644    .bss                cmsis_os2.o
    0x20001e74        -       0x00003c00   Zero   RW         5090    .bss                heap_4.o
    0x20005a74        -       0x0000000c   Zero   RW         5981    .bss                imu_driver.o
    0x20005a80        -       0x0000002c   Zero   RW         7097    .bss                robot.o
    0x20005aac        -       0x0000005c   Zero   RW         7189    .bss                bsp_can.o
    0x20005b08        -       0x00000080   Zero   RW         7395    .bss                bsp_gpio.o
    0x20005b88        -       0x00000180   Zero   RW         7467    .bss                bsp_iic.o
    0x20005d08        -       0x00000200   Zero   RW         7628    .bss                bsp_pwm.o
    0x20005f08        -       0x000000c4   Zero   RW         7777    .bss                bsp_tim.o
    0x20005fcc        -       0x0000033c   Zero   RW         7858    .bss                bsp_usart.o
    0x20006308        -       0x000000f8   Zero   RW         8013    .bss                segger_rtt.o
    0x20006400        -       0x00000060   Zero   RW         8656    .bss                c_w.l(libspace.o)
    0x20006460        -       0x00001000   Zero   RW            2    HEAP                startup_stm32f407xx.o
    0x20007460        -       0x00000800   Zero   RW            1    STACK               startup_stm32f407xx.o


    Execution Region RW_IRAM2 (Exec base: 0x2001c000, Load base: 0x0800c9e0, Size: 0x00000000, Max: 0x00004000, ABSOLUTE)

    **** No section assigned to this execution region ****


==============================================================================

Image component sizes


      Code (inc. data)   RO Data    RW Data    ZI Data      Debug   Object Name

       338         24          0          1        140      15284   armlib_lock_glue.o
      1046        206        312         16         92       7997   bsp_can.o
       184         16          0          1        128       4546   bsp_gpio.o
       996         50          0          1        384      10576   bsp_iic.o
        58          0          0          0          0       2279   bsp_log.o
       666         48          0          1        512       6811   bsp_pwm.o
       552         20          0          1        196       6512   bsp_tim.o
       772        242         72          1        828       5221   bsp_usart.o
       228         24          0          0         40       1673   can.o
      1190         62          0          0          0      16591   chassis.o
       348         22          0          4       1720      66045   cmsis_os2.o
        44          4          0          0          0        742   dma.o
       798         48          0          0          0       8431   encoder.o
         0          0          0          0          0      19360   event_groups.o
        44         14         48          4          0       1665   freertos.o
         0          0          0          0          0       3404   gimbal.o
       336         20          0          0          0       1047   gpio.o
       438         16          0          0          0       6175   gray.o
       472         24          0         32      15360       4759   heap_4.o
      1348         42          0          0         12      16906   imu_driver.o
       482         24          0          0          0      12892   key_driver.o
       396         24          0          0          0       6917   led_driver.o
       138          0          0          0          0       3434   list.o
       824         22          0          0          0       5236   mahony_ahrs.o
       232          8          0          0          0     708516   main.o
       476         12         24          0          0       4092   mg354pdh0_driver.o
      1632         70          0          0          0      16441   motor_driver.o
      2186         72        475          0          0      22494   oled_driver.o
       744         42          0          0          0       8308   pid.o
       786         82          0         12          0      11297   port.o
      1514         20          0          0         64      17160   queue.o
      1008         74        747       3628         44      17213   robot.o
       456         42          0          0        248       9395   segger_rtt.o
        64         26        392          0       6144        828   startup_stm32f407xx.o
        80         14          0         12          0       7978   stm32f4xx_hal.o
      1810          6          0          0          0      15673   stm32f4xx_hal_can.o
       158         14          0          0          0      32938   stm32f4xx_hal_cortex.o
      1084         16          8          0          0       7194   stm32f4xx_hal_dma.o
       556         52          0          0          0       4027   stm32f4xx_hal_gpio.o
        56          4          0          0          0        834   stm32f4xx_hal_msp.o
      1412         86          0          0          0       5797   stm32f4xx_hal_rcc.o
      3036        176          0          0          0      23368   stm32f4xx_hal_tim.o
       232         28          0          0          0       3221   stm32f4xx_hal_tim_ex.o
       152         18          0          0         72       1427   stm32f4xx_hal_timebase_tim.o
      2078         28          0          0          0      14688   stm32f4xx_hal_uart.o
        78         30          0          0          0       5396   stm32f4xx_it.o
         0          0          0          0          0        384   stream_buffer.o
        16          4         24          4          0       1079   system_stm32f4xx.o
      2244        186          0         60       1220      27929   tasks.o
      1000         88          0          0        288       5261   tim.o
       972         80          0         20        280      31839   timers.o
       236         30          0          0        168       1733   usart.o
        32          0          0          0          0        678   user_lib.o
      1246         52          0          0          0      13956   wheel_driver.o
      1690        108          0          0          0      20354   zhangdatou_42.o

    ----------------------------------------------------------------------
     39046       2420       2140       3804      27940    1276001   Object Totals
         0          0         32          0          0          0   (incl. Generated)
        82          0          6          6          0          0   (incl. Padding)

    ----------------------------------------------------------------------

      Code (inc. data)   RO Data    RW Data    ZI Data      Debug   Library Member Name

        90          0          0          0          0          0   __dczerorl2.o
         8          0          0          0          0         68   __main.o
       392          4         17          0          0         92   __printf_flags_ss_wp.o
        14          0          0          0          0         68   __printf_wp.o
         0          0          0          0          0          0   __rtentry.o
        12          0          0          0          0          0   __rtentry2.o
         6          0          0          0          0          0   __rtentry4.o
        52          8          0          0          0          0   __scatter.o
        28          0          0          0          0          0   __scatter_zi.o
         6          0          0          0          0          0   _printf_a.o
         6          0          0          0          0          0   _printf_c.o
        44          0          0          0          0        108   _printf_char.o
        48          6          0          0          0         96   _printf_char_common.o
        40          0          0          0          0         68   _printf_charcount.o
         6          0          0          0          0          0   _printf_d.o
       120         16          0          0          0         92   _printf_dec.o
         6          0          0          0          0          0   _printf_e.o
         6          0          0          0          0          0   _printf_f.o
      1054          0          0          0          0        216   _printf_fp_dec.o
       764          8         38          0          0        100   _printf_fp_hex.o
       128         16          0          0          0         84   _printf_fp_infnan.o
         6          0          0          0          0          0   _printf_g.o
       148          4         40          0          0        160   _printf_hex_int_ll_ptr.o
         6          0          0          0          0          0   _printf_i.o
       178          0          0          0          0         88   _printf_intcommon.o
        10          0          0          0          0          0   _printf_l.o
         6          0          0          0          0          0   _printf_lc.o
        10          0          0          0          0          0   _printf_ll.o
         6          0          0          0          0          0   _printf_lld.o
         6          0          0          0          0          0   _printf_lli.o
         6          0          0          0          0          0   _printf_llo.o
         6          0          0          0          0          0   _printf_llu.o
         6          0          0          0          0          0   _printf_llx.o
       124         16          0          0          0         92   _printf_longlong_dec.o
         6          0          0          0          0          0   _printf_ls.o
         6          0          0          0          0          0   _printf_n.o
         6          0          0          0          0          0   _printf_o.o
       112         10          0          0          0        124   _printf_oct_int_ll.o
         6          0          0          0          0          0   _printf_p.o
        78          0          0          0          0        108   _printf_pad.o
         0          0          0          0          0          0   _printf_percent.o
         4          0          0          0          0          0   _printf_percent_end.o
         6          0          0          0          0          0   _printf_s.o
        82          0          0          0          0         80   _printf_str.o
        36          0          0          0          0         84   _printf_truncate.o
         6          0          0          0          0          0   _printf_u.o
        44          0          0          0          0        108   _printf_wchar.o
       188          6          8          0          0         92   _printf_wctomb.o
         6          0          0          0          0          0   _printf_x.o
        22          0          0          0          0        100   _rserrno.o
        16          0          0          0          0         68   _snputc.o
        10          0          0          0          0         68   _sputc.o
        64          0          0          0          0         92   _wcrtomb.o
        16          0          0          0          0         68   aeabi_memset.o
       228          4        148          0          0         96   bigflt0.o
      1936        128          0          0          0        672   btod.o
        10          0          0          0          0         68   defsig_exit.o
        50          0          0          0          0         88   defsig_general.o
        80         58          0          0          0         76   defsig_rtmem_inner.o
        14          0          0          0          0         80   defsig_rtmem_outer.o
        18          0          0          0          0         80   exit.o
       158          0          0          0          0        128   h1_alloc_mt.o
        62          0          0          0          0         80   h1_extend_mt.o
        10          0          0          0          0         76   h1_final_mt.o
       118          0          0          0          0        108   h1_free_mt.o
        18          0          0          0          0         84   h1_init_mt.o
         6          0          0          0          0        152   heapauxi.o
         4          0          0          0          0        136   hguard.o
         0          0          0          0          0          0   indicate_semi.o
       138          0          0          0          0        168   init_alloc.o
        44         10        272          0          0         76   lc_ctype_c.o
        44         10         28          0          0         76   lc_numeric_c.o
         2          0          0          0          0          0   libinit.o
        42          0          0          0          0          0   libinit2.o
         2          0          0          0          0          0   libshutdown.o
         6          0          0          0          0          0   libshutdown2.o
         8          4          0          0         96         68   libspace.o
       138          0          0          0          0         80   lludiv10.o
       238          0          0          0          0        100   lludivv7m.o
         0          0          0          0          0          0   maybetermalloc2.o
        16          4          0          0          0         76   rt_ctype_table.o
         8          4          0          0          0         68   rt_errno_addr_intlibspace.o
         8          4          0          0          0         68   rt_heap_descriptor_intlibspace.o
         8          4          0          0          0         68   rt_locale_intlibspace.o
        68          0          0          0          0         68   rt_memclr.o
        78          0          0          0          0         80   rt_memclr_w.o
       138          0          0          0          0         68   rt_memcpy_v6.o
       100          0          0          0          0         80   rt_memcpy_w.o
         2          0          0          0          0          0   rtexit.o
        10          0          0          0          0          0   rtexit2.o
       128          0          0          0          0         68   strcmpv7m.o
        72          0          0          0          0         80   strcpy.o
        62          0          0          0          0         76   strlen.o
        12          4          0          0          0         68   sys_exit.o
        74          0          0          0          0         80   sys_stackheap_outer.o
        14          0          0          0          0         76   sys_wrch.o
        16          0          0          0          0         80   term_alloc.o
         2          0          0          0          0         68   use_no_semi.o
        52          4          0          0          0         80   vsnprintf.o
        10          0          0          0          0        116   fpinit.o
         4          0          0          0          0        116   printf1.o
         4          0          0          0          0        116   printf2.o
         0          0          0          0          0          0   usenofp.o
       300         42          0          0          0        176   asinf.o
       592         90          0          0          0        184   atan2f.o
        48          0          0          0          0        124   fpclassify.o
        38          0          0          0          0        116   fpclassifyf.o
        44         12          0          0          0        464   funder.o
       120          0          0          0          0        272   sqrtf.o

    ----------------------------------------------------------------------
      9482        476        556          0         96       7752   Library Totals
        18          0          5          0          0          0   (incl. Padding)

    ----------------------------------------------------------------------

      Code (inc. data)   RO Data    RW Data    ZI Data      Debug   Library Name

      8304        332        551          0         96       6068   c_w.l
        18          0          0          0          0        348   fz_wm.l
      1142        144          0          0          0       1336   m_wm.l

    ----------------------------------------------------------------------
      9482        476        556          0         96       7752   Library Totals

    ----------------------------------------------------------------------

==============================================================================


      Code (inc. data)   RO Data    RW Data    ZI Data      Debug   

     48528       2896       2696       3804      28036    1238021   Grand Totals
     48528       2896       2696        456      28036    1238021   ELF Image Totals (compressed)
     48528       2896       2696        456          0          0   ROM Totals

==============================================================================

    Total RO  Size (Code + RO Data)                51224 (  50.02kB)
    Total RW  Size (RW Data + ZI Data)             31840 (  31.09kB)
    Total ROM Size (Code + RO Data + RW Data)      51680 (  50.47kB)

==============================================================================

