Component: ARM Compiler 5.06 update 6 (build 750) Tool: armlink [4d35ed]

==============================================================================

Section Cross References

    startup_stm32f407xx.o(STACK) refers (Special) to heapauxi.o(.text) for __use_two_region_memory
    startup_stm32f407xx.o(HEAP) refers (Special) to heapauxi.o(.text) for __use_two_region_memory
    startup_stm32f407xx.o(RESET) refers (Special) to heapauxi.o(.text) for __use_two_region_memory
    startup_stm32f407xx.o(RESET) refers to startup_stm32f407xx.o(STACK) for __initial_sp
    startup_stm32f407xx.o(RESET) refers to startup_stm32f407xx.o(.text) for Reset_Handler
    startup_stm32f407xx.o(RESET) refers to stm32f4xx_it.o(i.NMI_Handler) for NMI_Handler
    startup_stm32f407xx.o(RESET) refers to stm32f4xx_it.o(i.HardFault_Handler) for HardFault_Handler
    startup_stm32f407xx.o(RESET) refers to stm32f4xx_it.o(i.MemManage_Handler) for MemManage_Handler
    startup_stm32f407xx.o(RESET) refers to stm32f4xx_it.o(i.BusFault_Handler) for BusFault_Handler
    startup_stm32f407xx.o(RESET) refers to stm32f4xx_it.o(i.UsageFault_Handler) for UsageFault_Handler
    startup_stm32f407xx.o(RESET) refers to port.o(.emb_text) for SVC_Handler
    startup_stm32f407xx.o(RESET) refers to stm32f4xx_it.o(i.DebugMon_Handler) for DebugMon_Handler
    startup_stm32f407xx.o(RESET) refers to cmsis_os2.o(i.SysTick_Handler) for SysTick_Handler
    startup_stm32f407xx.o(RESET) refers to stm32f4xx_it.o(i.EXTI0_IRQHandler) for EXTI0_IRQHandler
    startup_stm32f407xx.o(RESET) refers to stm32f4xx_it.o(i.TIM2_IRQHandler) for TIM2_IRQHandler
    startup_stm32f407xx.o(RESET) refers to stm32f4xx_it.o(i.USART1_IRQHandler) for USART1_IRQHandler
    startup_stm32f407xx.o(RESET) refers to stm32f4xx_it.o(i.DMA2_Stream2_IRQHandler) for DMA2_Stream2_IRQHandler
    startup_stm32f407xx.o(.text) refers (Special) to heapauxi.o(.text) for __use_two_region_memory
    startup_stm32f407xx.o(.text) refers to system_stm32f4xx.o(i.SystemInit) for SystemInit
    startup_stm32f407xx.o(.text) refers to __main.o(!!!main) for __main
    startup_stm32f407xx.o(.text) refers to startup_stm32f407xx.o(HEAP) for Heap_Mem
    startup_stm32f407xx.o(.text) refers to startup_stm32f407xx.o(STACK) for Stack_Mem
    armlib_lock_glue.o(i._mutex_acquire) refers to armlib_lock_glue.o(i.stm32_lock_acquire) for stm32_lock_acquire
    armlib_lock_glue.o(i._mutex_acquire) refers to main.o(i.Error_Handler) for Error_Handler
    armlib_lock_glue.o(i._mutex_acquire) refers to armlib_lock_glue.o(i.stm32_lock_release) for stm32_lock_release
    armlib_lock_glue.o(i._mutex_acquire) refers to armlib_lock_glue.o(.bss) for .bss
    armlib_lock_glue.o(i._mutex_free) refers to armlib_lock_glue.o(i.stm32_lock_acquire) for stm32_lock_acquire
    armlib_lock_glue.o(i._mutex_free) refers to main.o(i.Error_Handler) for Error_Handler
    armlib_lock_glue.o(i._mutex_free) refers to armlib_lock_glue.o(i.stm32_lock_release) for stm32_lock_release
    armlib_lock_glue.o(i._mutex_free) refers to armlib_lock_glue.o(.bss) for .bss
    armlib_lock_glue.o(i._mutex_initialize) refers to armlib_lock_glue.o(i.stm32_lock_acquire) for stm32_lock_acquire
    armlib_lock_glue.o(i._mutex_initialize) refers to armlib_lock_glue.o(i.stm32_lock_release) for stm32_lock_release
    armlib_lock_glue.o(i._mutex_initialize) refers to main.o(i.Error_Handler) for Error_Handler
    armlib_lock_glue.o(i._mutex_initialize) refers to armlib_lock_glue.o(.data) for .data
    armlib_lock_glue.o(i._mutex_initialize) refers to armlib_lock_glue.o(.bss) for .bss
    armlib_lock_glue.o(i._mutex_release) refers to armlib_lock_glue.o(i.stm32_lock_acquire) for stm32_lock_acquire
    armlib_lock_glue.o(i._mutex_release) refers to main.o(i.Error_Handler) for Error_Handler
    armlib_lock_glue.o(i._mutex_release) refers to armlib_lock_glue.o(i.stm32_lock_release) for stm32_lock_release
    armlib_lock_glue.o(i._mutex_release) refers to armlib_lock_glue.o(.bss) for .bss
    armlib_lock_glue.o(i.stm32_lock_acquire) refers to main.o(i.Error_Handler) for Error_Handler
    armlib_lock_glue.o(i.stm32_lock_acquire) refers to port.o(i.vPortEnterCritical) for vPortEnterCritical
    armlib_lock_glue.o(i.stm32_lock_release) refers to main.o(i.Error_Handler) for Error_Handler
    armlib_lock_glue.o(i.stm32_lock_release) refers to port.o(i.vPortExitCritical) for vPortExitCritical
    main.o(i.HAL_TIM_PeriodElapsedCallback) refers to stm32f4xx_hal.o(i.HAL_IncTick) for HAL_IncTick
    main.o(i.HAL_TIM_PeriodElapsedCallback) refers to bsp_tim.o(i.TIMPeriodElapsedCallback) for TIMPeriodElapsedCallback
    main.o(i.SystemClock_Config) refers to rt_memclr_w.o(.text) for __aeabi_memclr4
    main.o(i.SystemClock_Config) refers to stm32f4xx_hal_rcc.o(i.HAL_RCC_OscConfig) for HAL_RCC_OscConfig
    main.o(i.SystemClock_Config) refers to stm32f4xx_hal_rcc.o(i.HAL_RCC_ClockConfig) for HAL_RCC_ClockConfig
    main.o(i.main) refers to stm32f4xx_hal.o(i.HAL_Init) for HAL_Init
[...]
    WheelInit                                0x080081b9   Thumb Code   400  wheel_driver.o(i.WheelInit)
    WheelResetOdometry                       0x08008369   Thumb Code    46  wheel_driver.o(i.WheelResetOdometry)
    WheelSetAngularSpeed                     0x0800839d   Thumb Code    24  wheel_driver.o(i.WheelSetAngularSpeed)
    WheelSetLinearSpeed                      0x080083b5   Thumb Code   166  wheel_driver.o(i.WheelSetLinearSpeed)
    WheelStart                               0x08008461   Thumb Code    36  wheel_driver.o(i.WheelStart)
    WheelStop                                0x08008485   Thumb Code    62  wheel_driver.o(i.WheelStop)
    WheelUpdate                              0x0800859d   Thumb Code   180  wheel_driver.o(i.WheelUpdate)
    __ARM_fpclassify                         0x080087f3   Thumb Code    48  fpclassify.o(i.__ARM_fpclassify)
    __ARM_fpclassifyf                        0x08008823   Thumb Code    38  fpclassifyf.o(i.__ARM_fpclassifyf)
    __hardfp_asinf                           0x08008869   Thumb Code   258  asinf.o(i.__hardfp_asinf)
    __hardfp_atan2f                          0x08008995   Thumb Code   502  atan2f.o(i.__hardfp_atan2f)
    __hardfp_sqrtf                           0x08008be5   Thumb Code    58  sqrtf.o(i.__hardfp_sqrtf)
    __mathlib_flt_infnan                     0x08008c1f   Thumb Code     6  funder.o(i.__mathlib_flt_infnan)
    __mathlib_flt_infnan2                    0x08008c25   Thumb Code     6  funder.o(i.__mathlib_flt_infnan2)
    __mathlib_flt_invalid                    0x08008c2d   Thumb Code    10  funder.o(i.__mathlib_flt_invalid)
    __mathlib_flt_underflow                  0x08008c3d   Thumb Code    10  funder.o(i.__mathlib_flt_underflow)
    _is_digit                                0x08008c4d   Thumb Code    14  __printf_wp.o(i._is_digit)
    _mutex_acquire                           0x08008c5d   Thumb Code    42  armlib_lock_glue.o(i._mutex_acquire)
    _mutex_free                              0x08008c8d   Thumb Code    40  armlib_lock_glue.o(i._mutex_free)
    _mutex_initialize                        0x08008cb9   Thumb Code    80  armlib_lock_glue.o(i._mutex_initialize)
    _mutex_release                           0x08008d11   Thumb Code    42  armlib_lock_glue.o(i._mutex_release)
    float_constrain                          0x08008e75   Thumb Code    32  user_lib.o(i.float_constrain)
    main                                     0x08008edd   Thumb Code    50  main.o(i.main)
    osDelay                                  0x08008fc9   Thumb Code    26  cmsis_os2.o(i.osDelay)
    osDelayUntil                             0x08008fe3   Thumb Code    46  cmsis_os2.o(i.osDelayUntil)
    osKernelGetTickCount                     0x08009011   Thumb Code    14  cmsis_os2.o(i.osKernelGetTickCount)
    osKernelGetTickFreq                      0x0800901f   Thumb Code     6  cmsis_os2.o(i.osKernelGetTickFreq)
    osKernelInitialize                       0x08009025   Thumb Code    32  cmsis_os2.o(i.osKernelInitialize)
    osKernelStart                            0x08009049   Thumb Code    48  cmsis_os2.o(i.osKernelStart)
    osThreadExit                             0x08009081   Thumb Code     8  cmsis_os2.o(i.osThreadExit)
    osThreadNew                              0x08009089   Thumb Code   138  cmsis_os2.o(i.osThreadNew)
    pvPortMalloc                             0x080098a9   Thumb Code   216  heap_4.o(i.pvPortMalloc)
    pxPortInitialiseStack                    0x08009985   Thumb Code    40  port.o(i.pxPortInitialiseStack)
    robotInit                                0x080099b1   Thumb Code   304  robot.o(i.robotInit)
    sqrtf                                    0x08009b11   Thumb Code    62  sqrtf.o(i.sqrtf)
    uxListRemove                             0x08009cb5   Thumb Code    38  list.o(i.uxListRemove)
    vApplicationGetIdleTaskMemory            0x08009cdd   Thumb Code    16  cmsis_os2.o(i.vApplicationGetIdleTaskMemory)
    vApplicationGetTimerTaskMemory           0x08009cf1   Thumb Code    18  cmsis_os2.o(i.vApplicationGetTimerTaskMemory)
    vListInitialise                          0x08009d09   Thumb Code    22  list.o(i.vListInitialise)
    vListInitialiseItem                      0x08009d1f   Thumb Code     6  list.o(i.vListInitialiseItem)
    vListInsert                              0x08009d25   Thumb Code    48  list.o(i.vListInsert)
    vListInsertEnd                           0x08009d55   Thumb Code    24  list.o(i.vListInsertEnd)
    vPortEnterCritical                       0x08009d6d   Thumb Code    54  port.o(i.vPortEnterCritical)
    vPortExitCritical                        0x08009dad   Thumb Code    34  port.o(i.vPortExitCritical)
    vPortFree                                0x08009dd5   Thumb Code    94  heap_4.o(i.vPortFree)
    vPortSetupTimerInterrupt                 0x08009e39   Thumb Code    32  port.o(i.vPortSetupTimerInterrupt)
    vPortValidateInterruptPriority           0x08009e5d   Thumb Code    74  port.o(i.vPortValidateInterruptPriority)
    vQueueAddToRegistry                      0x08009eb1   Thumb Code    34  queue.o(i.vQueueAddToRegistry)
    vQueueWaitForMessageRestricted           0x08009ed9   Thumb Code    68  queue.o(i.vQueueWaitForMessageRestricted)
    vTaskDelay                               0x08009f1d   Thumb Code    66  tasks.o(i.vTaskDelay)
    vTaskDelayUntil                          0x08009f69   Thumb Code   132  tasks.o(i.vTaskDelayUntil)
    vTaskDelete                              0x08009ff5   Thumb Code   130  tasks.o(i.vTaskDelete)
    vTaskInternalSetTimeOutState             0x0800a085   Thumb Code    12  tasks.o(i.vTaskInternalSetTimeOutState)
    vTaskMissedYield                         0x0800a095   Thumb Code     8  tasks.o(i.vTaskMissedYield)
    vTaskPlaceOnEventList                    0x0800a0a1   Thumb Code    44  tasks.o(i.vTaskPlaceOnEventList)
    vTaskPlaceOnEventListRestricted          0x0800a0d1   Thumb Code    52  tasks.o(i.vTaskPlaceOnEventListRestricted)
    vTaskStartScheduler                      0x0800a109   Thumb Code   118  tasks.o(i.vTaskStartScheduler)
    vTaskSuspendAll                          0x0800a191   Thumb Code    10  tasks.o(i.vTaskSuspendAll)
    vTaskSwitchContext                       0x0800a1a1   Thumb Code    90  tasks.o(i.vTaskSwitchContext)
    xPortStartScheduler                      0x0800a205   Thumb Code   222  port.o(i.xPortStartScheduler)
    xPortSysTickHandler                      0x0800a2f9   Thumb Code    38  port.o(i.xPortSysTickHandler)
    xQueueGenericCreateStatic                0x0800a325   Thumb Code   102  queue.o(i.xQueueGenericCreateStatic)
    xQueueGenericReset                       0x0800a38d   Thumb Code   132  queue.o(i.xQueueGenericReset)
    xQueueGenericSend                        0x0800a415   Thumb Code   346  queue.o(i.xQueueGenericSend)
    xQueueGenericSendFromISR                 0x0800a575   Thumb Code   190  queue.o(i.xQueueGenericSendFromISR)
    xQueueReceive                            0x0800a635   Thumb Code   308  queue.o(i.xQueueReceive)
    xTaskCheckForTimeOut                     0x0800a76d   Thumb Code   112  tasks.o(i.xTaskCheckForTimeOut)
    xTaskCreate                              0x0800a7e1   Thumb Code    90  tasks.o(i.xTaskCreate)
    xTaskCreateStatic                        0x0800a83b   Thumb Code    86  tasks.o(i.xTaskCreateStatic)
    xTaskGetSchedulerState                   0x0800a891   Thumb Code    22  tasks.o(i.xTaskGetSchedulerState)
    xTaskGetTickCount                        0x0800a8ad   Thumb Code     6  tasks.o(i.xTaskGetTickCount)
    xTaskGetTickCountFromISR                 0x0800a8b9   Thumb Code    12  tasks.o(i.xTaskGetTickCountFromISR)
    xTaskIncrementTick                       0x0800a8c9   Thumb Code   192  tasks.o(i.xTaskIncrementTick)
    xTaskPriorityDisinherit                  0x0800a991   Thumb Code   118  tasks.o(i.xTaskPriorityDisinherit)
    xTaskRemoveFromEventList                 0x0800aa11   Thumb Code    98  tasks.o(i.xTaskRemoveFromEventList)
    xTaskResumeAll                           0x0800aa81   Thumb Code   182  tasks.o(i.xTaskResumeAll)
    xTimerCreateTimerTask                    0x0800ab45   Thumb Code    78  timers.o(i.xTimerCreateTimerTask)
    xTimerGenericCommand                     0x0800aba5   Thumb Code    98  timers.o(i.xTimerGenericCommand)
    _get_lc_numeric                          0x0800ac0d   Thumb Code    44  lc_numeric_c.o(locale$$code)
    _get_lc_ctype                            0x0800ac39   Thumb Code    44  lc_ctype_c.o(locale$$code)
    _fp_init                                 0x0800ac65   Thumb Code    10  fpinit.o(x$fpl$fpinit)
    __fplib_config_fpu_vfp                   0x0800ac6d   Thumb Code     0  fpinit.o(x$fpl$fpinit)
    __fplib_config_pureend_doubles           0x0800ac6d   Thumb Code     0  fpinit.o(x$fpl$fpinit)
    _printf_fp_dec                           0x0800ac6f   Thumb Code     4  printf1.o(x$fpl$printf1)
    _printf_fp_hex                           0x0800ac73   Thumb Code     4  printf2.o(x$fpl$printf2)
    __I$use$fp                               0x0800ac76   Number         0  usenofp.o(x$fpl$usenofp)
    defaultTask_attributes                   0x0800ac78   Data          36  freertos.o(.constdata)
    AHBPrescTable                            0x0800aca4   Data          16  system_stm32f4xx.o(.constdata)
    APBPrescTable                            0x0800acb4   Data           8  system_stm32f4xx.o(.constdata)
    imu0Task_attributes                      0x0800afc8   Data          36  robot.o(.constdata)
    oledTask_attributes                      0x0800afec   Data          36  robot.o(.constdata)
    testTask_attributes                      0x0800b010   Data          36  robot.o(.constdata)
    Region$$Table$$Base                      0x0800b3c0   Number         0  anon$$obj.o(Region$$Table)
    Region$$Table$$Limit                     0x0800b3e0   Number         0  anon$$obj.o(Region$$Table)
    __ctype                                  0x0800b409   Data           0  lc_ctype_c.o(locale$$data)
    defaultTaskHandle                        0x20000004   Data           4  freertos.o(.data)
    uwTickFreq                               0x20000008   Data           1  stm32f4xx_hal.o(.data)
    uwTickPrio                               0x2000000c   Data           4  stm32f4xx_hal.o(.data)
    uwTick                                   0x20000010   Data           4  stm32f4xx_hal.o(.data)
    SystemCoreClock                          0x20000014   Data           4  system_stm32f4xx.o(.data)
    pxCurrentTCB                             0x20000018   Data           4  tasks.o(.data)
    imu0TaskHandle                           0x200000f4   Data           4  robot.o(.data)
    oledTaskHandle                           0x200000f8   Data           4  robot.o(.data)
    testTaskHandle                           0x200000fc   Data           4  robot.o(.data)
    dt_s                                     0x20000100   Data           4  robot.o(.data)
    imu0                                     0x20000104   Data         420  robot.o(.data)
    green_led                                0x200002a8   Data          56  robot.o(.data)
    key1                                     0x200002e0   Data          72  robot.o(.data)
    encoder_left                             0x20000328   Data         228  robot.o(.data)
    encoder_right                            0x2000040c   Data         228  robot.o(.data)
    motor_left                               0x200004f0   Data         168  robot.o(.data)
    motor_right                              0x20000598   Data         168  robot.o(.data)
    wheel_left_pid                           0x20000640   Data         140  robot.o(.data)
    wheel_right_pid                          0x200006cc   Data         140  robot.o(.data)
    wheel_left                               0x20000758   Data         128  robot.o(.data)
    wheel_right                              0x200007d8   Data         128  robot.o(.data)
    chassis                                  0x20000858   Data         116  robot.o(.data)
    chassis_test_telemetry                   0x200008cc   Data         124  robot.o(.data)
    oled                                     0x20000948   Data        1148  robot.o(.data)
    htim1                                    0x20000e58   Data          72  tim.o(.bss)
    htim3                                    0x20000ea0   Data          72  tim.o(.bss)
    htim4                                    0x20000ee8   Data          72  tim.o(.bss)
    htim5                                    0x20000f30   Data          72  tim.o(.bss)
    huart1                                   0x20000f78   Data          72  usart.o(.bss)
    hdma_usart1_rx                           0x20000fc0   Data          96  usart.o(.bss)
    htim2                                    0x20001020   Data          72  stm32f4xx_hal_timebase_tim.o(.bss)
    xQueueRegistry                           0x20001068   Data          64  queue.o(.bss)
    _SEGGER_RTT                              0x200060f0   Data         168  segger_rtt.o(.bss)
    __libspace_start                         0x200061e8   Data          96  libspace.o(.bss)
    __temporary_stack_top$libspace           0x20006248   Data           0  libspace.o(.bss)



==============================================================================

Memory Map of the image

  Image Entry point : 0x08000189

  Load Region LR_IROM1 (Base: 0x08000000, Size: 0x0000c2d8, Max: 0x00080000, ABSOLUTE, COMPRESSED[0x0000b680])

    Execution Region ER_IROM1 (Exec base: 0x08000000, Load base: 0x08000000, Size: 0x0000b50c, Max: 0x00080000, ABSOLUTE)

    Exec Addr    Load Addr    Size         Type   Attr      Idx    E Section Name        Object

    0x08000000   0x08000000   0x00000188   Data   RO            3    RESET               startup_stm32f407xx.o
    0x08000188   0x08000188   0x00000008   Code   RO         7613  * !!!main             c_w.l(__main.o)
    0x08000190   0x08000190   0x00000034   Code   RO         8055    !!!scatter          c_w.l(__scatter.o)
    0x080001c4   0x080001c4   0x0000005a   Code   RO         8053    !!dczerorl2         c_w.l(__dczerorl2.o)
    0x0800021e   0x0800021e   0x00000002   PAD
    0x08000220   0x08000220   0x0000001c   Code   RO         8057    !!handler_zi        c_w.l(__scatter_zi.o)
    0x0800023c   0x0800023c   0x00000000   Code   RO         7594    .ARM.Collect$$_printf_percent$$00000000  c_w.l(_printf_percent.o)
    0x0800023c   0x0800023c   0x00000006   Code   RO         7761    .ARM.Collect$$_printf_percent$$00000001  c_w.l(_printf_n.o)
    0x08000242   0x08000242   0x00000006   Code   RO         7763    .ARM.Collect$$_printf_percent$$00000002  c_w.l(_printf_p.o)
    0x08000248   0x08000248   0x00000006   Code   RO         7767    .ARM.Collect$$_printf_percent$$00000003  c_w.l(_printf_f.o)
    0x0800024e   0x0800024e   0x00000006   Code   RO         7768    .ARM.Collect$$_printf_percent$$00000004  c_w.l(_printf_e.o)
    0x08000254   0x08000254   0x00000006   Code   RO         7769    .ARM.Collect$$_printf_percent$$00000005  c_w.l(_printf_g.o)
    0x0800025a   0x0800025a   0x00000006   Code   RO         7770    .ARM.Collect$$_printf_percent$$00000006  c_w.l(_printf_a.o)
    0x08000260   0x08000260   0x0000000a   Code   RO         7775    .ARM.Collect$$_printf_percent$$00000007  c_w.l(_printf_ll.o)
    0x0800026a   0x0800026a   0x00000006   Code   RO         7765    .ARM.Collect$$_printf_percent$$00000008  c_w.l(_printf_i.o)
    0x08000270   0x08000270   0x00000006   Code   RO         7593    .ARM.Collect$$_printf_percent$$00000009  c_w.l(_printf_d.o)
    0x08000276   0x08000276   0x00000006   Code   RO         7766    .ARM.Collect$$_printf_percent$$0000000A  c_w.l(_printf_u.o)
    0x0800027c   0x0800027c   0x00000006   Code   RO         7764    .ARM.Collect$$_printf_percent$$0000000B  c_w.l(_printf_o.o)
    0x08000282   0x08000282   0x00000006   Code   RO         7762    .ARM.Collect$$_printf_percent$$0000000C  c_w.l(_printf_x.o)
    0x08000288   0x08000288   0x00000006   Code   RO         7772    .ARM.Collect$$_printf_percent$$0000000D  c_w.l(_printf_lli.o)
    0x0800028e   0x0800028e   0x00000006   Code   RO         7773    .ARM.Collect$$_printf_percent$$0000000E  c_w.l(_printf_lld.o)
    0x08000294   0x08000294   0x00000006   Code   RO         7774    .ARM.Collect$$_printf_percent$$0000000F  c_w.l(_printf_llu.o)
    0x0800029a   0x0800029a   0x00000006   Code   RO         7779    .ARM.Collect$$_printf_percent$$00000010  c_w.l(_printf_llo.o)
    0x080002a0   0x080002a0   0x00000006   Code   RO         7780    .ARM.Collect$$_printf_percent$$00000011  c_w.l(_printf_llx.o)
    0x080002a6   0x080002a6   0x0000000a   Code   RO         7776    .ARM.Collect$$_printf_percent$$00000012  c_w.l(_printf_l.o)
    0x080002b0   0x080002b0   0x00000006   Code   RO         7759    .ARM.Collect$$_printf_percent$$00000013  c_w.l(_printf_c.o)
    0x080002b6   0x080002b6   0x00000006   Code   RO         7760    .ARM.Collect$$_printf_percent$$00000014  c_w.l(_printf_s.o)
    0x080002bc   0x080002bc   0x00000006   Code   RO         7777    .ARM.Collect$$_printf_percent$$00000015  c_w.l(_printf_lc.o)
    0x080002c2   0x080002c2   0x00000006   Code   RO         7778    .ARM.Collect$$_printf_percent$$00000016  c_w.l(_printf_ls.o)
    0x080002c8   0x080002c8   0x00000004   Code   RO         7771    .ARM.Collect$$_printf_percent$$00000017  c_w.l(_printf_percent_end.o)
    0x080002cc   0x080002cc   0x00000002   Code   RO         7983    .ARM.Collect$$libinit$$00000000  c_w.l(libinit.o)
    0x080002ce   0x080002ce   0x00000004   Code   RO         7783    .ARM.Collect$$libinit$$00000001  c_w.l(libinit2.o)
    0x080002d2   0x080002d2   0x00000000   Code   RO         7786    .ARM.Collect$$libinit$$00000004  c_w.l(libinit2.o)
    0x080002d2   0x080002d2   0x00000008   Code   RO         7787    .ARM.Collect$$libinit$$00000005  c_w.l(libinit2.o)
    0x080002da   0x080002da   0x00000000   Code   RO         7789    .ARM.Collect$$libinit$$0000000A  c_w.l(libinit2.o)
    0x080002da   0x080002da   0x00000000   Code   RO         7791    .ARM.Collect$$libinit$$0000000C  c_w.l(libinit2.o)
    0x080002da   0x080002da   0x00000000   Code   RO         7793    .ARM.Collect$$libinit$$0000000E  c_w.l(libinit2.o)
    0x080002da   0x080002da   0x00000006   Code   RO         7794    .ARM.Collect$$libinit$$0000000F  c_w.l(libinit2.o)
    0x080002e0   0x080002e0   0x00000000   Code   RO         7796    .ARM.Collect$$libinit$$00000011  c_w.l(libinit2.o)
    0x080002e0   0x080002e0   0x0000000c   Code   RO         7797    .ARM.Collect$$libinit$$00000012  c_w.l(libinit2.o)
    0x080002ec   0x080002ec   0x00000000   Code   RO         7798    .ARM.Collect$$libinit$$00000013  c_w.l(libinit2.o)
    0x080002ec   0x080002ec   0x00000000   Code   RO         7800    .ARM.Collect$$libinit$$00000015  c_w.l(libinit2.o)
    0x080002ec   0x080002ec   0x0000000a   Code   RO         7801    .ARM.Collect$$libinit$$00000016  c_w.l(libinit2.o)
    0x080002f6   0x080002f6   0x00000000   Code   RO         7802    .ARM.Collect$$libinit$$00000017  c_w.l(libinit2.o)
    0x080002f6   0x080002f6   0x00000000   Code   RO         7804    .ARM.Collect$$libinit$$00000019  c_w.l(libinit2.o)
    0x080002f6   0x080002f6   0x00000000   Code   RO         7806    .ARM.Collect$$libinit$$0000001B  c_w.l(libinit2.o)
    0x080002f6   0x080002f6   0x00000000   Code   RO         7808    .ARM.Collect$$libinit$$0000001D  c_w.l(libinit2.o)
    0x080002f6   0x080002f6   0x00000000   Code   RO         7810    .ARM.Collect$$libinit$$0000001F  c_w.l(libinit2.o)
    0x080002f6   0x080002f6   0x00000000   Code   RO         7812    .ARM.Collect$$libinit$$00000021  c_w.l(libinit2.o)
    0x080002f6   0x080002f6   0x00000000   Code   RO         7814    .ARM.Collect$$libinit$$00000023  c_w.l(libinit2.o)
    0x080002f6   0x080002f6   0x00000000   Code   RO         7816    .ARM.Collect$$libinit$$00000025  c_w.l(libinit2.o)
    0x080002f6   0x080002f6   0x00000000   Code   RO         7820    .ARM.Collect$$libinit$$0000002C  c_w.l(libinit2.o)
    0x080002f6   0x080002f6   0x00000000   Code   RO         7822    .ARM.Collect$$libinit$$0000002E  c_w.l(libinit2.o)
    0x080002f6   0x080002f6   0x00000000   Code   RO         7824    .ARM.Collect$$libinit$$00000030  c_w.l(libinit2.o)
    0x080002f6   0x080002f6   0x00000000   Code   RO         7826    .ARM.Collect$$libinit$$00000032  c_w.l(libinit2.o)
    0x080002f6   0x080002f6   0x00000002   Code   RO         7827    .ARM.Collect$$libinit$$00000033  c_w.l(libinit2.o)
    0x080002f8   0x080002f8   0x00000002   Code   RO         8050    .ARM.Collect$$libshutdown$$00000000  c_w.l(libshutdown.o)
    0x080002fa   0x080002fa   0x00000000   Code   RO         8008    .ARM.Collect$$libshutdown$$00000002  c_w.l(libshutdown2.o)
    0x080002fa   0x080002fa   0x00000000   Code   RO         8010    .ARM.Collect$$libshutdown$$00000004  c_w.l(libshutdown2.o)
    0x080002fa   0x080002fa   0x00000000   Code   RO         8013    .ARM.Collect$$libshutdown$$00000007  c_w.l(libshutdown2.o)
    0x080002fa   0x080002fa   0x00000000   Code   RO         8016    .ARM.Collect$$libshutdown$$0000000A  c_w.l(libshutdown2.o)
    0x080002fa   0x080002fa   0x00000000   Code   RO         8018    .ARM.Collect$$libshutdown$$0000000C  c_w.l(libshutdown2.o)
    0x080002fa   0x080002fa   0x00000004   Code   RO         8019    .ARM.Collect$$libshutdown$$0000000D  c_w.l(libshutdown2.o)
    0x080002fe   0x080002fe   0x00000000   Code   RO         8021    .ARM.Collect$$libshutdown$$0000000F  c_w.l(libshutdown2.o)
    0x080002fe   0x080002fe   0x00000002   Code   RO         8022    .ARM.Collect$$libshutdown$$00000010  c_w.l(libshutdown2.o)
    0x08000300   0x08000300   0x00000000   Code   RO         7673    .ARM.Collect$$rtentry$$00000000  c_w.l(__rtentry.o)
    0x08000300   0x08000300   0x00000000   Code   RO         7863    .ARM.Collect$$rtentry$$00000002  c_w.l(__rtentry2.o)
    0x08000300   0x08000300   0x00000006   Code   RO         7875    .ARM.Collect$$rtentry$$00000004  c_w.l(__rtentry4.o)
    0x08000306   0x08000306   0x00000000   Code   RO         7865    .ARM.Collect$$rtentry$$00000009  c_w.l(__rtentry2.o)
    0x08000306   0x08000306   0x00000004   Code   RO         7866    .ARM.Collect$$rtentry$$0000000A  c_w.l(__rtentry2.o)
    0x0800030a   0x0800030a   0x00000000   Code   RO         7868    .ARM.Collect$$rtentry$$0000000C  c_w.l(__rtentry2.o)
    0x0800030a   0x0800030a   0x00000008   Code   RO         7869    .ARM.Collect$$rtentry$$0000000D  c_w.l(__rtentry2.o)
    0x08000312   0x08000312   0x00000002   Code   RO         7990    .ARM.Collect$$rtexit$$00000000  c_w.l(rtexit.o)
    0x08000314   0x08000314   0x00000000   Code   RO         8026    .ARM.Collect$$rtexit$$00000002  c_w.l(rtexit2.o)
    0x08000314   0x08000314   0x00000004   Code   RO         8027    .ARM.Collect$$rtexit$$00000003  c_w.l(rtexit2.o)
    0x08000318   0x08000318   0x00000006   Code   RO         8028    .ARM.Collect$$rtexit$$00000004  c_w.l(rtexit2.o)
    0x0800031e   0x0800031e   0x00000002   PAD
    0x08000320   0x08000320   0x000000be   Code   RO         4842    .emb_text           port.o
    0x080003de   0x080003de   0x00000002   PAD
    0x080003e0   0x080003e0   0x00000000   Code   RO         7887    .emb_text           c_w.l(maybetermalloc2.o)
    0x080003e0   0x080003e0   0x00000040   Code   RO            4    .text               startup_stm32f407xx.o
    0x08000420   0x08000420   0x0000009e   Code   RO         7509    .text               c_w.l(h1_alloc_mt.o)
    0x080004be   0x080004be   0x000000ee   Code   RO         7561    .text               c_w.l(lludivv7m.o)
    0x080005ac   0x080005ac   0x00000034   Code   RO         7563    .text               c_w.l(vsnprintf.o)
    0x080005e0   0x080005e0   0x00000078   Code   RO         7571    .text               c_w.l(_printf_dec.o)
    0x08000658   0x08000658   0x00000188   Code   RO         7590    .text               c_w.l(__printf_flags_ss_wp.o)
    0x080007e0   0x080007e0   0x00000048   Code   RO         7595    .text               c_w.l(strcpy.o)
    0x08000828   0x08000828   0x0000003e   Code   RO         7597    .text               c_w.l(strlen.o)
    0x08000866   0x08000866   0x0000008a   Code   RO         7599    .text               c_w.l(rt_memcpy_v6.o)
    0x080008f0   0x080008f0   0x00000064   Code   RO         7601    .text               c_w.l(rt_memcpy_w.o)
    0x08000954   0x08000954   0x00000010   Code   RO         7605    .text               c_w.l(aeabi_memset.o)
    0x08000964   0x08000964   0x00000044   Code   RO         7607    .text               c_w.l(rt_memclr.o)
    0x080009a8   0x080009a8   0x0000004e   Code   RO         7609    .text               c_w.l(rt_memclr_w.o)
    0x080009f6   0x080009f6   0x00000006   Code   RO         7611    .text               c_w.l(heapauxi.o)
    0x080009fc   0x080009fc   0x00000008   Code   RO         7681    .text               c_w.l(rt_heap_descriptor_intlibspace.o)
    0x08000a04   0x08000a04   0x00000004   Code   RO         7683    .text               c_w.l(hguard.o)
    0x08000a08   0x08000a08   0x0000008a   Code   RO         7685    .text               c_w.l(init_alloc.o)
    0x08000a92   0x08000a92   0x00000012   Code   RO         7695    .text               c_w.l(h1_init_mt.o)
    0x08000aa4   0x08000aa4   0x00000076   Code   RO         7697    .text               c_w.l(h1_free_mt.o)
    0x08000b1a   0x08000b1a   0x00000016   Code   RO         7709    .text               c_w.l(_rserrno.o)
    0x08000b30   0x08000b30   0x0000004e   Code   RO         7711    .text               c_w.l(_printf_pad.o)
    0x08000b7e   0x08000b7e   0x00000024   Code   RO         7713    .text               c_w.l(_printf_truncate.o)
    0x08000ba2   0x08000ba2   0x00000052   Code   RO         7715    .text               c_w.l(_printf_str.o)
    0x08000bf4   0x08000bf4   0x000000b2   Code   RO         7717    .text               c_w.l(_printf_intcommon.o)
    0x08000ca6   0x08000ca6   0x00000028   Code   RO         7719    .text               c_w.l(_printf_charcount.o)
    0x08000cce   0x08000cce   0x00000002   PAD
    0x08000cd0   0x08000cd0   0x00000030   Code   RO         7721    .text               c_w.l(_printf_char_common.o)
    0x08000d00   0x08000d00   0x0000000a   Code   RO         7723    .text               c_w.l(_sputc.o)
    0x08000d0a   0x08000d0a   0x00000010   Code   RO         7725    .text               c_w.l(_snputc.o)
    0x08000d1a   0x08000d1a   0x00000002   PAD
    0x08000d1c   0x08000d1c   0x000000bc   Code   RO         7727    .text               c_w.l(_printf_wctomb.o)
    0x08000dd8   0x08000dd8   0x0000007c   Code   RO         7730    .text               c_w.l(_printf_longlong_dec.o)
    0x08000e54   0x08000e54   0x00000070   Code   RO         7736    .text               c_w.l(_printf_oct_int_ll.o)
    0x08000ec4   0x08000ec4   0x00000094   Code   RO         7756    .text               c_w.l(_printf_hex_int_ll_ptr.o)
    0x08000f58   0x08000f58   0x00000008   Code   RO         7859    .text               c_w.l(libspace.o)
    0x08000f60   0x08000f60   0x00000008   Code   RO         7882    .text               c_w.l(rt_errno_addr_intlibspace.o)
    0x08000f68   0x08000f68   0x0000003e   Code   RO         7890    .text               c_w.l(h1_extend_mt.o)
    0x08000fa6   0x08000fa6   0x0000008a   Code   RO         7892    .text               c_w.l(lludiv10.o)
    0x08001030   0x08001030   0x0000041e   Code   RO         7894    .text               c_w.l(_printf_fp_dec.o)
    0x0800144e   0x0800144e   0x00000002   PAD
    0x08001450   0x08001450   0x000002fc   Code   RO         7896    .text               c_w.l(_printf_fp_hex.o)
    0x0800174c   0x0800174c   0x0000002c   Code   RO         7901    .text               c_w.l(_printf_char.o)
    0x08001778   0x08001778   0x0000002c   Code   RO         7903    .text               c_w.l(_printf_wchar.o)
    0x080017a4   0x080017a4   0x00000040   Code   RO         7905    .text               c_w.l(_wcrtomb.o)
    0x080017e4   0x080017e4   0x0000000e   Code   RO         7907    .text               c_w.l(defsig_rtmem_outer.o)
    0x080017f2   0x080017f2   0x00000002   Code   RO         7918    .text               c_w.l(use_no_semi.o)
    0x080017f4   0x080017f4   0x00000000   Code   RO         7920    .text               c_w.l(indicate_semi.o)
    0x080017f4   0x080017f4   0x0000004a   Code   RO         7921    .text               c_w.l(sys_stackheap_outer.o)
    0x0800183e   0x0800183e   0x00000002   PAD
    0x08001840   0x08001840   0x00000010   Code   RO         7923    .text               c_w.l(rt_ctype_table.o)
    0x08001850   0x08001850   0x00000008   Code   RO         7930    .text               c_w.l(rt_locale_intlibspace.o)
    0x08001858   0x08001858   0x00000010   Code   RO         7932    .text               c_w.l(term_alloc.o)
    0x08001868   0x08001868   0x00000080   Code   RO         7934    .text               c_w.l(_printf_fp_infnan.o)
    0x080018e8   0x080018e8   0x000000e4   Code   RO         7936    .text               c_w.l(bigflt0.o)
    0x080019cc   0x080019cc   0x00000012   Code   RO         7964    .text               c_w.l(exit.o)
    0x080019de   0x080019de   0x0000000a   Code   RO         7966    .text               c_w.l(defsig_exit.o)
    0x080019e8   0x080019e8   0x00000050   Code   RO         7972    .text               c_w.l(defsig_rtmem_inner.o)
    0x08001a38   0x08001a38   0x0000000c   Code   RO         7988    .text               c_w.l(sys_exit.o)
    0x08001a44   0x08001a44   0x0000000a   Code   RO         7994    .text               c_w.l(h1_final_mt.o)
    0x08001a4e   0x08001a4e   0x00000032   Code   RO         8001    .text               c_w.l(defsig_general.o)
    0x08001a80   0x08001a80   0x00000080   Code   RO         8005    .text               c_w.l(strcmpv7m.o)
    0x08001b00   0x08001b00   0x0000000e   Code   RO         8023    .text               c_w.l(sys_wrch.o)
    0x08001b0e   0x08001b0e   0x0000003e   Code   RO         7939    CL$$btod_d2e        c_w.l(btod.o)
    0x08001b4c   0x08001b4c   0x00000046   Code   RO         7941    CL$$btod_d2e_denorm_low  c_w.l(btod.o)
    0x08001b92   0x08001b92   0x00000060   Code   RO         7940    CL$$btod_d2e_norm_op1  c_w.l(btod.o)
    0x08001bf2   0x08001bf2   0x00000338   Code   RO         7949    CL$$btod_div_common  c_w.l(btod.o)
    0x08001f2a   0x08001f2a   0x000000dc   Code   RO         7946    CL$$btod_e2e        c_w.l(btod.o)
    0x08002006   0x08002006   0x0000002a   Code   RO         7943    CL$$btod_ediv       c_w.l(btod.o)
    0x08002030   0x08002030   0x0000002a   Code   RO         7942    CL$$btod_emul       c_w.l(btod.o)
    0x0800205a   0x0800205a   0x00000244   Code   RO         7948    CL$$btod_mult_common  c_w.l(btod.o)
    0x0800229e   0x0800229e   0x00000002   Code   RO          495    i.BusFault_Handler  stm32f4xx_it.o
    0x080022a0   0x080022a0   0x00000010   Code   RO         6271    i.ChassisAbs        chassis.o
    0x080022b0   0x080022b0   0x00000094   Code   RO         6272    i.ChassisConfigIsValid  chassis.o
    0x08002344   0x08002344   0x00000028   Code   RO         6273    i.ChassisGetData    chassis.o
    0x0800236c   0x0800236c   0x000000b0   Code   RO         6274    i.ChassisInit       chassis.o
    0x0800241c   0x0800241c   0x00000032   Code   RO         6275    i.ChassisResetOdometry  chassis.o
    0x0800244e   0x0800244e   0x00000012   Code   RO         6276    i.ChassisSetForwardSpeed  chassis.o
    0x08002460   0x08002460   0x00000016   Code   RO         6277    i.ChassisSetTurnSpeed  chassis.o
    0x08002476   0x08002476   0x000000d6   Code   RO         6278    i.ChassisSetVelocity  chassis.o
    0x0800254c   0x0800254c   0x00000032   Code   RO         6279    i.ChassisStart      chassis.o
    0x0800257e   0x0800257e   0x00000002   PAD
    0x08002580   0x08002580   0x00000054   Code   RO         6280    i.ChassisStop       chassis.o
    0x080025d4   0x080025d4   0x00000114   Code   RO         6281    i.ChassisSyncData   chassis.o
    0x080026e8   0x080026e8   0x00000060   Code   RO         6282    i.ChassisUpdate     chassis.o
    0x08002748   0x08002748   0x0000000c   Code   RO          496    i.DMA2_Stream2_IRQHandler  stm32f4xx_it.o
    0x08002754   0x08002754   0x00000028   Code   RO         2072    i.DMA_CalcBaseAndBitshift  stm32f4xx_hal_dma.o
    0x0800277c   0x0800277c   0x00000054   Code   RO         2073    i.DMA_CheckFifoParam  stm32f4xx_hal_dma.o
    0x080027d0   0x080027d0   0x00000028   Code   RO         2074    i.DMA_SetConfig     stm32f4xx_hal_dma.o
    0x080027f8   0x080027f8   0x00000002   Code   RO          497    i.DebugMon_Handler  stm32f4xx_it.o
    0x080027fa   0x080027fa   0x00000006   Code   RO          498    i.EXTI0_IRQHandler  stm32f4xx_it.o
    0x08002800   0x08002800   0x00000008   Code   RO         5449    i.EncoderGetCount   encoder.o
    0x08002808   0x08002808   0x00000018   Code   RO         5450    i.EncoderGetData    encoder.o
    0x08002820   0x08002820   0x00000008   Code   RO         5451    i.EncoderGetDirection  encoder.o
    0x08002828   0x08002828   0x000000e4   Code   RO         5452    i.EncoderInit       encoder.o
    0x0800290c   0x0800290c   0x0000003c   Code   RO         5453    i.EncoderReset      encoder.o
    0x08002948   0x08002948   0x00000034   Code   RO         5454    i.EncoderResetSpeedWindow  encoder.o
    0x0800297c   0x0800297c   0x0000001e   Code   RO         5455    i.EncoderStart      encoder.o
    0x0800299a   0x0800299a   0x00000002   PAD
    0x0800299c   0x0800299c   0x00000040   Code   RO         5456    i.EncoderStop       encoder.o
    0x080029dc   0x080029dc   0x00000144   Code   RO         5457    i.EncoderUpdate     encoder.o
    0x08002b20   0x08002b20   0x00000004   Code   RO          118    i.Error_Handler     main.o
    0x08002b24   0x08002b24   0x00000008   Code   RO         6608    i.GPIORead          bsp_gpio.o
    0x08002b2c   0x08002b2c   0x00000044   Code   RO         6609    i.GPIORegister      bsp_gpio.o
    0x08002b70   0x08002b70   0x0000000a   Code   RO         6610    i.GPIOReset         bsp_gpio.o
    0x08002b7a   0x08002b7a   0x0000000a   Code   RO         6611    i.GPIOSet           bsp_gpio.o
    0x08002b84   0x08002b84   0x00000008   Code   RO         6612    i.GPIOToggel        bsp_gpio.o
    0x08002b8c   0x08002b8c   0x00000092   Code   RO         2075    i.HAL_DMA_Abort     stm32f4xx_hal_dma.o
    0x08002c1e   0x08002c1e   0x00000024   Code   RO         2076    i.HAL_DMA_Abort_IT  stm32f4xx_hal_dma.o
    0x08002c42   0x08002c42   0x00000002   PAD
    0x08002c44   0x08002c44   0x000001a0   Code   RO         2080    i.HAL_DMA_IRQHandler  stm32f4xx_hal_dma.o
    0x08002de4   0x08002de4   0x000000d4   Code   RO         2081    i.HAL_DMA_Init      stm32f4xx_hal_dma.o
    0x08002eb8   0x08002eb8   0x0000006e   Code   RO         2085    i.HAL_DMA_Start_IT  stm32f4xx_hal_dma.o
    0x08002f26   0x08002f26   0x00000002   PAD
    0x08002f28   0x08002f28   0x00000038   Code   RO         6613    i.HAL_GPIO_EXTI_Callback  bsp_gpio.o
    0x08002f60   0x08002f60   0x00000018   Code   RO         1967    i.HAL_GPIO_EXTI_IRQHandler  stm32f4xx_hal_gpio.o
    0x08002f78   0x08002f78   0x000001f0   Code   RO         1968    i.HAL_GPIO_Init     stm32f4xx_hal_gpio.o
    0x08003168   0x08003168   0x0000000a   Code   RO         1970    i.HAL_GPIO_ReadPin  stm32f4xx_hal_gpio.o
    0x08003172   0x08003172   0x00000010   Code   RO         1971    i.HAL_GPIO_TogglePin  stm32f4xx_hal_gpio.o
    0x08003182   0x08003182   0x0000000a   Code   RO         1972    i.HAL_GPIO_WritePin  stm32f4xx_hal_gpio.o
    0x0800318c   0x0800318c   0x0000000c   Code   RO         2518    i.HAL_GetTick       stm32f4xx_hal.o
    0x08003198   0x08003198   0x00000010   Code   RO         2524    i.HAL_IncTick       stm32f4xx_hal.o
    0x080031a8   0x080031a8   0x00000034   Code   RO         2525    i.HAL_Init          stm32f4xx_hal.o
    0x080031dc   0x080031dc   0x00000098   Code   RO          601    i.HAL_InitTick      stm32f4xx_hal_timebase_tim.o
    0x08003274   0x08003274   0x00000038   Code   RO          577    i.HAL_MspInit       stm32f4xx_hal_msp.o
    0x080032ac   0x080032ac   0x0000001a   Code   RO         2360    i.HAL_NVIC_EnableIRQ  stm32f4xx_hal_cortex.o
    0x080032c6   0x080032c6   0x00000002   PAD
    0x080032c8   0x080032c8   0x00000040   Code   RO         2366    i.HAL_NVIC_SetPriority  stm32f4xx_hal_cortex.o
    0x08003308   0x08003308   0x00000024   Code   RO         2367    i.HAL_NVIC_SetPriorityGrouping  stm32f4xx_hal_cortex.o
    0x0800332c   0x0800332c   0x00000134   Code   RO         1614    i.HAL_RCC_ClockConfig  stm32f4xx_hal_rcc.o
    0x08003460   0x08003460   0x00000040   Code   RO         1618    i.HAL_RCC_GetClockConfig  stm32f4xx_hal_rcc.o
    0x080034a0   0x080034a0   0x00000020   Code   RO         1621    i.HAL_RCC_GetPCLK1Freq  stm32f4xx_hal_rcc.o
    0x080034c0   0x080034c0   0x00000020   Code   RO         1622    i.HAL_RCC_GetPCLK2Freq  stm32f4xx_hal_rcc.o
    0x080034e0   0x080034e0   0x00000064   Code   RO         1623    i.HAL_RCC_GetSysClockFreq  stm32f4xx_hal_rcc.o
    0x08003544   0x08003544   0x0000036c   Code   RO         1626    i.HAL_RCC_OscConfig  stm32f4xx_hal_rcc.o
    0x080038b0   0x080038b0   0x00000002   Code   RO         1346    i.HAL_TIMEx_BreakCallback  stm32f4xx_hal_tim_ex.o
    0x080038b2   0x080038b2   0x00000002   Code   RO         1347    i.HAL_TIMEx_CommutCallback  stm32f4xx_hal_tim_ex.o
    0x080038b4   0x080038b4   0x00000054   Code   RO         1349    i.HAL_TIMEx_ConfigBreakDeadTime  stm32f4xx_hal_tim_ex.o
    0x08003908   0x08003908   0x00000090   Code   RO         1365    i.HAL_TIMEx_MasterConfigSynchronization  stm32f4xx_hal_tim_ex.o
    0x08003998   0x08003998   0x0000005a   Code   RO          642    i.HAL_TIM_Base_Init  stm32f4xx_hal_tim.o
    0x080039f2   0x080039f2   0x00000002   PAD
    0x080039f4   0x080039f4   0x00000044   Code   RO          376    i.HAL_TIM_Base_MspInit  tim.o
    0x08003a38   0x08003a38   0x00000078   Code   RO          645    i.HAL_TIM_Base_Start  stm32f4xx_hal_tim.o
    0x08003ab0   0x08003ab0   0x00000080   Code   RO          647    i.HAL_TIM_Base_Start_IT  stm32f4xx_hal_tim.o
    0x08003b30   0x08003b30   0x00000026   Code   RO          648    i.HAL_TIM_Base_Stop  stm32f4xx_hal_tim.o
    0x08003b56   0x08003b56   0x00000030   Code   RO          650    i.HAL_TIM_Base_Stop_IT  stm32f4xx_hal_tim.o
    0x08003b86   0x08003b86   0x000000dc   Code   RO          651    i.HAL_TIM_ConfigClockSource  stm32f4xx_hal_tim.o
    0x08003c62   0x08003c62   0x000000a4   Code   RO          663    i.HAL_TIM_Encoder_Init  stm32f4xx_hal_tim.o
    0x08003d06   0x08003d06   0x00000002   PAD
    0x08003d08   0x08003d08   0x000000a4   Code   RO          378    i.HAL_TIM_Encoder_MspInit  tim.o
    0x08003dac   0x08003dac   0x0000008e   Code   RO          666    i.HAL_TIM_Encoder_Start  stm32f4xx_hal_tim.o
    0x08003e3a   0x08003e3a   0x000000b6   Code   RO          668    i.HAL_TIM_Encoder_Start_IT  stm32f4xx_hal_tim.o
    0x08003ef0   0x08003ef0   0x00000066   Code   RO          669    i.HAL_TIM_Encoder_Stop  stm32f4xx_hal_tim.o
    0x08003f56   0x08003f56   0x00000090   Code   RO          671    i.HAL_TIM_Encoder_Stop_IT  stm32f4xx_hal_tim.o
    0x08003fe6   0x08003fe6   0x00000002   Code   RO          676    i.HAL_TIM_IC_CaptureCallback  stm32f4xx_hal_tim.o
    0x08003fe8   0x08003fe8   0x00000130   Code   RO          690    i.HAL_TIM_IRQHandler  stm32f4xx_hal_tim.o
    0x08004118   0x08004118   0x00000084   Code   RO          379    i.HAL_TIM_MspPostInit  tim.o
    0x0800419c   0x0800419c   0x00000002   Code   RO          693    i.HAL_TIM_OC_DelayElapsedCallback  stm32f4xx_hal_tim.o
    0x0800419e   0x0800419e   0x000000cc   Code   RO          714    i.HAL_TIM_PWM_ConfigChannel  stm32f4xx_hal_tim.o
    0x0800426a   0x0800426a   0x0000005a   Code   RO          717    i.HAL_TIM_PWM_Init  stm32f4xx_hal_tim.o
    0x080042c4   0x080042c4   0x00000002   Code   RO          719    i.HAL_TIM_PWM_MspInit  stm32f4xx_hal_tim.o
    0x080042c6   0x080042c6   0x00000002   PAD
    0x080042c8   0x080042c8   0x00000048   Code   RO         6826    i.HAL_TIM_PWM_PulseFinishedCallback  bsp_pwm.o
    0x08004310   0x08004310   0x000000c8   Code   RO          722    i.HAL_TIM_PWM_Start  stm32f4xx_hal_tim.o
    0x080043d8   0x080043d8   0x0000007c   Code   RO          725    i.HAL_TIM_PWM_Stop  stm32f4xx_hal_tim.o
    0x08004454   0x08004454   0x0000001a   Code   RO          119    i.HAL_TIM_PeriodElapsedCallback  main.o
    0x0800446e   0x0800446e   0x00000002   Code   RO          733    i.HAL_TIM_TriggerCallback  stm32f4xx_hal_tim.o
    0x08004470   0x08004470   0x00000004   Code   RO         2771    i.HAL_UARTEx_GetRxEventType  stm32f4xx_hal_uart.o
    0x08004474   0x08004474   0x0000004a   Code   RO         2773    i.HAL_UARTEx_ReceiveToIdle_DMA  stm32f4xx_hal_uart.o
    0x080044be   0x080044be   0x00000002   PAD
    0x080044c0   0x080044c0   0x000000e4   Code   RO         7058    i.HAL_UARTEx_RxEventCallback  bsp_usart.o
    0x080045a4   0x080045a4   0x00000068   Code   RO         7059    i.HAL_UART_ErrorCallback  bsp_usart.o
    0x0800460c   0x0800460c   0x00000280   Code   RO         2792    i.HAL_UART_IRQHandler  stm32f4xx_hal_uart.o
    0x0800488c   0x0800488c   0x00000064   Code   RO         2793    i.HAL_UART_Init     stm32f4xx_hal_uart.o
    0x080048f0   0x080048f0   0x000000b4   Code   RO          454    i.HAL_UART_MspInit  usart.o
    0x080049a4   0x080049a4   0x00000002   Code   RO         2799    i.HAL_UART_RxCpltCallback  stm32f4xx_hal_uart.o
    0x080049a6   0x080049a6   0x00000002   Code   RO         2800    i.HAL_UART_RxHalfCpltCallback  stm32f4xx_hal_uart.o
    0x080049a8   0x080049a8   0x000000a0   Code   RO         2801    i.HAL_UART_Transmit  stm32f4xx_hal_uart.o
    0x08004a48   0x08004a48   0x00000002   Code   RO         2804    i.HAL_UART_TxCpltCallback  stm32f4xx_hal_uart.o
    0x08004a4a   0x08004a4a   0x00000002   Code   RO          499    i.HardFault_Handler  stm32f4xx_it.o
    0x08004a4c   0x08004a4c   0x00000118   Code   RO         6667    i.IICRegister       bsp_iic.o
    0x08004b64   0x08004b64   0x0000001c   Code   RO         6670    i.IICSoftConfigIsValid  bsp_iic.o
    0x08004b80   0x08004b80   0x0000001e   Code   RO         6671    i.IICSoftDelay      bsp_iic.o
    0x08004b9e   0x08004b9e   0x00000002   PAD
    0x08004ba0   0x08004ba0   0x000000f4   Code   RO         6672    i.IICSoftEnableGPIOClock  bsp_iic.o
    0x08004c94   0x08004c94   0x00000034   Code   RO         6673    i.IICSoftInitGPIOPin  bsp_iic.o
    0x08004cc8   0x08004cc8   0x0000003c   Code   RO         6674    i.IICSoftReadBit    bsp_iic.o
    0x08004d04   0x08004d04   0x00000032   Code   RO         6676    i.IICSoftStart      bsp_iic.o
    0x08004d36   0x08004d36   0x00000030   Code   RO         6677    i.IICSoftStop       bsp_iic.o
    0x08004d66   0x08004d66   0x0000002c   Code   RO         6678    i.IICSoftWriteBit   bsp_iic.o
    0x08004d92   0x08004d92   0x0000002e   Code   RO         6679    i.IICSoftWriteByte  bsp_iic.o
    0x08004dc0   0x08004dc0   0x0000000c   Code   RO         6680    i.IICSoftWriteSCL   bsp_iic.o
    0x08004dcc   0x08004dcc   0x0000000c   Code   RO         6681    i.IICSoftWriteSDA   bsp_iic.o
    0x08004dd8   0x08004dd8   0x0000005a   Code   RO         6682    i.IICTransmit       bsp_iic.o
    0x08004e32   0x08004e32   0x00000002   PAD
    0x08004e34   0x08004e34   0x0000004c   Code   RO         5526    i.ImuBindMethods    imu_driver.o
    0x08004e80   0x08004e80   0x00000024   Code   RO         5527    i.ImuGetAccel       imu_driver.o
    0x08004ea4   0x08004ea4   0x00000024   Code   RO         5528    i.ImuGetAngle       imu_driver.o
    0x08004ec8   0x08004ec8   0x00000026   Code   RO         5529    i.ImuGetData        imu_driver.o
    0x08004eee   0x08004eee   0x00000024   Code   RO         5530    i.ImuGetGyro        imu_driver.o
    0x08004f12   0x08004f12   0x00000024   Code   RO         5531    i.ImuGetQuaternion  imu_driver.o
    0x08004f36   0x08004f36   0x00000002   PAD
    0x08004f38   0x08004f38   0x000000f0   Code   RO         5532    i.ImuInit           imu_driver.o
    0x08005028   0x08005028   0x00000062   Code   RO         5533    i.ImuMahonySolverInit  imu_driver.o
    0x0800508a   0x0800508a   0x00000080   Code   RO         5534    i.ImuMahonySolverUpdate  imu_driver.o
    0x0800510a   0x0800510a   0x000000c6   Code   RO         5535    i.ImuProcess        imu_driver.o
    0x080051d0   0x080051d0   0x00000036   Code   RO         5536    i.ImuProtocolIsValid  imu_driver.o
    0x08005206   0x08005206   0x0000002e   Code   RO         5539    i.ImuQueueDataSize  imu_driver.o
    0x08005234   0x08005234   0x0000002e   Code   RO         5540    i.ImuQueueDiscard   imu_driver.o
    0x08005262   0x08005262   0x0000003a   Code   RO         5541    i.ImuQueueMatches   imu_driver.o
    0x0800529c   0x0800529c   0x0000000c   Code   RO         5542    i.ImuQueueNextIndex  imu_driver.o
    0x080052a8   0x080052a8   0x00000036   Code   RO         5543    i.ImuQueuePeek      imu_driver.o
    0x080052de   0x080052de   0x00000002   PAD
    0x080052e0   0x080052e0   0x0000009c   Code   RO         5544    i.ImuUARTCallback   imu_driver.o
    0x0800537c   0x0800537c   0x0000001c   Code   RO         5702    i.KeyClearEvent     key_driver.o
    0x08005398   0x08005398   0x00000030   Code   RO         5703    i.KeyGetData        key_driver.o
    0x080053c8   0x080053c8   0x0000000e   Code   RO         5704    i.KeyGetLastEvent   key_driver.o
    0x080053d6   0x080053d6   0x00000070   Code   RO         5705    i.KeyGpioCallback   key_driver.o
    0x08005446   0x08005446   0x00000002   PAD
    0x08005448   0x08005448   0x000000c4   Code   RO         5706    i.KeyInit           key_driver.o
    0x0800550c   0x0800550c   0x00000018   Code   RO         5707    i.KeyRead           key_driver.o
    0x08005524   0x08005524   0x0000001c   Code   RO         5708    i.KeySetCallback    key_driver.o
    0x08005540   0x08005540   0x00000020   Code   RO         5709    i.KeySyncData       key_driver.o
    0x08005560   0x08005560   0x00000020   Code   RO         5775    i.LedGetData        led_driver.o
    0x08005580   0x08005580   0x000000c0   Code   RO         5776    i.LedInit           led_driver.o
    0x08005640   0x08005640   0x00000006   Code   RO         5777    i.LedOff            led_driver.o
    0x08005646   0x08005646   0x00000006   Code   RO         5778    i.LedOn             led_driver.o
    0x0800564c   0x0800564c   0x00000018   Code   RO         5779    i.LedRead           led_driver.o
    0x08005664   0x08005664   0x00000016   Code   RO         5780    i.LedStateToPinState  led_driver.o
    0x0800567a   0x0800567a   0x00000020   Code   RO         5781    i.LedSyncData       led_driver.o
    0x0800569a   0x0800569a   0x00000024   Code   RO         5782    i.LedToggle         led_driver.o
    0x080056be   0x080056be   0x0000002e   Code   RO         5783    i.LedWrite          led_driver.o
    0x080056ec   0x080056ec   0x0000002c   Code   RO          351    i.MX_DMA_Init       dma.o
    0x08005718   0x08005718   0x00000024   Code   RO          309    i.MX_FREERTOS_Init  freertos.o
    0x0800573c   0x0800573c   0x00000134   Code   RO          285    i.MX_GPIO_Init      gpio.o
    0x08005870   0x08005870   0x000000fc   Code   RO          380    i.MX_TIM1_Init      tim.o
    0x0800596c   0x0800596c   0x0000006c   Code   RO          381    i.MX_TIM3_Init      tim.o
    0x080059d8   0x080059d8   0x0000006c   Code   RO          382    i.MX_TIM4_Init      tim.o
    0x08005a44   0x08005a44   0x000000a8   Code   RO          383    i.MX_TIM5_Init      tim.o
    0x08005aec   0x08005aec   0x00000038   Code   RO          455    i.MX_USART1_UART_Init  usart.o
    0x08005b24   0x08005b24   0x000000d0   Code   RO         5224    i.MahonyAhrsGetEulerDegrees  mahony_ahrs.o
    0x08005bf4   0x08005bf4   0x00000088   Code   RO         5225    i.MahonyAhrsInit    mahony_ahrs.o
    0x08005c7c   0x08005c7c   0x000001e0   Code   RO         5226    i.MahonyAhrsUpdate  mahony_ahrs.o
    0x08005e5c   0x08005e5c   0x00000002   Code   RO          500    i.MemManage_Handler  stm32f4xx_it.o
    0x08005e5e   0x08005e5e   0x000000bc   Code   RO         5663    i.Mg354pdh0ApplyGyroCalibration  mg354pdh0_driver.o
    0x08005f1a   0x08005f1a   0x00000002   PAD
    0x08005f1c   0x08005f1c   0x00000044   Code   RO         5664    i.Mg354pdh0DeviceInit  mg354pdh0_driver.o
    0x08005f60   0x08005f60   0x000000dc   Code   RO         5665    i.Mg354pdh0FrameParse  mg354pdh0_driver.o
    0x0800603c   0x0800603c   0x00000114   Code   RO         5848    i.MotorApplyReductionOutput  motor_driver.o
    0x08006150   0x08006150   0x0000001c   Code   RO         5849    i.MotorGetData      motor_driver.o
    0x0800616c   0x0800616c   0x00000012   Code   RO         5850    i.MotorGpioConfigIsValid  motor_driver.o
    0x0800617e   0x0800617e   0x00000002   PAD
    0x08006180   0x08006180   0x0000013c   Code   RO         5851    i.MotorInit         motor_driver.o
    0x080062bc   0x080062bc   0x000000d0   Code   RO         5852    i.MotorNormalizeConfig  motor_driver.o
    0x0800638c   0x0800638c   0x0000002c   Code   RO         5853    i.MotorPwmConfigIsValid  motor_driver.o
    0x080063b8   0x080063b8   0x00000088   Code   RO         5854    i.MotorRegisterPwm  motor_driver.o
    0x08006440   0x08006440   0x00000074   Code   RO         5855    i.MotorSetAngle     motor_driver.o
    0x080064b4   0x080064b4   0x0000001a   Code   RO         5856    i.MotorSetOutput    motor_driver.o
    0x080064ce   0x080064ce   0x00000016   Code   RO         5857    i.MotorSetSpeed     motor_driver.o
    0x080064e4   0x080064e4   0x00000046   Code   RO         5858    i.MotorStart        motor_driver.o
    0x0800652a   0x0800652a   0x00000002   PAD
    0x0800652c   0x0800652c   0x00000078   Code   RO         5859    i.MotorStop         motor_driver.o
    0x080065a4   0x080065a4   0x0000002c   Code   RO         5860    i.MotorSyncEncoderData  motor_driver.o
    0x080065d0   0x080065d0   0x00000076   Code   RO         5861    i.MotorTb6612ApplyDirection  motor_driver.o
    0x08006646   0x08006646   0x0000001c   Code   RO         5862    i.MotorTb6612SetStandby  motor_driver.o
    0x08006662   0x08006662   0x00000020   Code   RO         5863    i.MotorUpdate       motor_driver.o
    0x08006682   0x08006682   0x0000001e   Code   RO         5864    i.MotorWriteGpio    motor_driver.o
    0x080066a0   0x080066a0   0x00000002   Code   RO          501    i.NMI_Handler       stm32f4xx_it.o
    0x080066a2   0x080066a2   0x00000056   Code   RO         5964    i.OledAppendUnsigned  oled_driver.o
    0x080066f8   0x080066f8   0x000000b0   Code   RO         5965    i.OledBindMethods   oled_driver.o
    0x080067a8   0x080067a8   0x0000001e   Code   RO         5966    i.OledClear         oled_driver.o
    0x080067c6   0x080067c6   0x0000004a   Code   RO         5967    i.OledConfigIsValid  oled_driver.o
    0x08006810   0x08006810   0x000000bc   Code   RO         5968    i.OledDrawChar      oled_driver.o
    0x080068cc   0x080068cc   0x0000002a   Code   RO         5969    i.OledDrawFloat     oled_driver.o
    0x080068f6   0x080068f6   0x00000046   Code   RO         5970    i.OledDrawInt       oled_driver.o
    0x0800693c   0x0800693c   0x0000005a   Code   RO         5971    i.OledDrawPixel     oled_driver.o
    0x08006996   0x08006996   0x00000002   PAD
    0x08006998   0x08006998   0x0000004e   Code   RO         5972    i.OledDrawRect      oled_driver.o
    0x080069e6   0x080069e6   0x0000006e   Code   RO         5973    i.OledDrawString    oled_driver.o
    0x08006a54   0x08006a54   0x0000006c   Code   RO         5974    i.OledFill          oled_driver.o
    0x08006ac0   0x08006ac0   0x000000ea   Code   RO         5975    i.OledFormatFloat   oled_driver.o
    0x08006baa   0x08006baa   0x00000016   Code   RO         5976    i.OledGetData       oled_driver.o
    0x08006bc0   0x08006bc0   0x000001b0   Code   RO         5977    i.OledInit          oled_driver.o
    0x08006d70   0x08006d70   0x000000cc   Code   RO         5978    i.OledRefresh       oled_driver.o
    0x08006e3c   0x08006e3c   0x00000028   Code   RO         5979    i.OledRefreshAll    oled_driver.o
    0x08006e64   0x08006e64   0x00000024   Code   RO         5980    i.OledSetDisplay    oled_driver.o
    0x08006e88   0x08006e88   0x00000024   Code   RO         5981    i.OledSetInverted   oled_driver.o
    0x08006eac   0x08006eac   0x0000001e   Code   RO         5982    i.OledShowFloat     oled_driver.o
    0x08006eca   0x08006eca   0x0000001e   Code   RO         5983    i.OledShowInt       oled_driver.o
    0x08006ee8   0x08006ee8   0x00000020   Code   RO         5984    i.OledShowString    oled_driver.o
    0x08006f08   0x08006f08   0x00000026   Code   RO         5985    i.OledWriteCommand  oled_driver.o
    0x08006f2e   0x08006f2e   0x00000020   Code   RO         6827    i.PWMClamp          bsp_pwm.o
    0x08006f4e   0x08006f4e   0x00000002   PAD
    0x08006f50   0x08006f50   0x000000e4   Code   RO         6830    i.PWMRegister       bsp_pwm.o
    0x08007034   0x08007034   0x00000068   Code   RO         6831    i.PWMSelectTclk     bsp_pwm.o
    0x0800709c   0x0800709c   0x0000005c   Code   RO         6832    i.PWMSetDutyRatio   bsp_pwm.o
    0x080070f8   0x080070f8   0x00000052   Code   RO         6833    i.PWMSetPeriod      bsp_pwm.o
    0x0800714a   0x0800714a   0x00000020   Code   RO         6834    i.PWMSetPulseWidth  bsp_pwm.o
    0x0800716a   0x0800716a   0x0000000c   Code   RO         6835    i.PWMStart          bsp_pwm.o
    0x08007176   0x08007176   0x0000000c   Code   RO         6837    i.PWMStop           bsp_pwm.o
    0x08007182   0x08007182   0x00000002   PAD
    0x08007184   0x08007184   0x00000048   Code   RO         6112    i.PidApplyIntegralLimit  pid.o
    0x080071cc   0x080071cc   0x00000018   Code   RO         6113    i.PidApplyOutputLimit  pid.o
    0x080071e4   0x080071e4   0x00000138   Code   RO         6114    i.PidCalculate      pid.o
    0x0800731c   0x0800731c   0x00000018   Code   RO         6115    i.PidGetData        pid.o
    0x08007334   0x08007334   0x000000b0   Code   RO         6116    i.PidInit           pid.o
    0x080073e4   0x080073e4   0x0000000e   Code   RO         6117    i.PidReset          pid.o
    0x080073f2   0x080073f2   0x00000026   Code   RO         6118    i.PidSetIntegralLimit  pid.o
    0x08007418   0x08007418   0x00000032   Code   RO         6119    i.PidSetOutputLimit  pid.o
    0x0800744a   0x0800744a   0x00000012   Code   RO         6120    i.PidSetParam       pid.o
    0x0800745c   0x0800745c   0x00000010   Code   RO         6121    i.PidSetTarget      pid.o
    0x0800746c   0x0800746c   0x00000012   Code   RO         6780    i.PrintLog          bsp_log.o
    0x0800747e   0x0800747e   0x00000028   Code   RO         6781    i.PrintLogV         bsp_log.o
    0x080074a6   0x080074a6   0x00000002   PAD
    0x080074a8   0x080074a8   0x00000038   Code   RO         7207    i.SEGGER_RTT_Write  segger_rtt.o
    0x080074e0   0x080074e0   0x0000005c   Code   RO         7208    i.SEGGER_RTT_WriteNoLock  segger_rtt.o
    0x0800753c   0x0800753c   0x0000001a   Code   RO         7210    i.SEGGER_RTT_WriteString  segger_rtt.o
    0x08007556   0x08007556   0x00000008   Code   RO          310    i.StartDefaultTask  freertos.o
    0x0800755e   0x0800755e   0x0000001a   Code   RO         4274    i.SysTick_Handler   cmsis_os2.o
    0x08007578   0x08007578   0x00000094   Code   RO          120    i.SystemClock_Config  main.o
    0x0800760c   0x0800760c   0x00000010   Code   RO         3127    i.SystemInit        system_stm32f4xx.o
    0x0800761c   0x0800761c   0x0000000c   Code   RO          502    i.TIM2_IRQHandler   stm32f4xx_it.o
    0x08007628   0x08007628   0x00000010   Code   RO         6975    i.TIMGetCounter     bsp_tim.o
    0x08007638   0x08007638   0x00000082   Code   RO         6976    i.TIMGetDelta       bsp_tim.o
    0x080076ba   0x080076ba   0x00000002   PAD
    0x080076bc   0x080076bc   0x00000040   Code   RO         6978    i.TIMPeriodElapsedCallback  bsp_tim.o
    0x080076fc   0x080076fc   0x000000c4   Code   RO         6979    i.TIMRegister       bsp_tim.o
    0x080077c0   0x080077c0   0x00000012   Code   RO         6981    i.TIMSetCounter     bsp_tim.o
    0x080077d2   0x080077d2   0x00000040   Code   RO         6982    i.TIMStart          bsp_tim.o
    0x08007812   0x08007812   0x00000040   Code   RO         6983    i.TIMStop           bsp_tim.o
    0x08007852   0x08007852   0x00000002   PAD
    0x08007854   0x08007854   0x000000d0   Code   RO          735    i.TIM_Base_SetConfig  stm32f4xx_hal_tim.o
    0x08007924   0x08007924   0x0000001a   Code   RO          736    i.TIM_CCxChannelCmd  stm32f4xx_hal_tim.o
    0x0800793e   0x0800793e   0x00000014   Code   RO          746    i.TIM_ETR_SetConfig  stm32f4xx_hal_tim.o
    0x08007952   0x08007952   0x00000010   Code   RO          747    i.TIM_ITRx_SetConfig  stm32f4xx_hal_tim.o
    0x08007962   0x08007962   0x00000002   PAD
    0x08007964   0x08007964   0x00000060   Code   RO          748    i.TIM_OC1_SetConfig  stm32f4xx_hal_tim.o
    0x080079c4   0x080079c4   0x0000006c   Code   RO          749    i.TIM_OC2_SetConfig  stm32f4xx_hal_tim.o
    0x08007a30   0x08007a30   0x00000068   Code   RO          750    i.TIM_OC3_SetConfig  stm32f4xx_hal_tim.o
    0x08007a98   0x08007a98   0x00000050   Code   RO          751    i.TIM_OC4_SetConfig  stm32f4xx_hal_tim.o
    0x08007ae8   0x08007ae8   0x00000022   Code   RO          753    i.TIM_TI1_ConfigInputStage  stm32f4xx_hal_tim.o
    0x08007b0a   0x08007b0a   0x00000024   Code   RO          755    i.TIM_TI2_ConfigInputStage  stm32f4xx_hal_tim.o
    0x08007b2e   0x08007b2e   0x0000000e   Code   RO         2806    i.UART_DMAAbortOnError  stm32f4xx_hal_uart.o
    0x08007b3c   0x08007b3c   0x0000004a   Code   RO         2807    i.UART_DMAError     stm32f4xx_hal_uart.o
    0x08007b86   0x08007b86   0x00000086   Code   RO         2808    i.UART_DMAReceiveCplt  stm32f4xx_hal_uart.o
    0x08007c0c   0x08007c0c   0x0000001e   Code   RO         2810    i.UART_DMARxHalfCplt  stm32f4xx_hal_uart.o
    0x08007c2a   0x08007c2a   0x0000004e   Code   RO         2816    i.UART_EndRxTransfer  stm32f4xx_hal_uart.o
    0x08007c78   0x08007c78   0x0000001c   Code   RO         2817    i.UART_EndTxTransfer  stm32f4xx_hal_uart.o
    0x08007c94   0x08007c94   0x000000c2   Code   RO         2818    i.UART_Receive_IT   stm32f4xx_hal_uart.o
    0x08007d56   0x08007d56   0x00000002   PAD
    0x08007d58   0x08007d58   0x0000010c   Code   RO         2819    i.UART_SetConfig    stm32f4xx_hal_uart.o
    0x08007e64   0x08007e64   0x000000a0   Code   RO         2820    i.UART_Start_Receive_DMA  stm32f4xx_hal_uart.o
    0x08007f04   0x08007f04   0x00000072   Code   RO         2822    i.UART_WaitOnFlagUntilTimeout  stm32f4xx_hal_uart.o
    0x08007f76   0x08007f76   0x00000002   PAD
    0x08007f78   0x08007f78   0x0000000c   Code   RO          503    i.USART1_IRQHandler  stm32f4xx_it.o
    0x08007f84   0x08007f84   0x00000168   Code   RO         7061    i.USARTRegister     bsp_usart.o
    0x080080ec   0x080080ec   0x0000001c   Code   RO         7063    i.USARTSendBlocking  bsp_usart.o
    0x08008108   0x08008108   0x00000034   Code   RO         7064    i.USARTServiceInit  bsp_usart.o
    0x0800813c   0x0800813c   0x00000002   Code   RO          504    i.UsageFault_Handler  stm32f4xx_it.o
    0x0800813e   0x0800813e   0x0000003e   Code   RO         6182    i.WheelApplyMotorOutput  wheel_driver.o
    0x0800817c   0x0800817c   0x00000028   Code   RO         6183    i.WheelGetData      wheel_driver.o
    0x080081a4   0x080081a4   0x00000014   Code   RO         6184    i.WheelGetDirectionSign  wheel_driver.o
    0x080081b8   0x080081b8   0x000001b0   Code   RO         6185    i.WheelInit         wheel_driver.o
    0x08008368   0x08008368   0x00000034   Code   RO         6186    i.WheelResetOdometry  wheel_driver.o
    0x0800839c   0x0800839c   0x00000018   Code   RO         6187    i.WheelSetAngularSpeed  wheel_driver.o
    0x080083b4   0x080083b4   0x000000ac   Code   RO         6188    i.WheelSetLinearSpeed  wheel_driver.o
    0x08008460   0x08008460   0x00000024   Code   RO         6189    i.WheelStart        wheel_driver.o
    0x08008484   0x08008484   0x00000044   Code   RO         6190    i.WheelStop         wheel_driver.o
    0x080084c8   0x080084c8   0x000000d4   Code   RO         6191    i.WheelSyncData     wheel_driver.o
    0x0800859c   0x0800859c   0x000000b8   Code   RO         6192    i.WheelUpdate       wheel_driver.o
    0x08008654   0x08008654   0x00000084   Code   RO         6193    i.WheelUpdateSpeedPidIntegralLimit  wheel_driver.o
    0x080086d8   0x080086d8   0x00000068   Code   RO         7212    i._DoInit           segger_rtt.o
    0x08008740   0x08008740   0x00000016   Code   RO         7213    i._GetAvailWriteSpace  segger_rtt.o
    0x08008756   0x08008756   0x0000005a   Code   RO         7215    i._WriteBlocking    segger_rtt.o
    0x080087b0   0x080087b0   0x00000042   Code   RO         7216    i._WriteNoCheck     segger_rtt.o
    0x080087f2   0x080087f2   0x00000030   Code   RO         7986    i.__ARM_fpclassify  m_wm.l(fpclassify.o)
    0x08008822   0x08008822   0x00000026   Code   RO         7841    i.__ARM_fpclassifyf  m_wm.l(fpclassifyf.o)
    0x08008848   0x08008848   0x00000020   Code   RO         2373    i.__NVIC_SetPriority  stm32f4xx_hal_cortex.o
    0x08008868   0x08008868   0x0000012c   Code   RO         7637    i.__hardfp_asinf    m_wm.l(asinf.o)
    0x08008994   0x08008994   0x00000250   Code   RO         7649    i.__hardfp_atan2f   m_wm.l(atan2f.o)
    0x08008be4   0x08008be4   0x0000003a   Code   RO         7661    i.__hardfp_sqrtf    m_wm.l(sqrtf.o)
    0x08008c1e   0x08008c1e   0x00000006   Code   RO         7844    i.__mathlib_flt_infnan  m_wm.l(funder.o)
    0x08008c24   0x08008c24   0x00000006   Code   RO         7845    i.__mathlib_flt_infnan2  m_wm.l(funder.o)
    0x08008c2a   0x08008c2a   0x00000002   PAD
    0x08008c2c   0x08008c2c   0x00000010   Code   RO         7846    i.__mathlib_flt_invalid  m_wm.l(funder.o)
    0x08008c3c   0x08008c3c   0x00000010   Code   RO         7849    i.__mathlib_flt_underflow  m_wm.l(funder.o)
    0x08008c4c   0x08008c4c   0x0000000e   Code   RO         7583    i._is_digit         c_w.l(__printf_wp.o)
    0x08008c5a   0x08008c5a   0x00000002   PAD
    0x08008c5c   0x08008c5c   0x00000030   Code   RO           14    i._mutex_acquire    armlib_lock_glue.o
    0x08008c8c   0x08008c8c   0x0000002c   Code   RO           15    i._mutex_free       armlib_lock_glue.o
    0x08008cb8   0x08008cb8   0x00000058   Code   RO           16    i._mutex_initialize  armlib_lock_glue.o
    0x08008d10   0x08008d10   0x00000030   Code   RO           17    i._mutex_release    armlib_lock_glue.o
    0x08008d40   0x08008d40   0x00000134   Code   RO         6364    i.chassisTestUpdateTelemetry  robot.o
    0x08008e74   0x08008e74   0x00000020   Code   RO         5334    i.float_constrain   user_lib.o
    0x08008e94   0x08008e94   0x0000002e   Code   RO         6365    i.imuParseTask      robot.o
    0x08008ec2   0x08008ec2   0x00000002   PAD
    0x08008ec4   0x08008ec4   0x00000018   Code   RO         6366    i.keyEventCallback  robot.o
    0x08008edc   0x08008edc   0x00000032   Code   RO          121    i.main              main.o
    0x08008f0e   0x08008f0e   0x00000002   PAD
    0x08008f10   0x08008f10   0x000000b8   Code   RO         6367    i.oledTask          robot.o
    0x08008fc8   0x08008fc8   0x0000001a   Code   RO         4276    i.osDelay           cmsis_os2.o
    0x08008fe2   0x08008fe2   0x0000002e   Code   RO         4277    i.osDelayUntil      cmsis_os2.o
    0x08009010   0x08009010   0x0000000e   Code   RO         4288    i.osKernelGetTickCount  cmsis_os2.o
    0x0800901e   0x0800901e   0x00000006   Code   RO         4289    i.osKernelGetTickFreq  cmsis_os2.o
    0x08009024   0x08009024   0x00000024   Code   RO         4290    i.osKernelInitialize  cmsis_os2.o
    0x08009048   0x08009048   0x00000038   Code   RO         4293    i.osKernelStart     cmsis_os2.o
    0x08009080   0x08009080   0x00000008   Code   RO         4324    i.osThreadExit      cmsis_os2.o
    0x08009088   0x08009088   0x0000008a   Code   RO         4335    i.osThreadNew       cmsis_os2.o
    0x08009112   0x08009112   0x00000002   PAD
    0x08009114   0x08009114   0x0000005c   Code   RO         3735    i.prvAddCurrentTaskToDelayedList  tasks.o
    0x08009170   0x08009170   0x000000d0   Code   RO         3736    i.prvAddNewTaskToReadyList  tasks.o
    0x08009240   0x08009240   0x00000058   Code   RO         4100    i.prvCheckForValidListAndQueue  timers.o
    0x08009298   0x08009298   0x00000026   Code   RO         3332    i.prvCopyDataFromQueue  queue.o
    0x080092be   0x080092be   0x0000006c   Code   RO         3333    i.prvCopyDataToQueue  queue.o
    0x0800932a   0x0800932a   0x00000034   Code   RO         3737    i.prvDeleteTCB      tasks.o
    0x0800935e   0x0800935e   0x00000002   PAD
    0x08009360   0x08009360   0x0000004c   Code   RO         4787    i.prvHeapInit       heap_4.o
    0x080093ac   0x080093ac   0x00000060   Code   RO         3738    i.prvIdleTask       tasks.o
    0x0800940c   0x0800940c   0x00000022   Code   RO         3335    i.prvInitialiseNewQueue  queue.o
    0x0800942e   0x0800942e   0x00000002   PAD
    0x08009430   0x08009430   0x000000b0   Code   RO         3739    i.prvInitialiseNewTask  tasks.o
    0x080094e0   0x080094e0   0x0000004c   Code   RO         4788    i.prvInsertBlockIntoFreeList  heap_4.o
    0x0800952c   0x0800952c   0x00000038   Code   RO         4102    i.prvInsertTimerInActiveList  timers.o
    0x08009564   0x08009564   0x0000001c   Code   RO         3336    i.prvIsQueueEmpty   queue.o
    0x08009580   0x08009580   0x000000fc   Code   RO         4103    i.prvProcessReceivedCommands  timers.o
    0x0800967c   0x0800967c   0x000000c0   Code   RO         4104    i.prvProcessTimerOrBlockTask  timers.o
    0x0800973c   0x0800973c   0x00000020   Code   RO         3741    i.prvResetNextTaskUnblockTime  tasks.o
    0x0800975c   0x0800975c   0x00000028   Code   RO         4105    i.prvSampleTimeNow  timers.o
    0x08009784   0x08009784   0x0000006c   Code   RO         4106    i.prvSwitchTimerLists  timers.o
    0x080097f0   0x080097f0   0x00000028   Code   RO         4843    i.prvTaskExitError  port.o
    0x08009818   0x08009818   0x00000024   Code   RO         4107    i.prvTimerTask      timers.o
    0x0800983c   0x0800983c   0x0000006a   Code   RO         3337    i.prvUnlockQueue    queue.o
    0x080098a6   0x080098a6   0x00000002   PAD
    0x080098a8   0x080098a8   0x000000dc   Code   RO         4789    i.pvPortMalloc      heap_4.o
    0x08009984   0x08009984   0x0000002c   Code   RO         4844    i.pxPortInitialiseStack  port.o
    0x080099b0   0x080099b0   0x00000160   Code   RO         6368    i.robotInit         robot.o
    0x08009b10   0x08009b10   0x0000003e   Code   RO         7663    i.sqrtf             m_wm.l(sqrtf.o)
    0x08009b4e   0x08009b4e   0x0000003c   Code   RO           18    i.stm32_lock_acquire  armlib_lock_glue.o
    0x08009b8a   0x08009b8a   0x00000002   PAD
    0x08009b8c   0x08009b8c   0x00000032   Code   RO           19    i.stm32_lock_release  armlib_lock_glue.o
    0x08009bbe   0x08009bbe   0x00000002   PAD
    0x08009bc0   0x08009bc0   0x000000f4   Code   RO         6369    i.testTask          robot.o
    0x08009cb4   0x08009cb4   0x00000026   Code   RO         3292    i.uxListRemove      list.o
    0x08009cda   0x08009cda   0x00000002   PAD
    0x08009cdc   0x08009cdc   0x00000014   Code   RO         4347    i.vApplicationGetIdleTaskMemory  cmsis_os2.o
    0x08009cf0   0x08009cf0   0x00000018   Code   RO         4348    i.vApplicationGetTimerTaskMemory  cmsis_os2.o
    0x08009d08   0x08009d08   0x00000016   Code   RO         3293    i.vListInitialise   list.o
    0x08009d1e   0x08009d1e   0x00000006   Code   RO         3294    i.vListInitialiseItem  list.o
    0x08009d24   0x08009d24   0x00000030   Code   RO         3295    i.vListInsert       list.o
    0x08009d54   0x08009d54   0x00000018   Code   RO         3296    i.vListInsertEnd    list.o
    0x08009d6c   0x08009d6c   0x00000040   Code   RO         4846    i.vPortEnterCritical  port.o
    0x08009dac   0x08009dac   0x00000028   Code   RO         4847    i.vPortExitCritical  port.o
    0x08009dd4   0x08009dd4   0x00000064   Code   RO         4790    i.vPortFree         heap_4.o
    0x08009e38   0x08009e38   0x00000024   Code   RO         4848    i.vPortSetupTimerInterrupt  port.o
    0x08009e5c   0x08009e5c   0x00000054   Code   RO         4849    i.vPortValidateInterruptPriority  port.o
    0x08009eb0   0x08009eb0   0x00000028   Code   RO         3343    i.vQueueAddToRegistry  queue.o
    0x08009ed8   0x08009ed8   0x00000044   Code   RO         3347    i.vQueueWaitForMessageRestricted  queue.o
    0x08009f1c   0x08009f1c   0x0000004c   Code   RO         3754    i.vTaskDelay        tasks.o
    0x08009f68   0x08009f68   0x0000008c   Code   RO         3755    i.vTaskDelayUntil   tasks.o
    0x08009ff4   0x08009ff4   0x00000090   Code   RO         3756    i.vTaskDelete       tasks.o
    0x0800a084   0x0800a084   0x00000010   Code   RO         3759    i.vTaskInternalSetTimeOutState  tasks.o
    0x0800a094   0x0800a094   0x0000000c   Code   RO         3760    i.vTaskMissedYield  tasks.o
    0x0800a0a0   0x0800a0a0   0x00000030   Code   RO         3762    i.vTaskPlaceOnEventList  tasks.o
    0x0800a0d0   0x0800a0d0   0x00000038   Code   RO         3763    i.vTaskPlaceOnEventListRestricted  tasks.o
    0x0800a108   0x0800a108   0x00000088   Code   RO         3771    i.vTaskStartScheduler  tasks.o
    0x0800a190   0x0800a190   0x00000010   Code   RO         3773    i.vTaskSuspendAll   tasks.o
    0x0800a1a0   0x0800a1a0   0x00000064   Code   RO         3774    i.vTaskSwitchContext  tasks.o
    0x0800a204   0x0800a204   0x000000f4   Code   RO         4850    i.xPortStartScheduler  port.o
    0x0800a2f8   0x0800a2f8   0x0000002c   Code   RO         4851    i.xPortSysTickHandler  port.o
    0x0800a324   0x0800a324   0x00000066   Code   RO         3353    i.xQueueGenericCreateStatic  queue.o
    0x0800a38a   0x0800a38a   0x00000002   PAD
    0x0800a38c   0x0800a38c   0x00000088   Code   RO         3354    i.xQueueGenericReset  queue.o
    0x0800a414   0x0800a414   0x00000160   Code   RO         3355    i.xQueueGenericSend  queue.o
    0x0800a574   0x0800a574   0x000000be   Code   RO         3356    i.xQueueGenericSendFromISR  queue.o
    0x0800a632   0x0800a632   0x00000002   PAD
    0x0800a634   0x0800a634   0x00000138   Code   RO         3365    i.xQueueReceive     queue.o
    0x0800a76c   0x0800a76c   0x00000074   Code   RO         3776    i.xTaskCheckForTimeOut  tasks.o
    0x0800a7e0   0x0800a7e0   0x0000005a   Code   RO         3777    i.xTaskCreate       tasks.o
    0x0800a83a   0x0800a83a   0x00000056   Code   RO         3778    i.xTaskCreateStatic  tasks.o
    0x0800a890   0x0800a890   0x0000001c   Code   RO         3782    i.xTaskGetSchedulerState  tasks.o
    0x0800a8ac   0x0800a8ac   0x0000000c   Code   RO         3783    i.xTaskGetTickCount  tasks.o
    0x0800a8b8   0x0800a8b8   0x00000010   Code   RO         3784    i.xTaskGetTickCountFromISR  tasks.o
    0x0800a8c8   0x0800a8c8   0x000000c8   Code   RO         3785    i.xTaskIncrementTick  tasks.o
    0x0800a990   0x0800a990   0x00000080   Code   RO         3788    i.xTaskPriorityDisinherit  tasks.o
    0x0800aa10   0x0800aa10   0x00000070   Code   RO         3790    i.xTaskRemoveFromEventList  tasks.o
    0x0800aa80   0x0800aa80   0x000000c4   Code   RO         3791    i.xTaskResumeAll    tasks.o
    0x0800ab44   0x0800ab44   0x00000060   Code   RO         4116    i.xTimerCreateTimerTask  timers.o
    0x0800aba4   0x0800aba4   0x00000068   Code   RO         4117    i.xTimerGenericCommand  timers.o
    0x0800ac0c   0x0800ac0c   0x0000002c   Code   RO         7962    locale$$code        c_w.l(lc_numeric_c.o)
    0x0800ac38   0x0800ac38   0x0000002c   Code   RO         7997    locale$$code        c_w.l(lc_ctype_c.o)
    0x0800ac64   0x0800ac64   0x0000000a   Code   RO         7916    x$fpl$fpinit        fz_wm.l(fpinit.o)
    0x0800ac6e   0x0800ac6e   0x00000004   Code   RO         7832    x$fpl$printf1       fz_wm.l(printf1.o)
    0x0800ac72   0x0800ac72   0x00000004   Code   RO         7834    x$fpl$printf2       fz_wm.l(printf2.o)
    0x0800ac76   0x0800ac76   0x00000000   Code   RO         7840    x$fpl$usenofp       fz_wm.l(usenofp.o)
    0x0800ac76   0x0800ac76   0x00000002   PAD
    0x0800ac78   0x0800ac78   0x00000024   Data   RO          311    .constdata          freertos.o
    0x0800ac9c   0x0800ac9c   0x00000008   Data   RO         2087    .constdata          stm32f4xx_hal_dma.o
    0x0800aca4   0x0800aca4   0x00000010   Data   RO         3128    .constdata          system_stm32f4xx.o
    0x0800acb4   0x0800acb4   0x00000008   Data   RO         3129    .constdata          system_stm32f4xx.o
    0x0800acbc   0x0800acbc   0x00000018   Data   RO         5666    .constdata          mg354pdh0_driver.o
    0x0800acd4   0x0800acd4   0x000001db   Data   RO         5986    .constdata          oled_driver.o
    0x0800aeaf   0x0800aeaf   0x00000001   Data   RO         6370    .constdata          robot.o
    0x0800aeb0   0x0800aeb0   0x00000001   Data   RO         6371    .constdata          robot.o
    0x0800aeb1   0x0800aeb1   0x00000003   PAD
    0x0800aeb4   0x0800aeb4   0x00000370   Data   RO         6372    .constdata          robot.o
    0x0800b224   0x0800b224   0x00000008   Data   RO         6373    .constdata          robot.o
    0x0800b22c   0x0800b22c   0x00000010   Data   RO         6374    .constdata          robot.o
    0x0800b23c   0x0800b23c   0x00000011   Data   RO         7591    .constdata          c_w.l(__printf_flags_ss_wp.o)
    0x0800b24d   0x0800b24d   0x00000003   PAD
    0x0800b250   0x0800b250   0x00000008   Data   RO         7728    .constdata          c_w.l(_printf_wctomb.o)
    0x0800b258   0x0800b258   0x00000028   Data   RO         7757    .constdata          c_w.l(_printf_hex_int_ll_ptr.o)
    0x0800b280   0x0800b280   0x00000026   Data   RO         7897    .constdata          c_w.l(_printf_fp_hex.o)
    0x0800b2a6   0x0800b2a6   0x00000002   PAD
    0x0800b2a8   0x0800b2a8   0x00000094   Data   RO         7937    .constdata          c_w.l(bigflt0.o)
    0x0800b33c   0x0800b33c   0x0000000c   Data   RO          312    .conststring        freertos.o
    0x0800b348   0x0800b348   0x0000002d   Data   RO         6375    .conststring        robot.o
    0x0800b375   0x0800b375   0x00000003   PAD
    0x0800b378   0x0800b378   0x00000048   Data   RO         7066    .conststring        bsp_usart.o
    0x0800b3c0   0x0800b3c0   0x00000020   Data   RO         8051    Region$$Table       anon$$obj.o
    0x0800b3e0   0x0800b3e0   0x0000001c   Data   RO         7961    locale$$data        c_w.l(lc_numeric_c.o)
    0x0800b3fc   0x0800b3fc   0x00000110   Data   RO         7996    locale$$data        c_w.l(lc_ctype_c.o)


    Execution Region RW_IRAM1 (Exec base: 0x20000000, Load base: 0x0800b50c, Size: 0x00007a48, Max: 0x0001c000, ABSOLUTE, COMPRESSED[0x00000174])

    Exec Addr    Load Addr    Size         Type   Attr      Idx    E Section Name        Object

    0x20000000   COMPRESSED   0x00000001   Data   RW           21    .data               armlib_lock_glue.o
    0x20000001   COMPRESSED   0x00000003   PAD
    0x20000004   COMPRESSED   0x00000004   Data   RW          313    .data               freertos.o
    0x20000008   COMPRESSED   0x0000000c   Data   RW         2532    .data               stm32f4xx_hal.o
    0x20000014   COMPRESSED   0x00000004   Data   RW         3130    .data               system_stm32f4xx.o
    0x20000018   COMPRESSED   0x0000003c   Data   RW         3794    .data               tasks.o
    0x20000054   COMPRESSED   0x00000014   Data   RW         4125    .data               timers.o
    0x20000068   COMPRESSED   0x00000004   Data   RW         4350    .data               cmsis_os2.o
    0x2000006c   COMPRESSED   0x00000020   Data   RW         4796    .data               heap_4.o
    0x2000008c   COMPRESSED   0x0000000c   Data   RW         4852    .data               port.o
    0x20000098   COMPRESSED   0x0000003c   Data   RW         6376    .data               robot.o
    0x200000d4   COMPRESSED   0x00000020   Data   RW         6377    .data               robot.o
    0x200000f4   COMPRESSED   0x00000cd0   Data   RW         6378    .data               robot.o
    0x20000dc4   COMPRESSED   0x00000001   Data   RW         6615    .data               bsp_gpio.o
    0x20000dc5   COMPRESSED   0x00000001   Data   RW         6684    .data               bsp_iic.o
    0x20000dc6   COMPRESSED   0x00000001   Data   RW         6839    .data               bsp_pwm.o
    0x20000dc7   COMPRESSED   0x00000001   Data   RW         6985    .data               bsp_tim.o
    0x20000dc8   COMPRESSED   0x00000001   Data   RW         7067    .data               bsp_usart.o
    0x20000dc9   COMPRESSED   0x00000003   PAD
    0x20000dcc        -       0x0000008c   Zero   RW           20    .bss                armlib_lock_glue.o
    0x20000e58        -       0x00000120   Zero   RW          384    .bss                tim.o
    0x20000f78        -       0x000000a8   Zero   RW          456    .bss                usart.o
    0x20001020        -       0x00000048   Zero   RW          604    .bss                stm32f4xx_hal_timebase_tim.o
    0x20001068        -       0x00000040   Zero   RW         3369    .bss                queue.o
    0x200010a8        -       0x000004c4   Zero   RW         3793    .bss                tasks.o
    0x2000156c        -       0x00000118   Zero   RW         4124    .bss                timers.o
    0x20001684        -       0x000006b8   Zero   RW         4349    .bss                cmsis_os2.o
    0x20001d3c        -       0x00003c00   Zero   RW         4795    .bss                heap_4.o
    0x2000593c        -       0x0000000c   Zero   RW         5545    .bss                imu_driver.o
    0x20005948        -       0x00000028   Zero   RW         6614    .bss                bsp_gpio.o
    0x20005970        -       0x00000180   Zero   RW         6683    .bss                bsp_iic.o
    0x20005af0        -       0x00000200   Zero   RW         6838    .bss                bsp_pwm.o
    0x20005cf0        -       0x000000c4   Zero   RW         6984    .bss                bsp_tim.o
    0x20005db4        -       0x0000033c   Zero   RW         7065    .bss                bsp_usart.o
    0x200060f0        -       0x000000f8   Zero   RW         7217    .bss                segger_rtt.o
    0x200061e8        -       0x00000060   Zero   RW         7860    .bss                c_w.l(libspace.o)
    0x20006248        -       0x00001000   Zero   RW            2    HEAP                startup_stm32f407xx.o
    0x20007248        -       0x00000800   Zero   RW            1    STACK               startup_stm32f407xx.o


    Execution Region RW_IRAM2 (Exec base: 0x2001c000, Load base: 0x0800b680, Size: 0x00000000, Max: 0x00004000, ABSOLUTE)

    **** No section assigned to this execution region ****


==============================================================================

Image component sizes


      Code (inc. data)   RO Data    RW Data    ZI Data      Debug   Object Name

       338         24          0          1        140      15284   armlib_lock_glue.o
       160         18          0          1         40       3670   bsp_gpio.o
       996         50          0          1        384       9404   bsp_iic.o
        58          0          0          0          0       2279   bsp_log.o
       666         48          0          1        512       6191   bsp_pwm.o
       552         20          0          1        196       6512   bsp_tim.o
       772        242         72          1        828       4361   bsp_usart.o
      1190         62          0          0          0      14959   chassis.o
       400         22          0          4       1720      67426   cmsis_os2.o
        44          4          0          0          0        742   dma.o
       798         48          0          0          0       8431   encoder.o
         0          0          0          0          0      19360   event_groups.o
        44         14         48          4          0       1665   freertos.o
       308         20          0          0          0       1039   gpio.o
       472         24          0         32      15360       4759   heap_4.o
      1348         42          0          0         12      16522   imu_driver.o
       482         24          0          0          0      13668   key_driver.o
       396         24          0          0          0       6917   led_driver.o
       138          0          0          0          0       3434   list.o
       824         22          0          0          0       5236   mahony_ahrs.o
       228          8          0          0          0     698024   main.o
       476         12         24          0          0       4092   mg354pdh0_driver.o
      1632         70          0          0          0      14877   motor_driver.o
      2186         72        475          0          0      22494   oled_driver.o
       744         42          0          0          0       8308   pid.o
       786         82          0         12          0      11297   port.o
      1514         20          0          0         64      17160   queue.o
      1158        108        951       3372          0       9840   robot.o
       456         42          0          0        248       9395   segger_rtt.o
        64         26        392          0       6144        828   startup_stm32f407xx.o
        80         14          0         12          0       7978   stm32f4xx_hal.o
       158         14          0          0          0      32938   stm32f4xx_hal_cortex.o
      1084         16          8          0          0       7194   stm32f4xx_hal_dma.o
       556         52          0          0          0       4027   stm32f4xx_hal_gpio.o
        56          4          0          0          0        834   stm32f4xx_hal_msp.o
      1412         86          0          0          0       5797   stm32f4xx_hal_rcc.o
      3036        176          0          0          0      23368   stm32f4xx_hal_tim.o
       232         28          0          0          0       3221   stm32f4xx_hal_tim_ex.o
       152         18          0          0         72       1427   stm32f4xx_hal_timebase_tim.o
      2078         28          0          0          0      14688   stm32f4xx_hal_uart.o
        54         18          0          0          0       4488   stm32f4xx_it.o
         0          0          0          0          0        384   stream_buffer.o
        16          4         24          4          0       1079   system_stm32f4xx.o
      2384        194          0         60       1220      29059   tasks.o
      1000         88          0          0        288       5261   tim.o
       972         80          0         20        280      31839   timers.o
       236         30          0          0        168       1733   usart.o
        32          0          0          0          0        678   user_lib.o
      1434         72          0          0          0      11568   wheel_driver.o

    ----------------------------------------------------------------------
     34278       2112       2032       3532      27676    1195735   Object Totals
         0          0         32          0          0          0   (incl. Generated)
        76          0          6          6          0          0   (incl. Padding)

    ----------------------------------------------------------------------

      Code (inc. data)   RO Data    RW Data    ZI Data      Debug   Library Member Name

        90          0          0          0          0          0   __dczerorl2.o
         8          0          0          0          0         68   __main.o
       392          4         17          0          0         92   __printf_flags_ss_wp.o
        14          0          0          0          0         68   __printf_wp.o
         0          0          0          0          0          0   __rtentry.o
        12          0          0          0          0          0   __rtentry2.o
         6          0          0          0          0          0   __rtentry4.o
        52          8          0          0          0          0   __scatter.o
        28          0          0          0          0          0   __scatter_zi.o
         6          0          0          0          0          0   _printf_a.o
         6          0          0          0          0          0   _printf_c.o
        44          0          0          0          0        108   _printf_char.o
        48          6          0          0          0         96   _printf_char_common.o
        40          0          0          0          0         68   _printf_charcount.o
         6          0          0          0          0          0   _printf_d.o
       120         16          0          0          0         92   _printf_dec.o
         6          0          0          0          0          0   _printf_e.o
         6          0          0          0          0          0   _printf_f.o
      1054          0          0          0          0        216   _printf_fp_dec.o
       764          8         38          0          0        100   _printf_fp_hex.o
       128         16          0          0          0         84   _printf_fp_infnan.o
         6          0          0          0          0          0   _printf_g.o
       148          4         40          0          0        160   _printf_hex_int_ll_ptr.o
         6          0          0          0          0          0   _printf_i.o
       178          0          0          0          0         88   _printf_intcommon.o
        10          0          0          0          0          0   _printf_l.o
         6          0          0          0          0          0   _printf_lc.o
        10          0          0          0          0          0   _printf_ll.o
         6          0          0          0          0          0   _printf_lld.o
         6          0          0          0          0          0   _printf_lli.o
         6          0          0          0          0          0   _printf_llo.o
         6          0          0          0          0          0   _printf_llu.o
         6          0          0          0          0          0   _printf_llx.o
       124         16          0          0          0         92   _printf_longlong_dec.o
         6          0          0          0          0          0   _printf_ls.o
         6          0          0          0          0          0   _printf_n.o
         6          0          0          0          0          0   _printf_o.o
       112         10          0          0          0        124   _printf_oct_int_ll.o
         6          0          0          0          0          0   _printf_p.o
        78          0          0          0          0        108   _printf_pad.o
         0          0          0          0          0          0   _printf_percent.o
         4          0          0          0          0          0   _printf_percent_end.o
         6          0          0          0          0          0   _printf_s.o
        82          0          0          0          0         80   _printf_str.o
        36          0          0          0          0         84   _printf_truncate.o
         6          0          0          0          0          0   _printf_u.o
        44          0          0          0          0        108   _printf_wchar.o
       188          6          8          0          0         92   _printf_wctomb.o
         6          0          0          0          0          0   _printf_x.o
        22          0          0          0          0        100   _rserrno.o
        16          0          0          0          0         68   _snputc.o
        10          0          0          0          0         68   _sputc.o
        64          0          0          0          0         92   _wcrtomb.o
        16          0          0          0          0         68   aeabi_memset.o
       228          4        148          0          0         96   bigflt0.o
      1936        128          0          0          0        672   btod.o
        10          0          0          0          0         68   defsig_exit.o
        50          0          0          0          0         88   defsig_general.o
        80         58          0          0          0         76   defsig_rtmem_inner.o
        14          0          0          0          0         80   defsig_rtmem_outer.o
        18          0          0          0          0         80   exit.o
       158          0          0          0          0        128   h1_alloc_mt.o
        62          0          0          0          0         80   h1_extend_mt.o
        10          0          0          0          0         76   h1_final_mt.o
       118          0          0          0          0        108   h1_free_mt.o
        18          0          0          0          0         84   h1_init_mt.o
         6          0          0          0          0        152   heapauxi.o
         4          0          0          0          0        136   hguard.o
         0          0          0          0          0          0   indicate_semi.o
       138          0          0          0          0        168   init_alloc.o
        44         10        272          0          0         76   lc_ctype_c.o
        44         10         28          0          0         76   lc_numeric_c.o
         2          0          0          0          0          0   libinit.o
        42          0          0          0          0          0   libinit2.o
         2          0          0          0          0          0   libshutdown.o
         6          0          0          0          0          0   libshutdown2.o
         8          4          0          0         96         68   libspace.o
       138          0          0          0          0         80   lludiv10.o
       238          0          0          0          0        100   lludivv7m.o
         0          0          0          0          0          0   maybetermalloc2.o
        16          4          0          0          0         76   rt_ctype_table.o
         8          4          0          0          0         68   rt_errno_addr_intlibspace.o
         8          4          0          0          0         68   rt_heap_descriptor_intlibspace.o
         8          4          0          0          0         68   rt_locale_intlibspace.o
        68          0          0          0          0         68   rt_memclr.o
        78          0          0          0          0         80   rt_memclr_w.o
       138          0          0          0          0         68   rt_memcpy_v6.o
       100          0          0          0          0         80   rt_memcpy_w.o
         2          0          0          0          0          0   rtexit.o
        10          0          0          0          0          0   rtexit2.o
       128          0          0          0          0         68   strcmpv7m.o
        72          0          0          0          0         80   strcpy.o
        62          0          0          0          0         76   strlen.o
        12          4          0          0          0         68   sys_exit.o
        74          0          0          0          0         80   sys_stackheap_outer.o
        14          0          0          0          0         76   sys_wrch.o
        16          0          0          0          0         80   term_alloc.o
         2          0          0          0          0         68   use_no_semi.o
        52          4          0          0          0         80   vsnprintf.o
        10          0          0          0          0        116   fpinit.o
         4          0          0          0          0        116   printf1.o
         4          0          0          0          0        116   printf2.o
         0          0          0          0          0          0   usenofp.o
       300         42          0          0          0        176   asinf.o
       592         90          0          0          0        184   atan2f.o
        48          0          0          0          0        124   fpclassify.o
        38          0          0          0          0        116   fpclassifyf.o
        44         12          0          0          0        464   funder.o
       120          0          0          0          0        272   sqrtf.o

    ----------------------------------------------------------------------
      9482        476        556          0         96       7752   Library Totals
        18          0          5          0          0          0   (incl. Padding)

    ----------------------------------------------------------------------

      Code (inc. data)   RO Data    RW Data    ZI Data      Debug   Library Name

      8304        332        551          0         96       6068   c_w.l
        18          0          0          0          0        348   fz_wm.l
      1142        144          0          0          0       1336   m_wm.l

    ----------------------------------------------------------------------
      9482        476        556          0         96       7752   Library Totals

    ----------------------------------------------------------------------

==============================================================================


      Code (inc. data)   RO Data    RW Data    ZI Data      Debug   

     43760       2588       2588       3532      27772    1163255   Grand Totals
     43760       2588       2588        372      27772    1163255   ELF Image Totals (compressed)
     43760       2588       2588        372          0          0   ROM Totals

==============================================================================

    Total RO  Size (Code + RO Data)                46348 (  45.26kB)
    Total RW  Size (RW Data + ZI Data)             31304 (  30.57kB)
    Total ROM Size (Code + RO Data + RW Data)      46720 (  45.63kB)

==============================================================================

