<html>
<body>
<pre>
<h1>µVision Build Log</h1>
<h2>Tool Versions:</h2>
IDE-Version: ¦ÌVision V5.28.0.0
Copyright (C) 2019 ARM Ltd and ARM Germany GmbH. All rights reserved.
License Information: A tianxuan, AA, LIC=R4HVE-5M64C-E0RN4-F07RS-TX5R5-XVUTG
 
Tool Versions:
Toolchain:       MDK-ARM Professional  Version: 5.28.0.0
Toolchain Path:  E:\keil5\ARM\ARMCC\Bin
C Compiler:      Armcc.exe V5.06 update 6 (build 750)
Assembler:       Armasm.exe V5.06 update 6 (build 750)
Linker/Locator:  ArmLink.exe V5.06 update 6 (build 750)
Library Manager: ArmAr.exe V5.06 update 6 (build 750)
Hex Converter:   FromElf.exe V5.06 update 6 (build 750)
CPU DLL:         SARMCM3.DLL V5.28.0.0
Dialog DLL:      DCM.DLL V1.17.3.0
Target DLL:      STLink\ST-LINKIII-KEIL_SWO.dll V3.0.6.0
Dialog DLL:      TCM.DLL V1.36.2.0
 
<h2>Project:</h2>
D:\STM32Hal\DianSai\MDK-ARM\DianSai.uvprojx
Project File Date:  07/19/2026

<h2>Output:</h2>
*** Using Compiler 'V5.06 update 6 (build 750)', folder: 'E:\keil5\ARM\ARMCC\Bin'
Rebuild target 'DianSai'
assembling startup_stm32f407xx.s...
compiling croutine.c...
compiling event_groups.c...
compiling armlib_lock_glue.c...
armlib_lock_glue.c(119): warning:  #111-D: statement is unreachable
    return 0;
armlib_lock_glue.c: 1 warning, 0 errors
compiling list.c...
compiling queue.c...
compiling stream_buffer.c...
compiling tasks.c...
compiling timers.c...
compiling heap_4.c...
compiling port.c...
compiling stm32f4xx_hal_tim_ex.c...
compiling freertos.c...
compiling main.c...
compiling usart.c...
compiling mahony_ahrs.c...
compiling gpio.c...
compiling stm32f4xx_hal_cortex.c...
compiling stm32f4xx_hal_msp.c...
compiling stm32f4xx_it.c...
compiling stm32f4xx_hal_pwr_ex.c...
compiling dma.c...
compiling can.c...
compiling system_stm32f4xx.c...
compiling stm32f4xx_hal_flash.c...
compiling tim.c...
compiling stm32f4xx_hal_flash_ramfunc.c...
compiling stm32f4xx_hal.c...
compiling stm32f4xx_hal_dma.c...
compiling stm32f4xx_hal_exti.c...
compiling stm32f4xx_hal_gpio.c...
compiling stm32f4xx_hal_timebase_tim.c...
compiling stm32f4xx_hal_pwr.c...
compiling stm32f4xx_hal_can.c...
compiling stm32f4xx_hal_flash_ex.c...
compiling stm32f4xx_hal_dma_ex.c...
compiling stm32f4xx_hal_rcc_ex.c...
compiling pid.c...
compiling stm32f4xx_hal_rcc.c...
compiling stm32f4xx_hal_uart.c...
compiling bsp_adc.c...
compiling kalman_filter.c...
compiling bsp_log.c...
..\bsp\log\bsp_log.h(14): warning:  #1295-D: Deprecated declaration BSPLogInit - give arg types
  void BSPLogInit();
..\bsp\log\bsp_log.c: 1 warning, 0 errors
compiling stm32f4xx_hal_tim.c...
compiling bsp_tools.c...
../bsp/log/bsp_log.h(14): warning:  #1295-D: Deprecated declaration BSPLogInit - give arg types
  void BSPLogInit();
..\bsp\bsp_tools.c: 1 warning, 0 errors
compiling SEGGER_RTT.c...
compiling QuaternionEKF.c...
compiling arm_mat_add_f32.c...
compiling arm_mat_init_f32.c...
compiling arm_mat_inverse_f32.c...
compiling arm_mat_mult_f32.c...
compiling controller.c...
../bsp/log/bsp_log.h(14): warning:  #1295-D: Deprecated declaration BSPLogInit - give arg types
  void BSPLogInit();
..\module\algorithm\controller.c: 1 warning, 0 errors
compiling arm_mat_sub_f32.c...
compiling crc16.c...
compiling cmsis_os2.c...
compiling arm_mat_trans_f32.c...
compiling crc8.c...
compiling encoder.c...
compiling led_driver.c...
compiling mg354pdh0_driver.c...
compiling oled_driver.c...
compiling gray.c...
compiling motor_driver.c...
compiling gimbal.c...
compiling zhangdatou_42.c...
compiling wheel_driver.c...
compiling bsp_flash.c...
compiling chassis.c...
compiling key_driver.c...
compiling bsp_gpio.c...
compiling bsp_can.c...
../bsp/log/bsp_log.h(14): warning:  #1295-D: Deprecated declaration BSPLogInit - give arg types
  void BSPLogInit();
..\bsp\can\bsp_can.c: 1 warning, 0 errors
compiling bsp_usart.c...
../bsp/log/bsp_log.h(14): warning:  #1295-D: Deprecated declaration BSPLogInit - give arg types
  void BSPLogInit();
..\bsp\usart\bsp_usart.c: 1 warning, 0 errors
compiling bsp_pwm.c...
compiling bsp_spi.c...
compiling user_lib.c...
compiling bsp_dwt.c...
../bsp/log/bsp_log.h(14): warning:  #1295-D: Deprecated declaration BSPLogInit - give arg types
  void BSPLogInit();
..\bsp\dwt\bsp_dwt.c: 1 warning, 0 errors
compiling bsp_iic.c...
compiling bsp_tim.c...
compiling bsp_usb.c...
compiling robot.c...
..\application\robot.c(539): warning:  #177-D: function "gimbalInit"  was declared but never referenced
  static void gimbalInit(void){
..\application\robot.c: 1 warning, 0 errors
compiling imu_driver.c...
linking...
Program Size: Code=48528 RO-data=2696 RW-data=3804 ZI-data=28036  
FromELF: creating hex file...
"DianSai\DianSai.axf" - 0 Error(s), 8 Warning(s).

<h2>Software Packages used:</h2>

Package Vendor: ARM
                http://www.keil.com/pack/ARM.CMSIS.5.5.1.pack
                ARM.CMSIS.5.5.1
                CMSIS (Cortex Microcontroller Software Interface Standard)
   * Component: CORE Version: 5.2.0

Package Vendor: Keil
                https://www.keil.com/pack/Keil.STM32F4xx_DFP.2.17.1.pack
                Keil.STM32F4xx_DFP.2.17.1
                STMicroelectronics STM32F4 Series Device Support, Drivers and Examples

<h2>Collection of Component include folders:</h2>
  .\RTE\_DianSai
  E:\keil5\ARM\Packs\ARM\CMSIS\5.5.1\CMSIS\Core\Include
  E:\keil5\ARM\Packs\Keil\STM32F4xx_DFP\2.17.1\Drivers\CMSIS\Device\ST\STM32F4xx\Include

<h2>Collection of Component Files used:</h2>

   * Component: ARM::CMSIS:CORE:5.2.0
Build Time Elapsed:  00:00:08
</pre>
</body>
</html>
