<!doctype html public "-//w3c//dtd html 4.0 transitional//en">
<html><head>
<title>Static Call Graph - [DianSai\DianSai.axf]</title></head>
<body><HR>
<H1>Static Call Graph for image DianSai\DianSai.axf</H1><HR>
<BR><P>#&#060CALLGRAPH&#062# ARM Linker, 5060750: Last Updated: Wed Jul 15 14:27:49 2026
<BR><P>
<H3>Maximum Stack Usage =        472 bytes + Unknown(Functions without stacksize, Cycles, Untraceable Function Pointers)</H3><H3>
Call chain for Maximum Stack Depth:</H3>
ImuInit &rArr; USARTRegister &rArr; PrintLog &rArr; PrintLogV &rArr; vsnprintf &rArr; _printf_char_common &rArr; __printf
<P>
<H3>
Functions with no stack information
</H3><UL>
 <LI><a href="#[13e]">__user_initial_stackheap</a>
</UL>
</UL>
<P>
<H3>
Mutually Recursive functions
</H3> <LI><a href="#[77]">ADC_IRQHandler</a>&nbsp;&nbsp;&nbsp;&rArr;&nbsp;&nbsp;&nbsp;<a href="#[77]">ADC_IRQHandler</a><BR>
 <LI><a href="#[5f]">BusFault_Handler</a>&nbsp;&nbsp;&nbsp;&rArr;&nbsp;&nbsp;&nbsp;<a href="#[5f]">BusFault_Handler</a><BR>
 <LI><a href="#[5d]">HardFault_Handler</a>&nbsp;&nbsp;&nbsp;&rArr;&nbsp;&nbsp;&nbsp;<a href="#[5d]">HardFault_Handler</a><BR>
 <LI><a href="#[5e]">MemManage_Handler</a>&nbsp;&nbsp;&nbsp;&rArr;&nbsp;&nbsp;&nbsp;<a href="#[5e]">MemManage_Handler</a><BR>
 <LI><a href="#[1a0]">UART_EndRxTransfer</a>&nbsp;&nbsp;&nbsp;&rArr;&nbsp;&nbsp;&nbsp;<a href="#[1a0]">UART_EndRxTransfer</a><BR>
 <LI><a href="#[5c]">NMI_Handler</a>&nbsp;&nbsp;&nbsp;&rArr;&nbsp;&nbsp;&nbsp;<a href="#[5c]">NMI_Handler</a><BR>
 <LI><a href="#[be]">StartDefaultTask</a>&nbsp;&nbsp;&nbsp;&rArr;&nbsp;&nbsp;&nbsp;<a href="#[be]">StartDefaultTask</a><BR>
 <LI><a href="#[60]">UsageFault_Handler</a>&nbsp;&nbsp;&nbsp;&rArr;&nbsp;&nbsp;&nbsp;<a href="#[60]">UsageFault_Handler</a><BR>
 <LI><a href="#[203]">UART_EndTxTransfer</a>&nbsp;&nbsp;&nbsp;&rArr;&nbsp;&nbsp;&nbsp;<a href="#[203]">UART_EndTxTransfer</a><BR>
</UL>
<P>
<H3>
Function Pointers
</H3><UL>
 <LI><a href="#[77]">ADC_IRQHandler</a> from startup_stm32f407xx.o(.text) referenced from startup_stm32f407xx.o(RESET)
 <LI><a href="#[5f]">BusFault_Handler</a> from stm32f4xx_it.o(i.BusFault_Handler) referenced from startup_stm32f407xx.o(RESET)
 <LI><a href="#[79]">CAN1_RX0_IRQHandler</a> from startup_stm32f407xx.o(.text) referenced from startup_stm32f407xx.o(RESET)
 <LI><a href="#[7a]">CAN1_RX1_IRQHandler</a> from startup_stm32f407xx.o(.text) referenced from startup_stm32f407xx.o(RESET)
 <LI><a href="#[7b]">CAN1_SCE_IRQHandler</a> from startup_stm32f407xx.o(.text) referenced from startup_stm32f407xx.o(RESET)
 <LI><a href="#[78]">CAN1_TX_IRQHandler</a> from startup_stm32f407xx.o(.text) referenced from startup_stm32f407xx.o(RESET)
 <LI><a href="#[a5]">CAN2_RX0_IRQHandler</a> from startup_stm32f407xx.o(.text) referenced from startup_stm32f407xx.o(RESET)
 <LI><a href="#[a6]">CAN2_RX1_IRQHandler</a> from startup_stm32f407xx.o(.text) referenced from startup_stm32f407xx.o(RESET)
 <LI><a href="#[a7]">CAN2_SCE_IRQHandler</a> from startup_stm32f407xx.o(.text) referenced from startup_stm32f407xx.o(RESET)
 <LI><a href="#[a4]">CAN2_TX_IRQHandler</a> from startup_stm32f407xx.o(.text) referenced from startup_stm32f407xx.o(RESET)
 <LI><a href="#[49]">ChassisGetData</a> from chassis.o(i.ChassisGetData) referenced 2 times from robot.o(.data)
 <LI><a href="#[49]">ChassisGetData</a> from chassis.o(i.ChassisGetData) referenced from chassis.o(i.ChassisInit)
 <LI><a href="#[41]">ChassisInit</a> from chassis.o(i.ChassisInit) referenced 2 times from robot.o(.data)
 <LI><a href="#[41]">ChassisInit</a> from chassis.o(i.ChassisInit) referenced from chassis.o(i.ChassisInit)
 <LI><a href="#[48]">ChassisResetOdometry</a> from chassis.o(i.ChassisResetOdometry) referenced 2 times from robot.o(.data)
 <LI><a href="#[48]">ChassisResetOdometry</a> from chassis.o(i.ChassisResetOdometry) referenced from chassis.o(i.ChassisInit)
 <LI><a href="#[45]">ChassisSetForwardSpeed</a> from chassis.o(i.ChassisSetForwardSpeed) referenced 2 times from robot.o(.data)
 <LI><a href="#[45]">ChassisSetForwardSpeed</a> from chassis.o(i.ChassisSetForwardSpeed) referenced from chassis.o(i.ChassisInit)
 <LI><a href="#[46]">ChassisSetTurnSpeed</a> from chassis.o(i.ChassisSetTurnSpeed) referenced 2 times from robot.o(.data)
 <LI><a href="#[46]">ChassisSetTurnSpeed</a> from chassis.o(i.ChassisSetTurnSpeed) referenced from chassis.o(i.ChassisInit)
 <LI><a href="#[44]">ChassisSetVelocity</a> from chassis.o(i.ChassisSetVelocity) referenced 2 times from robot.o(.data)
 <LI><a href="#[44]">ChassisSetVelocity</a> from chassis.o(i.ChassisSetVelocity) referenced from chassis.o(i.ChassisInit)
 <LI><a href="#[42]">ChassisStart</a> from chassis.o(i.ChassisStart) referenced 2 times from robot.o(.data)
 <LI><a href="#[42]">ChassisStart</a> from chassis.o(i.ChassisStart) referenced from chassis.o(i.ChassisInit)
 <LI><a href="#[43]">ChassisStop</a> from chassis.o(i.ChassisStop) referenced 2 times from robot.o(.data)
 <LI><a href="#[43]">ChassisStop</a> from chassis.o(i.ChassisStop) referenced from chassis.o(i.ChassisInit)
 <LI><a href="#[47]">ChassisUpdate</a> from chassis.o(i.ChassisUpdate) referenced 2 times from robot.o(.data)
 <LI><a href="#[47]">ChassisUpdate</a> from chassis.o(i.ChassisUpdate) referenced from chassis.o(i.ChassisInit)
 <LI><a href="#[b3]">DCMI_IRQHandler</a> from startup_stm32f407xx.o(.text) referenced from startup_stm32f407xx.o(RESET)
 <LI><a href="#[70]">DMA1_Stream0_IRQHandler</a> from startup_stm32f407xx.o(.text) referenced from startup_stm32f407xx.o(RESET)
 <LI><a href="#[71]">DMA1_Stream1_IRQHandler</a> from startup_stm32f407xx.o(.text) referenced from startup_stm32f407xx.o(RESET)
 <LI><a href="#[72]">DMA1_Stream2_IRQHandler</a> from startup_stm32f407xx.o(.text) referenced from startup_stm32f407xx.o(RESET)
 <LI><a href="#[73]">DMA1_Stream3_IRQHandler</a> from startup_stm32f407xx.o(.text) referenced from startup_stm32f407xx.o(RESET)
 <LI><a href="#[74]">DMA1_Stream4_IRQHandler</a> from startup_stm32f407xx.o(.text) referenced from startup_stm32f407xx.o(RESET)
 <LI><a href="#[75]">DMA1_Stream5_IRQHandler</a> from startup_stm32f407xx.o(.text) referenced from startup_stm32f407xx.o(RESET)
 <LI><a href="#[76]">DMA1_Stream6_IRQHandler</a> from startup_stm32f407xx.o(.text) referenced from startup_stm32f407xx.o(RESET)
 <LI><a href="#[94]">DMA1_Stream7_IRQHandler</a> from startup_stm32f407xx.o(.text) referenced from startup_stm32f407xx.o(RESET)
 <LI><a href="#[9d]">DMA2_Stream0_IRQHandler</a> from startup_stm32f407xx.o(.text) referenced from startup_stm32f407xx.o(RESET)
 <LI><a href="#[9e]">DMA2_Stream1_IRQHandler</a> from startup_stm32f407xx.o(.text) referenced from startup_stm32f407xx.o(RESET)
 <LI><a href="#[9f]">DMA2_Stream2_IRQHandler</a> from stm32f4xx_it.o(i.DMA2_Stream2_IRQHandler) referenced from startup_stm32f407xx.o(RESET)
 <LI><a href="#[a0]">DMA2_Stream3_IRQHandler</a> from startup_stm32f407xx.o(.text) referenced from startup_stm32f407xx.o(RESET)
 <LI><a href="#[a1]">DMA2_Stream4_IRQHandler</a> from startup_stm32f407xx.o(.text) referenced from startup_stm32f407xx.o(RESET)
 <LI><a href="#[a9]">DMA2_Stream5_IRQHandler</a> from startup_stm32f407xx.o(.text) referenced from startup_stm32f407xx.o(RESET)
 <LI><a href="#[aa]">DMA2_Stream6_IRQHandler</a> from startup_stm32f407xx.o(.text) referenced from startup_stm32f407xx.o(RESET)
 <LI><a href="#[ab]">DMA2_Stream7_IRQHandler</a> from startup_stm32f407xx.o(.text) referenced from startup_stm32f407xx.o(RESET)
 <LI><a href="#[62]">DebugMon_Handler</a> from stm32f4xx_it.o(i.DebugMon_Handler) referenced from startup_stm32f407xx.o(RESET)
 <LI><a href="#[a2]">ETH_IRQHandler</a> from startup_stm32f407xx.o(.text) referenced from startup_stm32f407xx.o(RESET)
 <LI><a href="#[a3]">ETH_WKUP_IRQHandler</a> from startup_stm32f407xx.o(.text) referenced from startup_stm32f407xx.o(RESET)
 <LI><a href="#[6b]">EXTI0_IRQHandler</a> from stm32f4xx_it.o(i.EXTI0_IRQHandler) referenced from startup_stm32f407xx.o(RESET)
 <LI><a href="#[8d]">EXTI15_10_IRQHandler</a> from startup_stm32f407xx.o(.text) referenced from startup_stm32f407xx.o(RESET)
 <LI><a href="#[6c]">EXTI1_IRQHandler</a> from startup_stm32f407xx.o(.text) referenced from startup_stm32f407xx.o(RESET)
 <LI><a href="#[6d]">EXTI2_IRQHandler</a> from startup_stm32f407xx.o(.text) referenced from startup_stm32f407xx.o(RESET)
 <LI><a href="#[6e]">EXTI3_IRQHandler</a> from startup_stm32f407xx.o(.text) referenced from startup_stm32f407xx.o(RESET)
 <LI><a href="#[6f]">EXTI4_IRQHandler</a> from startup_stm32f407xx.o(.text) referenced from startup_stm32f407xx.o(RESET)
 <LI><a href="#[7c]">EXTI9_5_IRQHandler</a> from startup_stm32f407xx.o(.text) referenced from startup_stm32f407xx.o(RESET)
 <LI><a href="#[26]">EncoderGetCount</a> from encoder.o(i.EncoderGetCount) referenced 4 times from robot.o(.data)
 <LI><a href="#[26]">EncoderGetCount</a> from encoder.o(i.EncoderGetCount) referenced from encoder.o(i.EncoderInit)
 <LI><a href="#[28]">EncoderGetData</a> from encoder.o(i.EncoderGetData) referenced 4 times from robot.o(.data)
 <LI><a href="#[28]">EncoderGetData</a> from encoder.o(i.EncoderGetData) referenced from encoder.o(i.EncoderInit)
 <LI><a href="#[27]">EncoderGetDirection</a> from encoder.o(i.EncoderGetDirection) referenced 4 times from robot.o(.data)
 <LI><a href="#[27]">EncoderGetDirection</a> from encoder.o(i.EncoderGetDirection) referenced from encoder.o(i.EncoderInit)
 <LI><a href="#[21]">EncoderInit</a> from encoder.o(i.EncoderInit) referenced 4 times from robot.o(.data)
 <LI><a href="#[21]">EncoderInit</a> from encoder.o(i.EncoderInit) referenced from encoder.o(i.EncoderInit)
 <LI><a href="#[25]">EncoderReset</a> from encoder.o(i.EncoderReset) referenced 4 times from robot.o(.data)
 <LI><a href="#[25]">EncoderReset</a> from encoder.o(i.EncoderReset) referenced from encoder.o(i.EncoderInit)
 <LI><a href="#[22]">EncoderStart</a> from encoder.o(i.EncoderStart) referenced 4 times from robot.o(.data)
 <LI><a href="#[22]">EncoderStart</a> from encoder.o(i.EncoderStart) referenced from encoder.o(i.EncoderInit)
 <LI><a href="#[23]">EncoderStop</a> from encoder.o(i.EncoderStop) referenced 4 times from robot.o(.data)
 <LI><a href="#[23]">EncoderStop</a> from encoder.o(i.EncoderStop) referenced from encoder.o(i.EncoderInit)
 <LI><a href="#[24]">EncoderUpdate</a> from encoder.o(i.EncoderUpdate) referenced 4 times from robot.o(.data)
 <LI><a href="#[24]">EncoderUpdate</a> from encoder.o(i.EncoderUpdate) referenced from encoder.o(i.EncoderInit)
 <LI><a href="#[69]">FLASH_IRQHandler</a> from startup_stm32f407xx.o(.text) referenced from startup_stm32f407xx.o(RESET)
 <LI><a href="#[95]">FMC_IRQHandler</a> from startup_stm32f407xx.o(.text) referenced from startup_stm32f407xx.o(RESET)
 <LI><a href="#[b5]">FPU_IRQHandler</a> from startup_stm32f407xx.o(.text) referenced from startup_stm32f407xx.o(RESET)
 <LI><a href="#[b4]">HASH_RNG_IRQHandler</a> from startup_stm32f407xx.o(.text) referenced from startup_stm32f407xx.o(RESET)
 <LI><a href="#[5d]">HardFault_Handler</a> from stm32f4xx_it.o(i.HardFault_Handler) referenced from startup_stm32f407xx.o(RESET)
 <LI><a href="#[85]">I2C1_ER_IRQHandler</a> from startup_stm32f407xx.o(.text) referenced from startup_stm32f407xx.o(RESET)
 <LI><a href="#[84]">I2C1_EV_IRQHandler</a> from startup_stm32f407xx.o(.text) referenced from startup_stm32f407xx.o(RESET)
 <LI><a href="#[87]">I2C2_ER_IRQHandler</a> from startup_stm32f407xx.o(.text) referenced from startup_stm32f407xx.o(RESET)
 <LI><a href="#[86]">I2C2_EV_IRQHandler</a> from startup_stm32f407xx.o(.text) referenced from startup_stm32f407xx.o(RESET)
 <LI><a href="#[ae]">I2C3_ER_IRQHandler</a> from startup_stm32f407xx.o(.text) referenced from startup_stm32f407xx.o(RESET)
 <LI><a href="#[ad]">I2C3_EV_IRQHandler</a> from startup_stm32f407xx.o(.text) referenced from startup_stm32f407xx.o(RESET)
 <LI><a href="#[10]">ImuGetAccel</a> from imu_driver.o(i.ImuGetAccel) referenced 2 times from robot.o(.data)
 <LI><a href="#[10]">ImuGetAccel</a> from imu_driver.o(i.ImuGetAccel) referenced from imu_driver.o(i.ImuBindMethods)
 <LI><a href="#[12]">ImuGetAngle</a> from imu_driver.o(i.ImuGetAngle) referenced 2 times from robot.o(.data)
 <LI><a href="#[12]">ImuGetAngle</a> from imu_driver.o(i.ImuGetAngle) referenced from imu_driver.o(i.ImuBindMethods)
 <LI><a href="#[f]">ImuGetData</a> from imu_driver.o(i.ImuGetData) referenced 2 times from robot.o(.data)
 <LI><a href="#[f]">ImuGetData</a> from imu_driver.o(i.ImuGetData) referenced from imu_driver.o(i.ImuBindMethods)
 <LI><a href="#[11]">ImuGetGyro</a> from imu_driver.o(i.ImuGetGyro) referenced 2 times from robot.o(.data)
 <LI><a href="#[11]">ImuGetGyro</a> from imu_driver.o(i.ImuGetGyro) referenced from imu_driver.o(i.ImuBindMethods)
 <LI><a href="#[13]">ImuGetQuaternion</a> from imu_driver.o(i.ImuGetQuaternion) referenced 2 times from robot.o(.data)
 <LI><a href="#[13]">ImuGetQuaternion</a> from imu_driver.o(i.ImuGetQuaternion) referenced from imu_driver.o(i.ImuBindMethods)
 <LI><a href="#[d]">ImuInit</a> from imu_driver.o(i.ImuInit) referenced 2 times from robot.o(.data)
 <LI><a href="#[d]">ImuInit</a> from imu_driver.o(i.ImuInit) referenced from imu_driver.o(i.ImuBindMethods)
 <LI><a href="#[9]">ImuMahonySolverInit</a> from imu_driver.o(i.ImuMahonySolverInit) referenced 2 times from robot.o(.data)
 <LI><a href="#[a]">ImuMahonySolverUpdate</a> from imu_driver.o(i.ImuMahonySolverUpdate) referenced 2 times from robot.o(.data)
 <LI><a href="#[e]">ImuProcess</a> from imu_driver.o(i.ImuProcess) referenced 2 times from robot.o(.data)
 <LI><a href="#[e]">ImuProcess</a> from imu_driver.o(i.ImuProcess) referenced from imu_driver.o(i.ImuBindMethods)
 <LI><a href="#[bc]">ImuUARTCallback</a> from imu_driver.o(i.ImuUARTCallback) referenced from imu_driver.o(i.ImuInit)
 <LI><a href="#[1e]">KeyClearEvent</a> from key_driver.o(i.KeyClearEvent) referenced 2 times from robot.o(.data)
 <LI><a href="#[1e]">KeyClearEvent</a> from key_driver.o(i.KeyClearEvent) referenced from key_driver.o(i.KeyInit)
 <LI><a href="#[20]">KeyGetData</a> from key_driver.o(i.KeyGetData) referenced 2 times from robot.o(.data)
 <LI><a href="#[20]">KeyGetData</a> from key_driver.o(i.KeyGetData) referenced from key_driver.o(i.KeyInit)
 <LI><a href="#[1d]">KeyGetLastEvent</a> from key_driver.o(i.KeyGetLastEvent) referenced 2 times from robot.o(.data)
 <LI><a href="#[1d]">KeyGetLastEvent</a> from key_driver.o(i.KeyGetLastEvent) referenced from key_driver.o(i.KeyInit)
 <LI><a href="#[bd]">KeyGpioCallback</a> from key_driver.o(i.KeyGpioCallback) referenced from key_driver.o(i.KeyInit)
 <LI><a href="#[1b]">KeyInit</a> from key_driver.o(i.KeyInit) referenced 2 times from robot.o(.data)
 <LI><a href="#[1b]">KeyInit</a> from key_driver.o(i.KeyInit) referenced from key_driver.o(i.KeyInit)
 <LI><a href="#[1c]">KeyRead</a> from key_driver.o(i.KeyRead) referenced 2 times from robot.o(.data)
 <LI><a href="#[1c]">KeyRead</a> from key_driver.o(i.KeyRead) referenced from key_driver.o(i.KeyInit)
 <LI><a href="#[1f]">KeySetCallback</a> from key_driver.o(i.KeySetCallback) referenced 2 times from robot.o(.data)
 <LI><a href="#[1f]">KeySetCallback</a> from key_driver.o(i.KeySetCallback) referenced from key_driver.o(i.KeyInit)
 <LI><a href="#[1a]">LedGetData</a> from led_driver.o(i.LedGetData) referenced 2 times from robot.o(.data)
 <LI><a href="#[1a]">LedGetData</a> from led_driver.o(i.LedGetData) referenced from led_driver.o(i.LedInit)
 <LI><a href="#[14]">LedInit</a> from led_driver.o(i.LedInit) referenced 2 times from robot.o(.data)
 <LI><a href="#[14]">LedInit</a> from led_driver.o(i.LedInit) referenced from led_driver.o(i.LedInit)
 <LI><a href="#[16]">LedOff</a> from led_driver.o(i.LedOff) referenced 2 times from robot.o(.data)
 <LI><a href="#[16]">LedOff</a> from led_driver.o(i.LedOff) referenced from led_driver.o(i.LedInit)
 <LI><a href="#[15]">LedOn</a> from led_driver.o(i.LedOn) referenced 2 times from robot.o(.data)
 <LI><a href="#[15]">LedOn</a> from led_driver.o(i.LedOn) referenced from led_driver.o(i.LedInit)
 <LI><a href="#[19]">LedRead</a> from led_driver.o(i.LedRead) referenced 2 times from robot.o(.data)
 <LI><a href="#[19]">LedRead</a> from led_driver.o(i.LedRead) referenced from led_driver.o(i.LedInit)
 <LI><a href="#[17]">LedToggle</a> from led_driver.o(i.LedToggle) referenced 2 times from robot.o(.data)
 <LI><a href="#[17]">LedToggle</a> from led_driver.o(i.LedToggle) referenced from led_driver.o(i.LedInit)
 <LI><a href="#[18]">LedWrite</a> from led_driver.o(i.LedWrite) referenced 2 times from robot.o(.data)
 <LI><a href="#[18]">LedWrite</a> from led_driver.o(i.LedWrite) referenced from led_driver.o(i.LedInit)
 <LI><a href="#[5e]">MemManage_Handler</a> from stm32f4xx_it.o(i.MemManage_Handler) referenced from startup_stm32f407xx.o(RESET)
 <LI><a href="#[c]">Mg354pdh0DeviceInit</a> from mg354pdh0_driver.o(i.Mg354pdh0DeviceInit) referenced 2 times from robot.o(.data)
 <LI><a href="#[b]">Mg354pdh0FrameParse</a> from mg354pdh0_driver.o(i.Mg354pdh0FrameParse) referenced 2 times from robot.o(.data)
 <LI><a href="#[30]">MotorGetData</a> from motor_driver.o(i.MotorGetData) referenced 4 times from robot.o(.data)
 <LI><a href="#[30]">MotorGetData</a> from motor_driver.o(i.MotorGetData) referenced from motor_driver.o(i.MotorInit)
 <LI><a href="#[29]">MotorInit</a> from motor_driver.o(i.MotorInit) referenced 4 times from robot.o(.data)
 <LI><a href="#[29]">MotorInit</a> from motor_driver.o(i.MotorInit) referenced from motor_driver.o(i.MotorInit)
 <LI><a href="#[2e]">MotorSetAngle</a> from motor_driver.o(i.MotorSetAngle) referenced 4 times from robot.o(.data)
 <LI><a href="#[2e]">MotorSetAngle</a> from motor_driver.o(i.MotorSetAngle) referenced from motor_driver.o(i.MotorInit)
 <LI><a href="#[2c]">MotorSetOutput</a> from motor_driver.o(i.MotorSetOutput) referenced 4 times from robot.o(.data)
 <LI><a href="#[2c]">MotorSetOutput</a> from motor_driver.o(i.MotorSetOutput) referenced from motor_driver.o(i.MotorInit)
 <LI><a href="#[2d]">MotorSetSpeed</a> from motor_driver.o(i.MotorSetSpeed) referenced 4 times from robot.o(.data)
 <LI><a href="#[2d]">MotorSetSpeed</a> from motor_driver.o(i.MotorSetSpeed) referenced from motor_driver.o(i.MotorInit)
 <LI><a href="#[2a]">MotorStart</a> from motor_driver.o(i.MotorStart) referenced 4 times from robot.o(.data)
 <LI><a href="#[2a]">MotorStart</a> from motor_driver.o(i.MotorStart) referenced from motor_driver.o(i.MotorInit)
 <LI><a href="#[2b]">MotorStop</a> from motor_driver.o(i.MotorStop) referenced 4 times from robot.o(.data)
 <LI><a href="#[2b]">MotorStop</a> from motor_driver.o(i.MotorStop) referenced from motor_driver.o(i.MotorInit)
 <LI><a href="#[2f]">MotorUpdate</a> from motor_driver.o(i.MotorUpdate) referenced 4 times from robot.o(.data)
 <LI><a href="#[2f]">MotorUpdate</a> from motor_driver.o(i.MotorUpdate) referenced from motor_driver.o(i.MotorInit)
 <LI><a href="#[5c]">NMI_Handler</a> from stm32f4xx_it.o(i.NMI_Handler) referenced from startup_stm32f407xx.o(RESET)
 <LI><a href="#[a8]">OTG_FS_IRQHandler</a> from startup_stm32f407xx.o(.text) referenced from startup_stm32f407xx.o(RESET)
 <LI><a href="#[8f]">OTG_FS_WKUP_IRQHandler</a> from startup_stm32f407xx.o(.text) referenced from startup_stm32f407xx.o(RESET)
 <LI><a href="#[b0]">OTG_HS_EP1_IN_IRQHandler</a> from startup_stm32f407xx.o(.text) referenced from startup_stm32f407xx.o(RESET)
 <LI><a href="#[af]">OTG_HS_EP1_OUT_IRQHandler</a> from startup_stm32f407xx.o(.text) referenced from startup_stm32f407xx.o(RESET)
 <LI><a href="#[b2]">OTG_HS_IRQHandler</a> from startup_stm32f407xx.o(.text) referenced from startup_stm32f407xx.o(RESET)
 <LI><a href="#[b1]">OTG_HS_WKUP_IRQHandler</a> from startup_stm32f407xx.o(.text) referenced from startup_stm32f407xx.o(RESET)
 <LI><a href="#[4d]">OledClear</a> from oled_driver.o(i.OledClear) referenced 2 times from robot.o(.data)
 <LI><a href="#[4d]">OledClear</a> from oled_driver.o(i.OledClear) referenced from oled_driver.o(i.OledBindMethods)
 <LI><a href="#[51]">OledDrawChar</a> from oled_driver.o(i.OledDrawChar) referenced 2 times from robot.o(.data)
 <LI><a href="#[51]">OledDrawChar</a> from oled_driver.o(i.OledDrawChar) referenced from oled_driver.o(i.OledBindMethods)
 <LI><a href="#[54]">OledDrawFloat</a> from oled_driver.o(i.OledDrawFloat) referenced 2 times from robot.o(.data)
 <LI><a href="#[54]">OledDrawFloat</a> from oled_driver.o(i.OledDrawFloat) referenced from oled_driver.o(i.OledBindMethods)
 <LI><a href="#[53]">OledDrawInt</a> from oled_driver.o(i.OledDrawInt) referenced 2 times from robot.o(.data)
 <LI><a href="#[53]">OledDrawInt</a> from oled_driver.o(i.OledDrawInt) referenced from oled_driver.o(i.OledBindMethods)
 <LI><a href="#[4f]">OledDrawPixel</a> from oled_driver.o(i.OledDrawPixel) referenced 2 times from robot.o(.data)
 <LI><a href="#[4f]">OledDrawPixel</a> from oled_driver.o(i.OledDrawPixel) referenced from oled_driver.o(i.OledBindMethods)
 <LI><a href="#[50]">OledDrawRect</a> from oled_driver.o(i.OledDrawRect) referenced 2 times from robot.o(.data)
 <LI><a href="#[50]">OledDrawRect</a> from oled_driver.o(i.OledDrawRect) referenced from oled_driver.o(i.OledBindMethods)
 <LI><a href="#[52]">OledDrawString</a> from oled_driver.o(i.OledDrawString) referenced 2 times from robot.o(.data)
 <LI><a href="#[52]">OledDrawString</a> from oled_driver.o(i.OledDrawString) referenced from oled_driver.o(i.OledBindMethods)
 <LI><a href="#[4e]">OledFill</a> from oled_driver.o(i.OledFill) referenced 2 times from robot.o(.data)
 <LI><a href="#[4e]">OledFill</a> from oled_driver.o(i.OledFill) referenced from oled_driver.o(i.OledBindMethods)
 <LI><a href="#[5a]">OledGetData</a> from oled_driver.o(i.OledGetData) referenced 2 times from robot.o(.data)
 <LI><a href="#[5a]">OledGetData</a> from oled_driver.o(i.OledGetData) referenced from oled_driver.o(i.OledBindMethods)
 <LI><a href="#[4a]">OledInit</a> from oled_driver.o(i.OledInit) referenced 2 times from robot.o(.data)
 <LI><a href="#[4a]">OledInit</a> from oled_driver.o(i.OledInit) referenced from oled_driver.o(i.OledBindMethods)
 <LI><a href="#[4b]">OledRefresh</a> from oled_driver.o(i.OledRefresh) referenced 2 times from robot.o(.data)
 <LI><a href="#[4b]">OledRefresh</a> from oled_driver.o(i.OledRefresh) referenced from oled_driver.o(i.OledBindMethods)
 <LI><a href="#[4c]">OledRefreshAll</a> from oled_driver.o(i.OledRefreshAll) referenced 2 times from robot.o(.data)
 <LI><a href="#[4c]">OledRefreshAll</a> from oled_driver.o(i.OledRefreshAll) referenced from oled_driver.o(i.OledBindMethods)
 <LI><a href="#[58]">OledSetDisplay</a> from oled_driver.o(i.OledSetDisplay) referenced 2 times from robot.o(.data)
 <LI><a href="#[58]">OledSetDisplay</a> from oled_driver.o(i.OledSetDisplay) referenced from oled_driver.o(i.OledBindMethods)
 <LI><a href="#[59]">OledSetInverted</a> from oled_driver.o(i.OledSetInverted) referenced 2 times from robot.o(.data)
 <LI><a href="#[59]">OledSetInverted</a> from oled_driver.o(i.OledSetInverted) referenced from oled_driver.o(i.OledBindMethods)
 <LI><a href="#[57]">OledShowFloat</a> from oled_driver.o(i.OledShowFloat) referenced 2 times from robot.o(.data)
 <LI><a href="#[57]">OledShowFloat</a> from oled_driver.o(i.OledShowFloat) referenced from oled_driver.o(i.OledBindMethods)
 <LI><a href="#[56]">OledShowInt</a> from oled_driver.o(i.OledShowInt) referenced 2 times from robot.o(.data)
 <LI><a href="#[56]">OledShowInt</a> from oled_driver.o(i.OledShowInt) referenced from oled_driver.o(i.OledBindMethods)
 <LI><a href="#[55]">OledShowString</a> from oled_driver.o(i.OledShowString) referenced 2 times from robot.o(.data)
 <LI><a href="#[55]">OledShowString</a> from oled_driver.o(i.OledShowString) referenced from oled_driver.o(i.OledBindMethods)
 <LI><a href="#[66]">PVD_IRQHandler</a> from startup_stm32f407xx.o(.text) referenced from startup_stm32f407xx.o(RESET)
 <LI><a href="#[63]">PendSV_Handler</a> from port.o(.emb_text) referenced from startup_stm32f407xx.o(RESET)
 <LI><a href="#[32]">PidCalculate</a> from pid.o(i.PidCalculate) referenced 4 times from robot.o(.data)
 <LI><a href="#[32]">PidCalculate</a> from pid.o(i.PidCalculate) referenced from pid.o(i.PidInit)
 <LI><a href="#[38]">PidGetData</a> from pid.o(i.PidGetData) referenced 4 times from robot.o(.data)
 <LI><a href="#[38]">PidGetData</a> from pid.o(i.PidGetData) referenced from pid.o(i.PidInit)
 <LI><a href="#[31]">PidInit</a> from pid.o(i.PidInit) referenced 4 times from robot.o(.data)
 <LI><a href="#[31]">PidInit</a> from pid.o(i.PidInit) referenced from pid.o(i.PidInit)
 <LI><a href="#[33]">PidReset</a> from pid.o(i.PidReset) referenced 4 times from robot.o(.data)
 <LI><a href="#[33]">PidReset</a> from pid.o(i.PidReset) referenced from pid.o(i.PidInit)
 <LI><a href="#[37]">PidSetIntegralLimit</a> from pid.o(i.PidSetIntegralLimit) referenced 4 times from robot.o(.data)
 <LI><a href="#[37]">PidSetIntegralLimit</a> from pid.o(i.PidSetIntegralLimit) referenced from pid.o(i.PidInit)
 <LI><a href="#[36]">PidSetOutputLimit</a> from pid.o(i.PidSetOutputLimit) referenced 4 times from robot.o(.data)
 <LI><a href="#[36]">PidSetOutputLimit</a> from pid.o(i.PidSetOutputLimit) referenced from pid.o(i.PidInit)
 <LI><a href="#[35]">PidSetParam</a> from pid.o(i.PidSetParam) referenced 4 times from robot.o(.data)
 <LI><a href="#[35]">PidSetParam</a> from pid.o(i.PidSetParam) referenced from pid.o(i.PidInit)
 <LI><a href="#[34]">PidSetTarget</a> from pid.o(i.PidSetTarget) referenced 4 times from robot.o(.data)
 <LI><a href="#[34]">PidSetTarget</a> from pid.o(i.PidSetTarget) referenced from pid.o(i.PidInit)
 <LI><a href="#[6a]">RCC_IRQHandler</a> from startup_stm32f407xx.o(.text) referenced from startup_stm32f407xx.o(RESET)
 <LI><a href="#[8e]">RTC_Alarm_IRQHandler</a> from startup_stm32f407xx.o(.text) referenced from startup_stm32f407xx.o(RESET)
 <LI><a href="#[68]">RTC_WKUP_IRQHandler</a> from startup_stm32f407xx.o(.text) referenced from startup_stm32f407xx.o(RESET)
 <LI><a href="#[5b]">Reset_Handler</a> from startup_stm32f407xx.o(.text) referenced from startup_stm32f407xx.o(RESET)
 <LI><a href="#[96]">SDIO_IRQHandler</a> from startup_stm32f407xx.o(.text) referenced from startup_stm32f407xx.o(RESET)
 <LI><a href="#[88]">SPI1_IRQHandler</a> from startup_stm32f407xx.o(.text) referenced from startup_stm32f407xx.o(RESET)
 <LI><a href="#[89]">SPI2_IRQHandler</a> from startup_stm32f407xx.o(.text) referenced from startup_stm32f407xx.o(RESET)
 <LI><a href="#[98]">SPI3_IRQHandler</a> from startup_stm32f407xx.o(.text) referenced from startup_stm32f407xx.o(RESET)
 <LI><a href="#[61]">SVC_Handler</a> from port.o(.emb_text) referenced from startup_stm32f407xx.o(RESET)
 <LI><a href="#[be]">StartDefaultTask</a> from freertos.o(i.StartDefaultTask) referenced from freertos.o(i.MX_FREERTOS_Init)
 <LI><a href="#[64]">SysTick_Handler</a> from cmsis_os2.o(i.SysTick_Handler) referenced from startup_stm32f407xx.o(RESET)
 <LI><a href="#[b6]">SystemInit</a> from system_stm32f4xx.o(i.SystemInit) referenced from startup_stm32f407xx.o(.text)
 <LI><a href="#[67]">TAMP_STAMP_IRQHandler</a> from startup_stm32f407xx.o(.text) referenced from startup_stm32f407xx.o(RESET)
 <LI><a href="#[7d]">TIM1_BRK_TIM9_IRQHandler</a> from startup_stm32f407xx.o(.text) referenced from startup_stm32f407xx.o(RESET)
 <LI><a href="#[80]">TIM1_CC_IRQHandler</a> from startup_stm32f407xx.o(.text) referenced from startup_stm32f407xx.o(RESET)
 <LI><a href="#[7f]">TIM1_TRG_COM_TIM11_IRQHandler</a> from startup_stm32f407xx.o(.text) referenced from startup_stm32f407xx.o(RESET)
 <LI><a href="#[7e]">TIM1_UP_TIM10_IRQHandler</a> from startup_stm32f407xx.o(.text) referenced from startup_stm32f407xx.o(RESET)
 <LI><a href="#[81]">TIM2_IRQHandler</a> from stm32f4xx_it.o(i.TIM2_IRQHandler) referenced from startup_stm32f407xx.o(RESET)
 <LI><a href="#[82]">TIM3_IRQHandler</a> from startup_stm32f407xx.o(.text) referenced from startup_stm32f407xx.o(RESET)
 <LI><a href="#[83]">TIM4_IRQHandler</a> from startup_stm32f407xx.o(.text) referenced from startup_stm32f407xx.o(RESET)
 <LI><a href="#[97]">TIM5_IRQHandler</a> from startup_stm32f407xx.o(.text) referenced from startup_stm32f407xx.o(RESET)
 <LI><a href="#[9b]">TIM6_DAC_IRQHandler</a> from startup_stm32f407xx.o(.text) referenced from startup_stm32f407xx.o(RESET)
 <LI><a href="#[9c]">TIM7_IRQHandler</a> from startup_stm32f407xx.o(.text) referenced from startup_stm32f407xx.o(RESET)
 <LI><a href="#[90]">TIM8_BRK_TIM12_IRQHandler</a> from startup_stm32f407xx.o(.text) referenced from startup_stm32f407xx.o(RESET)
 <LI><a href="#[93]">TIM8_CC_IRQHandler</a> from startup_stm32f407xx.o(.text) referenced from startup_stm32f407xx.o(RESET)
 <LI><a href="#[92]">TIM8_TRG_COM_TIM14_IRQHandler</a> from startup_stm32f407xx.o(.text) referenced from startup_stm32f407xx.o(RESET)
 <LI><a href="#[91]">TIM8_UP_TIM13_IRQHandler</a> from startup_stm32f407xx.o(.text) referenced from startup_stm32f407xx.o(RESET)
 <LI><a href="#[99]">UART4_IRQHandler</a> from startup_stm32f407xx.o(.text) referenced from startup_stm32f407xx.o(RESET)
 <LI><a href="#[9a]">UART5_IRQHandler</a> from startup_stm32f407xx.o(.text) referenced from startup_stm32f407xx.o(RESET)
 <LI><a href="#[bb]">UART_DMAAbortOnError</a> from stm32f4xx_hal_uart.o(i.UART_DMAAbortOnError) referenced from stm32f4xx_hal_uart.o(i.HAL_UART_IRQHandler)
 <LI><a href="#[c1]">UART_DMAError</a> from stm32f4xx_hal_uart.o(i.UART_DMAError) referenced from stm32f4xx_hal_uart.o(i.UART_Start_Receive_DMA)
 <LI><a href="#[bf]">UART_DMAReceiveCplt</a> from stm32f4xx_hal_uart.o(i.UART_DMAReceiveCplt) referenced from stm32f4xx_hal_uart.o(i.UART_Start_Receive_DMA)
 <LI><a href="#[c0]">UART_DMARxHalfCplt</a> from stm32f4xx_hal_uart.o(i.UART_DMARxHalfCplt) referenced from stm32f4xx_hal_uart.o(i.UART_Start_Receive_DMA)
 <LI><a href="#[8a]">USART1_IRQHandler</a> from stm32f4xx_it.o(i.USART1_IRQHandler) referenced from startup_stm32f407xx.o(RESET)
 <LI><a href="#[8b]">USART2_IRQHandler</a> from startup_stm32f407xx.o(.text) referenced from startup_stm32f407xx.o(RESET)
 <LI><a href="#[8c]">USART3_IRQHandler</a> from startup_stm32f407xx.o(.text) referenced from startup_stm32f407xx.o(RESET)
 <LI><a href="#[ac]">USART6_IRQHandler</a> from startup_stm32f407xx.o(.text) referenced from startup_stm32f407xx.o(RESET)
 <LI><a href="#[60]">UsageFault_Handler</a> from stm32f4xx_it.o(i.UsageFault_Handler) referenced from startup_stm32f407xx.o(RESET)
 <LI><a href="#[65]">WWDG_IRQHandler</a> from startup_stm32f407xx.o(.text) referenced from startup_stm32f407xx.o(RESET)
 <LI><a href="#[40]">WheelGetData</a> from wheel_driver.o(i.WheelGetData) referenced 4 times from robot.o(.data)
 <LI><a href="#[40]">WheelGetData</a> from wheel_driver.o(i.WheelGetData) referenced from wheel_driver.o(i.WheelInit)
 <LI><a href="#[39]">WheelInit</a> from wheel_driver.o(i.WheelInit) referenced 4 times from robot.o(.data)
 <LI><a href="#[39]">WheelInit</a> from wheel_driver.o(i.WheelInit) referenced from wheel_driver.o(i.WheelInit)
 <LI><a href="#[3f]">WheelResetOdometry</a> from wheel_driver.o(i.WheelResetOdometry) referenced 4 times from robot.o(.data)
 <LI><a href="#[3f]">WheelResetOdometry</a> from wheel_driver.o(i.WheelResetOdometry) referenced from wheel_driver.o(i.WheelInit)
 <LI><a href="#[3d]">WheelSetAngularSpeed</a> from wheel_driver.o(i.WheelSetAngularSpeed) referenced 4 times from robot.o(.data)
 <LI><a href="#[3d]">WheelSetAngularSpeed</a> from wheel_driver.o(i.WheelSetAngularSpeed) referenced from wheel_driver.o(i.WheelInit)
 <LI><a href="#[3c]">WheelSetLinearSpeed</a> from wheel_driver.o(i.WheelSetLinearSpeed) referenced 4 times from robot.o(.data)
 <LI><a href="#[3c]">WheelSetLinearSpeed</a> from wheel_driver.o(i.WheelSetLinearSpeed) referenced from wheel_driver.o(i.WheelInit)
 <LI><a href="#[3a]">WheelStart</a> from wheel_driver.o(i.WheelStart) referenced 4 times from robot.o(.data)
 <LI><a href="#[3a]">WheelStart</a> from wheel_driver.o(i.WheelStart) referenced from wheel_driver.o(i.WheelInit)
 <LI><a href="#[3b]">WheelStop</a> from wheel_driver.o(i.WheelStop) referenced 4 times from robot.o(.data)
 <LI><a href="#[3b]">WheelStop</a> from wheel_driver.o(i.WheelStop) referenced from wheel_driver.o(i.WheelInit)
 <LI><a href="#[3e]">WheelUpdate</a> from wheel_driver.o(i.WheelUpdate) referenced 4 times from robot.o(.data)
 <LI><a href="#[3e]">WheelUpdate</a> from wheel_driver.o(i.WheelUpdate) referenced from wheel_driver.o(i.WheelInit)
 <LI><a href="#[c9]">__main</a> from __main.o(!!!main) referenced from startup_stm32f407xx.o(.text)
 <LI><a href="#[ba]">_get_lc_ctype</a> from lc_ctype_c.o(locale$$code) referenced from rt_ctype_table.o(.text)
 <LI><a href="#[b9]">_printf_input_char</a> from _printf_char_common.o(.text) referenced from _printf_char_common.o(.text)
 <LI><a href="#[b8]">_snputc</a> from _snputc.o(.text) referenced from vsnprintf.o(.text)
 <LI><a href="#[c3]">imuParseTask</a> from robot.o(i.imuParseTask) referenced from robot.o(i.robotInit)
 <LI><a href="#[c8]">keyEventCallback</a> from robot.o(i.keyEventCallback) referenced from robot.o(.constdata)
 <LI><a href="#[c4]">oledTask</a> from robot.o(i.oledTask) referenced from robot.o(i.robotInit)
 <LI><a href="#[c6]">prvIdleTask</a> from tasks.o(i.prvIdleTask) referenced from tasks.o(i.vTaskStartScheduler)
 <LI><a href="#[c2]">prvTaskExitError</a> from port.o(i.prvTaskExitError) referenced from port.o(i.pxPortInitialiseStack)
 <LI><a href="#[c7]">prvTimerTask</a> from timers.o(i.prvTimerTask) referenced from timers.o(i.xTimerCreateTimerTask)
 <LI><a href="#[c5]">testTask</a> from robot.o(i.testTask) referenced from robot.o(i.robotInit)
</UL>
<P>
<H3>
Global Symbols
</H3>
<P><STRONG><a name="[c9]"></a>__main</STRONG> (Thumb, 8 bytes, Stack size 0 bytes, __main.o(!!!main))
<BR><BR>[Calls]<UL><LI><a href="#[cf]">&gt;&gt;</a>&nbsp;&nbsp;&nbsp;__rt_entry
<LI><a href="#[ce]">&gt;&gt;</a>&nbsp;&nbsp;&nbsp;__scatterload
</UL>

<P><STRONG><a name="[ce]"></a>__scatterload</STRONG> (Thumb, 0 bytes, Stack size unknown bytes, __scatter.o(!!!scatter))
<BR><BR>[Called By]<UL><LI><a href="#[c9]">&gt;&gt;</a>&nbsp;&nbsp;&nbsp;__main
</UL>

<P><STRONG><a name="[d0]"></a>__scatterload_rt2</STRONG> (Thumb, 44 bytes, Stack size unknown bytes, __scatter.o(!!!scatter), UNUSED)
<BR><BR>[Calls]<UL><LI><a href="#[cf]">&gt;&gt;</a>&nbsp;&nbsp;&nbsp;__rt_entry
</UL>

<P><STRONG><a name="[257]"></a>__scatterload_rt2_thumb_only</STRONG> (Thumb, 0 bytes, Stack size unknown bytes, __scatter.o(!!!scatter), UNUSED)

<P><STRONG><a name="[258]"></a>__scatterload_null</STRONG> (Thumb, 0 bytes, Stack size unknown bytes, __scatter.o(!!!scatter), UNUSED)

<P><STRONG><a name="[259]"></a>__decompress</STRONG> (Thumb, 90 bytes, Stack size unknown bytes, __dczerorl2.o(!!dczerorl2), UNUSED)

<P><STRONG><a name="[25a]"></a>__decompress1</STRONG> (Thumb, 0 bytes, Stack size unknown bytes, __dczerorl2.o(!!dczerorl2), UNUSED)

<P><STRONG><a name="[25b]"></a>__scatterload_zeroinit</STRONG> (Thumb, 28 bytes, Stack size unknown bytes, __scatter_zi.o(!!handler_zi), UNUSED)

<P><STRONG><a name="[d1]"></a>_printf_n</STRONG> (Thumb, 0 bytes, Stack size unknown bytes, _printf_n.o(.ARM.Collect$$_printf_percent$$00000001))
<BR><BR>[Calls]<UL><LI><a href="#[d2]">&gt;&gt;</a>&nbsp;&nbsp;&nbsp;_printf_charcount
</UL>

<P><STRONG><a name="[117]"></a>_printf_percent</STRONG> (Thumb, 0 bytes, Stack size unknown bytes, _printf_percent.o(.ARM.Collect$$_printf_percent$$00000000))
<BR><BR>[Called By]<UL><LI><a href="#[115]">&gt;&gt;</a>&nbsp;&nbsp;&nbsp;__printf
</UL>

<P><STRONG><a name="[d3]"></a>_printf_p</STRONG> (Thumb, 0 bytes, Stack size unknown bytes, _printf_p.o(.ARM.Collect$$_printf_percent$$00000002))
<BR><BR>[Stack]<UL><LI>Max Depth = 64 + Unknown Stack Size
<LI>Call Chain = _printf_p &rArr; _printf_hex_ptr &rArr; _printf_longlong_hex &rArr; _printf_int_common &rArr; _printf_post_padding
</UL>
<BR>[Calls]<UL><LI><a href="#[d4]">&gt;&gt;</a>&nbsp;&nbsp;&nbsp;_printf_hex_ptr
</UL>

<P><STRONG><a name="[d5]"></a>_printf_f</STRONG> (Thumb, 0 bytes, Stack size unknown bytes, _printf_f.o(.ARM.Collect$$_printf_percent$$00000003))
<BR><BR>[Stack]<UL><LI>Max Depth = 324 + Unknown Stack Size
<LI>Call Chain = _printf_f &rArr; _printf_fp_dec &rArr; _printf_fp_dec_real &rArr; _fp_digits &rArr; _btod_etento &rArr; _btod_emul &rArr; _e2e
</UL>
<BR>[Calls]<UL><LI><a href="#[d6]">&gt;&gt;</a>&nbsp;&nbsp;&nbsp;_printf_fp_dec
</UL>

<P><STRONG><a name="[d7]"></a>_printf_e</STRONG> (Thumb, 0 bytes, Stack size unknown bytes, _printf_e.o(.ARM.Collect$$_printf_percent$$00000004))
<BR><BR>[Stack]<UL><LI>Max Depth = 324 + Unknown Stack Size
<LI>Call Chain = _printf_e &rArr; _printf_fp_dec &rArr; _printf_fp_dec_real &rArr; _fp_digits &rArr; _btod_etento &rArr; _btod_emul &rArr; _e2e
</UL>
<BR>[Calls]<UL><LI><a href="#[d6]">&gt;&gt;</a>&nbsp;&nbsp;&nbsp;_printf_fp_dec
</UL>

<P><STRONG><a name="[d8]"></a>_printf_g</STRONG> (Thumb, 0 bytes, Stack size unknown bytes, _printf_g.o(.ARM.Collect$$_printf_percent$$00000005))
<BR><BR>[Stack]<UL><LI>Max Depth = 324 + Unknown Stack Size
<LI>Call Chain = _printf_g &rArr; _printf_fp_dec &rArr; _printf_fp_dec_real &rArr; _fp_digits &rArr; _btod_etento &rArr; _btod_emul &rArr; _e2e
</UL>
<BR>[Calls]<UL><LI><a href="#[d6]">&gt;&gt;</a>&nbsp;&nbsp;&nbsp;_printf_fp_dec
</UL>

<P><STRONG><a name="[d9]"></a>_printf_a</STRONG> (Thumb, 0 bytes, Stack size unknown bytes, _printf_a.o(.ARM.Collect$$_printf_percent$$00000006))
<BR><BR>[Stack]<UL><LI>Max Depth = 112 + Unknown Stack Size
<LI>Call Chain = _printf_a &rArr; _printf_fp_hex &rArr; _printf_fp_hex_real &rArr; _printf_fp_infnan &rArr; _printf_post_padding
</UL>
<BR>[Calls]<UL><LI><a href="#[da]">&gt;&gt;</a>&nbsp;&nbsp;&nbsp;_printf_fp_hex
</UL>

<P><STRONG><a name="[25c]"></a>_printf_ll</STRONG> (Thumb, 0 bytes, Stack size unknown bytes, _printf_ll.o(.ARM.Collect$$_printf_percent$$00000007))

<P><STRONG><a name="[db]"></a>_printf_i</STRONG> (Thumb, 0 bytes, Stack size unknown bytes, _printf_i.o(.ARM.Collect$$_printf_percent$$00000008))
<BR><BR>[Stack]<UL><LI>Max Depth = 72 + Unknown Stack Size
<LI>Call Chain = _printf_i &rArr; _printf_int_dec &rArr; _printf_int_common &rArr; _printf_post_padding
</UL>
<BR>[Calls]<UL><LI><a href="#[dc]">&gt;&gt;</a>&nbsp;&nbsp;&nbsp;_printf_int_dec
</UL>

<P><STRONG><a name="[dd]"></a>_printf_d</STRONG> (Thumb, 0 bytes, Stack size unknown bytes, _printf_d.o(.ARM.Collect$$_printf_percent$$00000009))
<BR><BR>[Stack]<UL><LI>Max Depth = 72 + Unknown Stack Size
<LI>Call Chain = _printf_d &rArr; _printf_int_dec &rArr; _printf_int_common &rArr; _printf_post_padding
</UL>
<BR>[Calls]<UL><LI><a href="#[dc]">&gt;&gt;</a>&nbsp;&nbsp;&nbsp;_printf_int_dec
</UL>

<P><STRONG><a name="[de]"></a>_printf_u</STRONG> (Thumb, 0 bytes, Stack size unknown bytes, _printf_u.o(.ARM.Collect$$_printf_percent$$0000000A))
<BR><BR>[Stack]<UL><LI>Max Depth = 72 + Unknown Stack Size
<LI>Call Chain = _printf_u &rArr; _printf_int_dec &rArr; _printf_int_common &rArr; _printf_post_padding
</UL>
<BR>[Calls]<UL><LI><a href="#[dc]">&gt;&gt;</a>&nbsp;&nbsp;&nbsp;_printf_int_dec
</UL>

<P><STRONG><a name="[df]"></a>_printf_o</STRONG> (Thumb, 0 bytes, Stack size unknown bytes, _printf_o.o(.ARM.Collect$$_printf_percent$$0000000B))
<BR><BR>[Stack]<UL><LI>Max Depth = 64 + Unknown Stack Size
<LI>Call Chain = _printf_o &rArr; _printf_int_oct &rArr; _printf_longlong_oct &rArr; _printf_int_common &rArr; _printf_post_padding
</UL>
<BR>[Calls]<UL><LI><a href="#[e0]">&gt;&gt;</a>&nbsp;&nbsp;&nbsp;_printf_int_oct
</UL>

<P><STRONG><a name="[e1]"></a>_printf_x</STRONG> (Thumb, 0 bytes, Stack size unknown bytes, _printf_x.o(.ARM.Collect$$_printf_percent$$0000000C))
<BR><BR>[Stack]<UL><LI>Max Depth = 80 + Unknown Stack Size
<LI>Call Chain = _printf_x &rArr; _printf_int_hex &rArr; _printf_longlong_hex &rArr; _printf_int_common &rArr; _printf_post_padding
</UL>
<BR>[Calls]<UL><LI><a href="#[e2]">&gt;&gt;</a>&nbsp;&nbsp;&nbsp;_printf_int_hex
</UL>

<P><STRONG><a name="[e3]"></a>_printf_lli</STRONG> (Thumb, 0 bytes, Stack size unknown bytes, _printf_lli.o(.ARM.Collect$$_printf_percent$$0000000D))
<BR><BR>[Stack]<UL><LI>Max Depth = 72 + Unknown Stack Size
<LI>Call Chain = _printf_lli &rArr; _printf_longlong_dec &rArr; _printf_int_common &rArr; _printf_post_padding
</UL>
<BR>[Calls]<UL><LI><a href="#[e4]">&gt;&gt;</a>&nbsp;&nbsp;&nbsp;_printf_longlong_dec
</UL>

<P><STRONG><a name="[e5]"></a>_printf_lld</STRONG> (Thumb, 0 bytes, Stack size unknown bytes, _printf_lld.o(.ARM.Collect$$_printf_percent$$0000000E))
<BR><BR>[Stack]<UL><LI>Max Depth = 72 + Unknown Stack Size
<LI>Call Chain = _printf_lld &rArr; _printf_longlong_dec &rArr; _printf_int_common &rArr; _printf_post_padding
</UL>
<BR>[Calls]<UL><LI><a href="#[e4]">&gt;&gt;</a>&nbsp;&nbsp;&nbsp;_printf_longlong_dec
</UL>

<P><STRONG><a name="[e6]"></a>_printf_llu</STRONG> (Thumb, 0 bytes, Stack size unknown bytes, _printf_llu.o(.ARM.Collect$$_printf_percent$$0000000F))
<BR><BR>[Stack]<UL><LI>Max Depth = 72 + Unknown Stack Size
<LI>Call Chain = _printf_llu &rArr; _printf_longlong_dec &rArr; _printf_int_common &rArr; _printf_post_padding
</UL>
<BR>[Calls]<UL><LI><a href="#[e4]">&gt;&gt;</a>&nbsp;&nbsp;&nbsp;_printf_longlong_dec
</UL>

<P><STRONG><a name="[e7]"></a>_printf_llo</STRONG> (Thumb, 0 bytes, Stack size unknown bytes, _printf_llo.o(.ARM.Collect$$_printf_percent$$00000010))
<BR><BR>[Stack]<UL><LI>Max Depth = 56 + Unknown Stack Size
<LI>Call Chain = _printf_llo &rArr; _printf_ll_oct &rArr; _printf_longlong_oct &rArr; _printf_int_common &rArr; _printf_post_padding
</UL>
<BR>[Calls]<UL><LI><a href="#[e8]">&gt;&gt;</a>&nbsp;&nbsp;&nbsp;_printf_ll_oct
</UL>

<P><STRONG><a name="[e9]"></a>_printf_llx</STRONG> (Thumb, 0 bytes, Stack size unknown bytes, _printf_llx.o(.ARM.Collect$$_printf_percent$$00000011))
<BR><BR>[Stack]<UL><LI>Max Depth = 64 + Unknown Stack Size
<LI>Call Chain = _printf_llx &rArr; _printf_ll_hex &rArr; _printf_longlong_hex &rArr; _printf_int_common &rArr; _printf_post_padding
</UL>
<BR>[Calls]<UL><LI><a href="#[ea]">&gt;&gt;</a>&nbsp;&nbsp;&nbsp;_printf_ll_hex
</UL>

<P><STRONG><a name="[25d]"></a>_printf_l</STRONG> (Thumb, 0 bytes, Stack size unknown bytes, _printf_l.o(.ARM.Collect$$_printf_percent$$00000012))

<P><STRONG><a name="[eb]"></a>_printf_c</STRONG> (Thumb, 0 bytes, Stack size unknown bytes, _printf_c.o(.ARM.Collect$$_printf_percent$$00000013))
<BR><BR>[Stack]<UL><LI>Max Depth = 40 + Unknown Stack Size
<LI>Call Chain = _printf_c &rArr; _printf_char &rArr; _printf_cs_common &rArr; _printf_str &rArr; _printf_post_padding
</UL>
<BR>[Calls]<UL><LI><a href="#[ec]">&gt;&gt;</a>&nbsp;&nbsp;&nbsp;_printf_char
</UL>

<P><STRONG><a name="[ed]"></a>_printf_s</STRONG> (Thumb, 0 bytes, Stack size unknown bytes, _printf_s.o(.ARM.Collect$$_printf_percent$$00000014))
<BR><BR>[Stack]<UL><LI>Max Depth = 40 + Unknown Stack Size
<LI>Call Chain = _printf_s &rArr; _printf_string &rArr; _printf_cs_common &rArr; _printf_str &rArr; _printf_post_padding
</UL>
<BR>[Calls]<UL><LI><a href="#[ee]">&gt;&gt;</a>&nbsp;&nbsp;&nbsp;_printf_string
</UL>

<P><STRONG><a name="[ef]"></a>_printf_lc</STRONG> (Thumb, 0 bytes, Stack size unknown bytes, _printf_lc.o(.ARM.Collect$$_printf_percent$$00000015))
<BR><BR>[Stack]<UL><LI>Max Depth = 88 + Unknown Stack Size
<LI>Call Chain = _printf_lc &rArr; _printf_wchar &rArr; _printf_lcs_common &rArr; _printf_wctomb &rArr; _wcrtomb &rArr; __rt_ctype_table
</UL>
<BR>[Calls]<UL><LI><a href="#[f0]">&gt;&gt;</a>&nbsp;&nbsp;&nbsp;_printf_wchar
</UL>

<P><STRONG><a name="[f1]"></a>_printf_ls</STRONG> (Thumb, 0 bytes, Stack size unknown bytes, _printf_ls.o(.ARM.Collect$$_printf_percent$$00000016))
<BR><BR>[Stack]<UL><LI>Max Depth = 88 + Unknown Stack Size
<LI>Call Chain = _printf_ls &rArr; _printf_wstring &rArr; _printf_lcs_common &rArr; _printf_wctomb &rArr; _wcrtomb &rArr; __rt_ctype_table
</UL>
<BR>[Calls]<UL><LI><a href="#[f2]">&gt;&gt;</a>&nbsp;&nbsp;&nbsp;_printf_wstring
</UL>

<P><STRONG><a name="[25e]"></a>_printf_percent_end</STRONG> (Thumb, 0 bytes, Stack size unknown bytes, _printf_percent_end.o(.ARM.Collect$$_printf_percent$$00000017))

<P><STRONG><a name="[101]"></a>__rt_lib_init</STRONG> (Thumb, 0 bytes, Stack size unknown bytes, libinit.o(.ARM.Collect$$libinit$$00000000))
<BR><BR>[Called By]<UL><LI><a href="#[100]">&gt;&gt;</a>&nbsp;&nbsp;&nbsp;__rt_entry_li
</UL>

<P><STRONG><a name="[f3]"></a>__rt_lib_init_fp_1</STRONG> (Thumb, 0 bytes, Stack size unknown bytes, libinit2.o(.ARM.Collect$$libinit$$00000001))
<BR><BR>[Calls]<UL><LI><a href="#[f4]">&gt;&gt;</a>&nbsp;&nbsp;&nbsp;_fp_init
</UL>

<P><STRONG><a name="[f5]"></a>__rt_lib_init_heap_2</STRONG> (Thumb, 0 bytes, Stack size unknown bytes, libinit2.o(.ARM.Collect$$libinit$$00000005))
<BR><BR>[Stack]<UL><LI>Max Depth = 64 + Unknown Stack Size
<LI>Call Chain = __rt_lib_init_heap_2 &rArr; _init_alloc &rArr; __rt_SIGRTMEM &rArr; __rt_SIGRTMEM_inner &rArr; __default_signal_display &rArr; _ttywrch
</UL>
<BR>[Calls]<UL><LI><a href="#[f6]">&gt;&gt;</a>&nbsp;&nbsp;&nbsp;_init_alloc
</UL>

<P><STRONG><a name="[25f]"></a>__rt_lib_init_preinit_1</STRONG> (Thumb, 0 bytes, Stack size unknown bytes, libinit2.o(.ARM.Collect$$libinit$$00000004))

<P><STRONG><a name="[260]"></a>__rt_lib_init_heap_1</STRONG> (Thumb, 0 bytes, Stack size unknown bytes, libinit2.o(.ARM.Collect$$libinit$$0000000A))

<P><STRONG><a name="[f7]"></a>__rt_lib_init_lc_common</STRONG> (Thumb, 0 bytes, Stack size unknown bytes, libinit2.o(.ARM.Collect$$libinit$$0000000F))
<BR><BR>[Calls]<UL><LI><a href="#[f8]">&gt;&gt;</a>&nbsp;&nbsp;&nbsp;__rt_locale
</UL>

<P><STRONG><a name="[261]"></a>__rt_lib_init_rand_1</STRONG> (Thumb, 0 bytes, Stack size unknown bytes, libinit2.o(.ARM.Collect$$libinit$$0000000E))

<P><STRONG><a name="[262]"></a>__rt_lib_init_user_alloc_1</STRONG> (Thumb, 0 bytes, Stack size unknown bytes, libinit2.o(.ARM.Collect$$libinit$$0000000C))

<P><STRONG><a name="[263]"></a>__rt_lib_init_lc_collate_1</STRONG> (Thumb, 0 bytes, Stack size unknown bytes, libinit2.o(.ARM.Collect$$libinit$$00000011))

<P><STRONG><a name="[f9]"></a>__rt_lib_init_lc_ctype_2</STRONG> (Thumb, 0 bytes, Stack size unknown bytes, libinit2.o(.ARM.Collect$$libinit$$00000012))
<BR><BR>[Stack]<UL><LI>Max Depth = 8 + Unknown Stack Size
<LI>Call Chain = __rt_lib_init_lc_ctype_2 &rArr; _get_lc_ctype
</UL>
<BR>[Calls]<UL><LI><a href="#[ba]">&gt;&gt;</a>&nbsp;&nbsp;&nbsp;_get_lc_ctype
</UL>

<P><STRONG><a name="[264]"></a>__rt_lib_init_lc_ctype_1</STRONG> (Thumb, 0 bytes, Stack size unknown bytes, libinit2.o(.ARM.Collect$$libinit$$00000013))

<P><STRONG><a name="[265]"></a>__rt_lib_init_lc_monetary_1</STRONG> (Thumb, 0 bytes, Stack size unknown bytes, libinit2.o(.ARM.Collect$$libinit$$00000015))

<P><STRONG><a name="[fa]"></a>__rt_lib_init_lc_numeric_2</STRONG> (Thumb, 0 bytes, Stack size unknown bytes, libinit2.o(.ARM.Collect$$libinit$$00000016))
<BR><BR>[Stack]<UL><LI>Max Depth = 8 + Unknown Stack Size
<LI>Call Chain = __rt_lib_init_lc_numeric_2 &rArr; _get_lc_numeric
</UL>
<BR>[Calls]<UL><LI><a href="#[fb]">&gt;&gt;</a>&nbsp;&nbsp;&nbsp;_get_lc_numeric
</UL>

<P><STRONG><a name="[266]"></a>__rt_lib_init_alloca_1</STRONG> (Thumb, 0 bytes, Stack size unknown bytes, libinit2.o(.ARM.Collect$$libinit$$0000002E))

<P><STRONG><a name="[267]"></a>__rt_lib_init_argv_1</STRONG> (Thumb, 0 bytes, Stack size unknown bytes, libinit2.o(.ARM.Collect$$libinit$$0000002C))

<P><STRONG><a name="[268]"></a>__rt_lib_init_atexit_1</STRONG> (Thumb, 0 bytes, Stack size unknown bytes, libinit2.o(.ARM.Collect$$libinit$$0000001B))

<P><STRONG><a name="[269]"></a>__rt_lib_init_clock_1</STRONG> (Thumb, 0 bytes, Stack size unknown bytes, libinit2.o(.ARM.Collect$$libinit$$00000021))

<P><STRONG><a name="[26a]"></a>__rt_lib_init_cpp_1</STRONG> (Thumb, 0 bytes, Stack size unknown bytes, libinit2.o(.ARM.Collect$$libinit$$00000032))

<P><STRONG><a name="[26b]"></a>__rt_lib_init_exceptions_1</STRONG> (Thumb, 0 bytes, Stack size unknown bytes, libinit2.o(.ARM.Collect$$libinit$$00000030))

<P><STRONG><a name="[26c]"></a>__rt_lib_init_fp_trap_1</STRONG> (Thumb, 0 bytes, Stack size unknown bytes, libinit2.o(.ARM.Collect$$libinit$$0000001F))

<P><STRONG><a name="[26d]"></a>__rt_lib_init_getenv_1</STRONG> (Thumb, 0 bytes, Stack size unknown bytes, libinit2.o(.ARM.Collect$$libinit$$00000023))

<P><STRONG><a name="[26e]"></a>__rt_lib_init_lc_numeric_1</STRONG> (Thumb, 0 bytes, Stack size unknown bytes, libinit2.o(.ARM.Collect$$libinit$$00000017))

<P><STRONG><a name="[26f]"></a>__rt_lib_init_lc_time_1</STRONG> (Thumb, 0 bytes, Stack size unknown bytes, libinit2.o(.ARM.Collect$$libinit$$00000019))

<P><STRONG><a name="[270]"></a>__rt_lib_init_return</STRONG> (Thumb, 0 bytes, Stack size unknown bytes, libinit2.o(.ARM.Collect$$libinit$$00000033))

<P><STRONG><a name="[271]"></a>__rt_lib_init_signal_1</STRONG> (Thumb, 0 bytes, Stack size unknown bytes, libinit2.o(.ARM.Collect$$libinit$$0000001D))

<P><STRONG><a name="[272]"></a>__rt_lib_init_stdio_1</STRONG> (Thumb, 0 bytes, Stack size unknown bytes, libinit2.o(.ARM.Collect$$libinit$$00000025))

<P><STRONG><a name="[106]"></a>__rt_lib_shutdown</STRONG> (Thumb, 0 bytes, Stack size unknown bytes, libshutdown.o(.ARM.Collect$$libshutdown$$00000000))
<BR><BR>[Called By]<UL><LI><a href="#[105]">&gt;&gt;</a>&nbsp;&nbsp;&nbsp;__rt_exit_ls
</UL>

<P><STRONG><a name="[273]"></a>__rt_lib_shutdown_cpp_1</STRONG> (Thumb, 0 bytes, Stack size unknown bytes, libshutdown2.o(.ARM.Collect$$libshutdown$$00000002))

<P><STRONG><a name="[274]"></a>__rt_lib_shutdown_fp_trap_1</STRONG> (Thumb, 0 bytes, Stack size unknown bytes, libshutdown2.o(.ARM.Collect$$libshutdown$$00000007))

<P><STRONG><a name="[fc]"></a>__rt_lib_shutdown_heap_2</STRONG> (Thumb, 0 bytes, Stack size unknown bytes, libshutdown2.o(.ARM.Collect$$libshutdown$$0000000D))
<BR><BR>[Stack]<UL><LI>Max Depth = 32 + Unknown Stack Size
<LI>Call Chain = __rt_lib_shutdown_heap_2 &rArr; _terminate_alloc &rArr; __Heap_Finalize &rArr; _mutex_free &rArr; stm32_lock_release
</UL>
<BR>[Calls]<UL><LI><a href="#[fd]">&gt;&gt;</a>&nbsp;&nbsp;&nbsp;_terminate_alloc
</UL>

<P><STRONG><a name="[275]"></a>__rt_lib_shutdown_signal_1</STRONG> (Thumb, 0 bytes, Stack size unknown bytes, libshutdown2.o(.ARM.Collect$$libshutdown$$0000000A))

<P><STRONG><a name="[276]"></a>__rt_lib_shutdown_stdio_1</STRONG> (Thumb, 0 bytes, Stack size unknown bytes, libshutdown2.o(.ARM.Collect$$libshutdown$$00000004))

<P><STRONG><a name="[277]"></a>__rt_lib_shutdown_user_alloc_1</STRONG> (Thumb, 0 bytes, Stack size unknown bytes, libshutdown2.o(.ARM.Collect$$libshutdown$$0000000C))

<P><STRONG><a name="[278]"></a>__rt_lib_shutdown_heap_1</STRONG> (Thumb, 0 bytes, Stack size unknown bytes, libshutdown2.o(.ARM.Collect$$libshutdown$$0000000F))

<P><STRONG><a name="[279]"></a>__rt_lib_shutdown_return</STRONG> (Thumb, 0 bytes, Stack size unknown bytes, libshutdown2.o(.ARM.Collect$$libshutdown$$00000010))

<P><STRONG><a name="[cf]"></a>__rt_entry</STRONG> (Thumb, 0 bytes, Stack size unknown bytes, __rtentry.o(.ARM.Collect$$rtentry$$00000000))
<BR><BR>[Called By]<UL><LI><a href="#[c9]">&gt;&gt;</a>&nbsp;&nbsp;&nbsp;__main
<LI><a href="#[d0]">&gt;&gt;</a>&nbsp;&nbsp;&nbsp;__scatterload_rt2
</UL>

<P><STRONG><a name="[27a]"></a>__rt_entry_presh_1</STRONG> (Thumb, 0 bytes, Stack size unknown bytes, __rtentry2.o(.ARM.Collect$$rtentry$$00000002))

<P><STRONG><a name="[fe]"></a>__rt_entry_sh</STRONG> (Thumb, 0 bytes, Stack size unknown bytes, __rtentry4.o(.ARM.Collect$$rtentry$$00000004))
<BR><BR>[Stack]<UL><LI>Max Depth = 8 + Unknown Stack Size
<LI>Call Chain = __rt_entry_sh &rArr; __user_setup_stackheap
</UL>
<BR>[Calls]<UL><LI><a href="#[ff]">&gt;&gt;</a>&nbsp;&nbsp;&nbsp;__user_setup_stackheap
</UL>

<P><STRONG><a name="[100]"></a>__rt_entry_li</STRONG> (Thumb, 0 bytes, Stack size unknown bytes, __rtentry2.o(.ARM.Collect$$rtentry$$0000000A))
<BR><BR>[Calls]<UL><LI><a href="#[101]">&gt;&gt;</a>&nbsp;&nbsp;&nbsp;__rt_lib_init
</UL>

<P><STRONG><a name="[27b]"></a>__rt_entry_postsh_1</STRONG> (Thumb, 0 bytes, Stack size unknown bytes, __rtentry2.o(.ARM.Collect$$rtentry$$00000009))

<P><STRONG><a name="[102]"></a>__rt_entry_main</STRONG> (Thumb, 0 bytes, Stack size unknown bytes, __rtentry2.o(.ARM.Collect$$rtentry$$0000000D))
<BR><BR>[Stack]<UL><LI>Max Depth = 400 + Unknown Stack Size
<LI>Call Chain = __rt_entry_main &rArr; main &rArr; MX_FREERTOS_Init &rArr; robotInit &rArr; osThreadNew &rArr; xTaskCreate &rArr; pvPortMalloc &rArr; xTaskResumeAll &rArr; xTaskIncrementTick
</UL>
<BR>[Calls]<UL><LI><a href="#[103]">&gt;&gt;</a>&nbsp;&nbsp;&nbsp;main
<LI><a href="#[104]">&gt;&gt;</a>&nbsp;&nbsp;&nbsp;exit
</UL>

<P><STRONG><a name="[27c]"></a>__rt_entry_postli_1</STRONG> (Thumb, 0 bytes, Stack size unknown bytes, __rtentry2.o(.ARM.Collect$$rtentry$$0000000C))

<P><STRONG><a name="[140]"></a>__rt_exit</STRONG> (Thumb, 0 bytes, Stack size unknown bytes, rtexit.o(.ARM.Collect$$rtexit$$00000000))
<BR><BR>[Called By]<UL><LI><a href="#[104]">&gt;&gt;</a>&nbsp;&nbsp;&nbsp;exit
</UL>

<P><STRONG><a name="[105]"></a>__rt_exit_ls</STRONG> (Thumb, 0 bytes, Stack size unknown bytes, rtexit2.o(.ARM.Collect$$rtexit$$00000003))
<BR><BR>[Calls]<UL><LI><a href="#[106]">&gt;&gt;</a>&nbsp;&nbsp;&nbsp;__rt_lib_shutdown
</UL>

<P><STRONG><a name="[27d]"></a>__rt_exit_prels_1</STRONG> (Thumb, 0 bytes, Stack size unknown bytes, rtexit2.o(.ARM.Collect$$rtexit$$00000002))

<P><STRONG><a name="[107]"></a>__rt_exit_exit</STRONG> (Thumb, 0 bytes, Stack size unknown bytes, rtexit2.o(.ARM.Collect$$rtexit$$00000004))
<BR><BR>[Calls]<UL><LI><a href="#[108]">&gt;&gt;</a>&nbsp;&nbsp;&nbsp;_sys_exit
</UL>

<P><STRONG><a name="[61]"></a>SVC_Handler</STRONG> (Thumb, 28 bytes, Stack size 0 bytes, port.o(.emb_text))
<BR>[Address Reference Count : 1]<UL><LI> startup_stm32f407xx.o(RESET)
</UL>
<P><STRONG><a name="[24f]"></a>__asm___6_port_c_39a90d8d__prvStartFirstTask</STRONG> (Thumb, 36 bytes, Stack size 0 bytes, port.o(.emb_text))
<BR><BR>[Called By]<UL><LI><a href="#[24c]">&gt;&gt;</a>&nbsp;&nbsp;&nbsp;xPortStartScheduler
</UL>

<P><STRONG><a name="[24e]"></a>__asm___6_port_c_39a90d8d__prvEnableVFP</STRONG> (Thumb, 16 bytes, Stack size 0 bytes, port.o(.emb_text))
<BR><BR>[Called By]<UL><LI><a href="#[24c]">&gt;&gt;</a>&nbsp;&nbsp;&nbsp;xPortStartScheduler
</UL>

<P><STRONG><a name="[63]"></a>PendSV_Handler</STRONG> (Thumb, 88 bytes, Stack size 0 bytes, port.o(.emb_text))
<BR><BR>[Stack]<UL><LI>Max Depth = 8<LI>Call Chain = PendSV_Handler &rArr; vTaskSwitchContext
</UL>
<BR>[Calls]<UL><LI><a href="#[109]">&gt;&gt;</a>&nbsp;&nbsp;&nbsp;vTaskSwitchContext
</UL>
<BR>[Address Reference Count : 1]<UL><LI> startup_stm32f407xx.o(RESET)
</UL>
<P><STRONG><a name="[246]"></a>vPortGetIPSR</STRONG> (Thumb, 6 bytes, Stack size 0 bytes, port.o(.emb_text))
<BR><BR>[Called By]<UL><LI><a href="#[245]">&gt;&gt;</a>&nbsp;&nbsp;&nbsp;vPortValidateInterruptPriority
</UL>

<P><STRONG><a name="[5b]"></a>Reset_Handler</STRONG> (Thumb, 8 bytes, Stack size 0 bytes, startup_stm32f407xx.o(.text))
<BR>[Address Reference Count : 1]<UL><LI> startup_stm32f407xx.o(RESET)
</UL>
<P><STRONG><a name="[27e]"></a>_maybe_terminate_alloc</STRONG> (Thumb, 0 bytes, Stack size 0 bytes, maybetermalloc2.o(.emb_text), UNUSED)

<P><STRONG><a name="[77]"></a>ADC_IRQHandler</STRONG> (Thumb, 0 bytes, Stack size 0 bytes, startup_stm32f407xx.o(.text))
<BR><BR>[Calls]<UL><LI><a href="#[77]">&gt;&gt;</a>&nbsp;&nbsp;&nbsp;ADC_IRQHandler
</UL>
<BR>[Called By]<UL><LI><a href="#[77]">&gt;&gt;</a>&nbsp;&nbsp;&nbsp;ADC_IRQHandler
</UL>
<BR>[Address Reference Count : 1]<UL><LI> startup_stm32f407xx.o(RESET)
</UL>
<P><STRONG><a name="[79]"></a>CAN1_RX0_IRQHandler</STRONG> (Thumb, 0 bytes, Stack size 0 bytes, startup_stm32f407xx.o(.text))
<BR>[Address Reference Count : 1]<UL><LI> startup_stm32f407xx.o(RESET)
</UL>
<P><STRONG><a name="[7a]"></a>CAN1_RX1_IRQHandler</STRONG> (Thumb, 0 bytes, Stack size 0 bytes, startup_stm32f407xx.o(.text))
<BR>[Address Reference Count : 1]<UL><LI> startup_stm32f407xx.o(RESET)
</UL>
<P><STRONG><a name="[7b]"></a>CAN1_SCE_IRQHandler</STRONG> (Thumb, 0 bytes, Stack size 0 bytes, startup_stm32f407xx.o(.text))
<BR>[Address Reference Count : 1]<UL><LI> startup_stm32f407xx.o(RESET)
</UL>
<P><STRONG><a name="[78]"></a>CAN1_TX_IRQHandler</STRONG> (Thumb, 0 bytes, Stack size 0 bytes, startup_stm32f407xx.o(.text))
<BR>[Address Reference Count : 1]<UL><LI> startup_stm32f407xx.o(RESET)
</UL>
<P><STRONG><a name="[a5]"></a>CAN2_RX0_IRQHandler</STRONG> (Thumb, 0 bytes, Stack size 0 bytes, startup_stm32f407xx.o(.text))
<BR>[Address Reference Count : 1]<UL><LI> startup_stm32f407xx.o(RESET)
</UL>
<P><STRONG><a name="[a6]"></a>CAN2_RX1_IRQHandler</STRONG> (Thumb, 0 bytes, Stack size 0 bytes, startup_stm32f407xx.o(.text))
<BR>[Address Reference Count : 1]<UL><LI> startup_stm32f407xx.o(RESET)
</UL>
<P><STRONG><a name="[a7]"></a>CAN2_SCE_IRQHandler</STRONG> (Thumb, 0 bytes, Stack size 0 bytes, startup_stm32f407xx.o(.text))
<BR>[Address Reference Count : 1]<UL><LI> startup_stm32f407xx.o(RESET)
</UL>
<P><STRONG><a name="[a4]"></a>CAN2_TX_IRQHandler</STRONG> (Thumb, 0 bytes, Stack size 0 bytes, startup_stm32f407xx.o(.text))
<BR>[Address Reference Count : 1]<UL><LI> startup_stm32f407xx.o(RESET)
</UL>
<P><STRONG><a name="[b3]"></a>DCMI_IRQHandler</STRONG> (Thumb, 0 bytes, Stack size 0 bytes, startup_stm32f407xx.o(.text))
<BR>[Address Reference Count : 1]<UL><LI> startup_stm32f407xx.o(RESET)
</UL>
<P><STRONG><a name="[70]"></a>DMA1_Stream0_IRQHandler</STRONG> (Thumb, 0 bytes, Stack size 0 bytes, startup_stm32f407xx.o(.text))
<BR>[Address Reference Count : 1]<UL><LI> startup_stm32f407xx.o(RESET)
</UL>
<P><STRONG><a name="[71]"></a>DMA1_Stream1_IRQHandler</STRONG> (Thumb, 0 bytes, Stack size 0 bytes, startup_stm32f407xx.o(.text))
<BR>[Address Reference Count : 1]<UL><LI> startup_stm32f407xx.o(RESET)
</UL>
<P><STRONG><a name="[72]"></a>DMA1_Stream2_IRQHandler</STRONG> (Thumb, 0 bytes, Stack size 0 bytes, startup_stm32f407xx.o(.text))
<BR>[Address Reference Count : 1]<UL><LI> startup_stm32f407xx.o(RESET)
</UL>
<P><STRONG><a name="[73]"></a>DMA1_Stream3_IRQHandler</STRONG> (Thumb, 0 bytes, Stack size 0 bytes, startup_stm32f407xx.o(.text))
<BR>[Address Reference Count : 1]<UL><LI> startup_stm32f407xx.o(RESET)
</UL>
<P><STRONG><a name="[74]"></a>DMA1_Stream4_IRQHandler</STRONG> (Thumb, 0 bytes, Stack size 0 bytes, startup_stm32f407xx.o(.text))
<BR>[Address Reference Count : 1]<UL><LI> startup_stm32f407xx.o(RESET)
</UL>
<P><STRONG><a name="[75]"></a>DMA1_Stream5_IRQHandler</STRONG> (Thumb, 0 bytes, Stack size 0 bytes, startup_stm32f407xx.o(.text))
<BR>[Address Reference Count : 1]<UL><LI> startup_stm32f407xx.o(RESET)
</UL>
<P><STRONG><a name="[76]"></a>DMA1_Stream6_IRQHandler</STRONG> (Thumb, 0 bytes, Stack size 0 bytes, startup_stm32f407xx.o(.text))
<BR>[Address Reference Count : 1]<UL><LI> startup_stm32f407xx.o(RESET)
</UL>
<P><STRONG><a name="[94]"></a>DMA1_Stream7_IRQHandler</STRONG> (Thumb, 0 bytes, Stack size 0 bytes, startup_stm32f407xx.o(.text))
<BR>[Address Reference Count : 1]<UL><LI> startup_stm32f407xx.o(RESET)
</UL>
<P><STRONG><a name="[9d]"></a>DMA2_Stream0_IRQHandler</STRONG> (Thumb, 0 bytes, Stack size 0 bytes, startup_stm32f407xx.o(.text))
<BR>[Address Reference Count : 1]<UL><LI> startup_stm32f407xx.o(RESET)
</UL>
<P><STRONG><a name="[9e]"></a>DMA2_Stream1_IRQHandler</STRONG> (Thumb, 0 bytes, Stack size 0 bytes, startup_stm32f407xx.o(.text))
<BR>[Address Reference Count : 1]<UL><LI> startup_stm32f407xx.o(RESET)
</UL>
<P><STRONG><a name="[a0]"></a>DMA2_Stream3_IRQHandler</STRONG> (Thumb, 0 bytes, Stack size 0 bytes, startup_stm32f407xx.o(.text))
<BR>[Address Reference Count : 1]<UL><LI> startup_stm32f407xx.o(RESET)
</UL>
<P><STRONG><a name="[a1]"></a>DMA2_Stream4_IRQHandler</STRONG> (Thumb, 0 bytes, Stack size 0 bytes, startup_stm32f407xx.o(.text))
<BR>[Address Reference Count : 1]<UL><LI> startup_stm32f407xx.o(RESET)
</UL>
<P><STRONG><a name="[a9]"></a>DMA2_Stream5_IRQHandler</STRONG> (Thumb, 0 bytes, Stack size 0 bytes, startup_stm32f407xx.o(.text))
<BR>[Address Reference Count : 1]<UL><LI> startup_stm32f407xx.o(RESET)
</UL>
<P><STRONG><a name="[aa]"></a>DMA2_Stream6_IRQHandler</STRONG> (Thumb, 0 bytes, Stack size 0 bytes, startup_stm32f407xx.o(.text))
<BR>[Address Reference Count : 1]<UL><LI> startup_stm32f407xx.o(RESET)
</UL>
<P><STRONG><a name="[ab]"></a>DMA2_Stream7_IRQHandler</STRONG> (Thumb, 0 bytes, Stack size 0 bytes, startup_stm32f407xx.o(.text))
<BR>[Address Reference Count : 1]<UL><LI> startup_stm32f407xx.o(RESET)
</UL>
<P><STRONG><a name="[a2]"></a>ETH_IRQHandler</STRONG> (Thumb, 0 bytes, Stack size 0 bytes, startup_stm32f407xx.o(.text))
<BR>[Address Reference Count : 1]<UL><LI> startup_stm32f407xx.o(RESET)
</UL>
<P><STRONG><a name="[a3]"></a>ETH_WKUP_IRQHandler</STRONG> (Thumb, 0 bytes, Stack size 0 bytes, startup_stm32f407xx.o(.text))
<BR>[Address Reference Count : 1]<UL><LI> startup_stm32f407xx.o(RESET)
</UL>
<P><STRONG><a name="[8d]"></a>EXTI15_10_IRQHandler</STRONG> (Thumb, 0 bytes, Stack size 0 bytes, startup_stm32f407xx.o(.text))
<BR>[Address Reference Count : 1]<UL><LI> startup_stm32f407xx.o(RESET)
</UL>
<P><STRONG><a name="[6c]"></a>EXTI1_IRQHandler</STRONG> (Thumb, 0 bytes, Stack size 0 bytes, startup_stm32f407xx.o(.text))
<BR>[Address Reference Count : 1]<UL><LI> startup_stm32f407xx.o(RESET)
</UL>
<P><STRONG><a name="[6d]"></a>EXTI2_IRQHandler</STRONG> (Thumb, 0 bytes, Stack size 0 bytes, startup_stm32f407xx.o(.text))
<BR>[Address Reference Count : 1]<UL><LI> startup_stm32f407xx.o(RESET)
</UL>
<P><STRONG><a name="[6e]"></a>EXTI3_IRQHandler</STRONG> (Thumb, 0 bytes, Stack size 0 bytes, startup_stm32f407xx.o(.text))
<BR>[Address Reference Count : 1]<UL><LI> startup_stm32f407xx.o(RESET)
</UL>
<P><STRONG><a name="[6f]"></a>EXTI4_IRQHandler</STRONG> (Thumb, 0 bytes, Stack size 0 bytes, startup_stm32f407xx.o(.text))
<BR>[Address Reference Count : 1]<UL><LI> startup_stm32f407xx.o(RESET)
</UL>
<P><STRONG><a name="[7c]"></a>EXTI9_5_IRQHandler</STRONG> (Thumb, 0 bytes, Stack size 0 bytes, startup_stm32f407xx.o(.text))
<BR>[Address Reference Count : 1]<UL><LI> startup_stm32f407xx.o(RESET)
</UL>
<P><STRONG><a name="[69]"></a>FLASH_IRQHandler</STRONG> (Thumb, 0 bytes, Stack size 0 bytes, startup_stm32f407xx.o(.text))
<BR>[Address Reference Count : 1]<UL><LI> startup_stm32f407xx.o(RESET)
</UL>
<P><STRONG><a name="[95]"></a>FMC_IRQHandler</STRONG> (Thumb, 0 bytes, Stack size 0 bytes, startup_stm32f407xx.o(.text))
<BR>[Address Reference Count : 1]<UL><LI> startup_stm32f407xx.o(RESET)
</UL>
<P><STRONG><a name="[b5]"></a>FPU_IRQHandler</STRONG> (Thumb, 0 bytes, Stack size 0 bytes, startup_stm32f407xx.o(.text))
<BR>[Address Reference Count : 1]<UL><LI> startup_stm32f407xx.o(RESET)
</UL>
<P><STRONG><a name="[b4]"></a>HASH_RNG_IRQHandler</STRONG> (Thumb, 0 bytes, Stack size 0 bytes, startup_stm32f407xx.o(.text))
<BR>[Address Reference Count : 1]<UL><LI> startup_stm32f407xx.o(RESET)
</UL>
<P><STRONG><a name="[85]"></a>I2C1_ER_IRQHandler</STRONG> (Thumb, 0 bytes, Stack size 0 bytes, startup_stm32f407xx.o(.text))
<BR>[Address Reference Count : 1]<UL><LI> startup_stm32f407xx.o(RESET)
</UL>
<P><STRONG><a name="[84]"></a>I2C1_EV_IRQHandler</STRONG> (Thumb, 0 bytes, Stack size 0 bytes, startup_stm32f407xx.o(.text))
<BR>[Address Reference Count : 1]<UL><LI> startup_stm32f407xx.o(RESET)
</UL>
<P><STRONG><a name="[87]"></a>I2C2_ER_IRQHandler</STRONG> (Thumb, 0 bytes, Stack size 0 bytes, startup_stm32f407xx.o(.text))
<BR>[Address Reference Count : 1]<UL><LI> startup_stm32f407xx.o(RESET)
</UL>
<P><STRONG><a name="[86]"></a>I2C2_EV_IRQHandler</STRONG> (Thumb, 0 bytes, Stack size 0 bytes, startup_stm32f407xx.o(.text))
<BR>[Address Reference Count : 1]<UL><LI> startup_stm32f407xx.o(RESET)
</UL>
<P><STRONG><a name="[ae]"></a>I2C3_ER_IRQHandler</STRONG> (Thumb, 0 bytes, Stack size 0 bytes, startup_stm32f407xx.o(.text))
<BR>[Address Reference Count : 1]<UL><LI> startup_stm32f407xx.o(RESET)
</UL>
<P><STRONG><a name="[ad]"></a>I2C3_EV_IRQHandler</STRONG> (Thumb, 0 bytes, Stack size 0 bytes, startup_stm32f407xx.o(.text))
<BR>[Address Reference Count : 1]<UL><LI> startup_stm32f407xx.o(RESET)
</UL>
<P><STRONG><a name="[a8]"></a>OTG_FS_IRQHandler</STRONG> (Thumb, 0 bytes, Stack size 0 bytes, startup_stm32f407xx.o(.text))
<BR>[Address Reference Count : 1]<UL><LI> startup_stm32f407xx.o(RESET)
</UL>
<P><STRONG><a name="[8f]"></a>OTG_FS_WKUP_IRQHandler</STRONG> (Thumb, 0 bytes, Stack size 0 bytes, startup_stm32f407xx.o(.text))
<BR>[Address Reference Count : 1]<UL><LI> startup_stm32f407xx.o(RESET)
</UL>
<P><STRONG><a name="[b0]"></a>OTG_HS_EP1_IN_IRQHandler</STRONG> (Thumb, 0 bytes, Stack size 0 bytes, startup_stm32f407xx.o(.text))
<BR>[Address Reference Count : 1]<UL><LI> startup_stm32f407xx.o(RESET)
</UL>
<P><STRONG><a name="[af]"></a>OTG_HS_EP1_OUT_IRQHandler</STRONG> (Thumb, 0 bytes, Stack size 0 bytes, startup_stm32f407xx.o(.text))
<BR>[Address Reference Count : 1]<UL><LI> startup_stm32f407xx.o(RESET)
</UL>
<P><STRONG><a name="[b2]"></a>OTG_HS_IRQHandler</STRONG> (Thumb, 0 bytes, Stack size 0 bytes, startup_stm32f407xx.o(.text))
<BR>[Address Reference Count : 1]<UL><LI> startup_stm32f407xx.o(RESET)
</UL>
<P><STRONG><a name="[b1]"></a>OTG_HS_WKUP_IRQHandler</STRONG> (Thumb, 0 bytes, Stack size 0 bytes, startup_stm32f407xx.o(.text))
<BR>[Address Reference Count : 1]<UL><LI> startup_stm32f407xx.o(RESET)
</UL>
<P><STRONG><a name="[66]"></a>PVD_IRQHandler</STRONG> (Thumb, 0 bytes, Stack size 0 bytes, startup_stm32f407xx.o(.text))
<BR>[Address Reference Count : 1]<UL><LI> startup_stm32f407xx.o(RESET)
</UL>
<P><STRONG><a name="[6a]"></a>RCC_IRQHandler</STRONG> (Thumb, 0 bytes, Stack size 0 bytes, startup_stm32f407xx.o(.text))
<BR>[Address Reference Count : 1]<UL><LI> startup_stm32f407xx.o(RESET)
</UL>
<P><STRONG><a name="[8e]"></a>RTC_Alarm_IRQHandler</STRONG> (Thumb, 0 bytes, Stack size 0 bytes, startup_stm32f407xx.o(.text))
<BR>[Address Reference Count : 1]<UL><LI> startup_stm32f407xx.o(RESET)
</UL>
<P><STRONG><a name="[68]"></a>RTC_WKUP_IRQHandler</STRONG> (Thumb, 0 bytes, Stack size 0 bytes, startup_stm32f407xx.o(.text))
<BR>[Address Reference Count : 1]<UL><LI> startup_stm32f407xx.o(RESET)
</UL>
<P><STRONG><a name="[96]"></a>SDIO_IRQHandler</STRONG> (Thumb, 0 bytes, Stack size 0 bytes, startup_stm32f407xx.o(.text))
<BR>[Address Reference Count : 1]<UL><LI> startup_stm32f407xx.o(RESET)
</UL>
<P><STRONG><a name="[88]"></a>SPI1_IRQHandler</STRONG> (Thumb, 0 bytes, Stack size 0 bytes, startup_stm32f407xx.o(.text))
<BR>[Address Reference Count : 1]<UL><LI> startup_stm32f407xx.o(RESET)
</UL>
<P><STRONG><a name="[89]"></a>SPI2_IRQHandler</STRONG> (Thumb, 0 bytes, Stack size 0 bytes, startup_stm32f407xx.o(.text))
<BR>[Address Reference Count : 1]<UL><LI> startup_stm32f407xx.o(RESET)
</UL>
<P><STRONG><a name="[98]"></a>SPI3_IRQHandler</STRONG> (Thumb, 0 bytes, Stack size 0 bytes, startup_stm32f407xx.o(.text))
<BR>[Address Reference Count : 1]<UL><LI> startup_stm32f407xx.o(RESET)
</UL>
<P><STRONG><a name="[67]"></a>TAMP_STAMP_IRQHandler</STRONG> (Thumb, 0 bytes, Stack size 0 bytes, startup_stm32f407xx.o(.text))
<BR>[Address Reference Count : 1]<UL><LI> startup_stm32f407xx.o(RESET)
</UL>
<P><STRONG><a name="[7d]"></a>TIM1_BRK_TIM9_IRQHandler</STRONG> (Thumb, 0 bytes, Stack size 0 bytes, startup_stm32f407xx.o(.text))
<BR>[Address Reference Count : 1]<UL><LI> startup_stm32f407xx.o(RESET)
</UL>
<P><STRONG><a name="[80]"></a>TIM1_CC_IRQHandler</STRONG> (Thumb, 0 bytes, Stack size 0 bytes, startup_stm32f407xx.o(.text))
<BR>[Address Reference Count : 1]<UL><LI> startup_stm32f407xx.o(RESET)
</UL>
<P><STRONG><a name="[7f]"></a>TIM1_TRG_COM_TIM11_IRQHandler</STRONG> (Thumb, 0 bytes, Stack size 0 bytes, startup_stm32f407xx.o(.text))
<BR>[Address Reference Count : 1]<UL><LI> startup_stm32f407xx.o(RESET)
</UL>
<P><STRONG><a name="[7e]"></a>TIM1_UP_TIM10_IRQHandler</STRONG> (Thumb, 0 bytes, Stack size 0 bytes, startup_stm32f407xx.o(.text))
<BR>[Address Reference Count : 1]<UL><LI> startup_stm32f407xx.o(RESET)
</UL>
<P><STRONG><a name="[82]"></a>TIM3_IRQHandler</STRONG> (Thumb, 0 bytes, Stack size 0 bytes, startup_stm32f407xx.o(.text))
<BR>[Address Reference Count : 1]<UL><LI> startup_stm32f407xx.o(RESET)
</UL>
<P><STRONG><a name="[83]"></a>TIM4_IRQHandler</STRONG> (Thumb, 0 bytes, Stack size 0 bytes, startup_stm32f407xx.o(.text))
<BR>[Address Reference Count : 1]<UL><LI> startup_stm32f407xx.o(RESET)
</UL>
<P><STRONG><a name="[97]"></a>TIM5_IRQHandler</STRONG> (Thumb, 0 bytes, Stack size 0 bytes, startup_stm32f407xx.o(.text))
<BR>[Address Reference Count : 1]<UL><LI> startup_stm32f407xx.o(RESET)
</UL>
<P><STRONG><a name="[9b]"></a>TIM6_DAC_IRQHandler</STRONG> (Thumb, 0 bytes, Stack size 0 bytes, startup_stm32f407xx.o(.text))
<BR>[Address Reference Count : 1]<UL><LI> startup_stm32f407xx.o(RESET)
</UL>
<P><STRONG><a name="[9c]"></a>TIM7_IRQHandler</STRONG> (Thumb, 0 bytes, Stack size 0 bytes, startup_stm32f407xx.o(.text))
<BR>[Address Reference Count : 1]<UL><LI> startup_stm32f407xx.o(RESET)
</UL>
<P><STRONG><a name="[90]"></a>TIM8_BRK_TIM12_IRQHandler</STRONG> (Thumb, 0 bytes, Stack size 0 bytes, startup_stm32f407xx.o(.text))
<BR>[Address Reference Count : 1]<UL><LI> startup_stm32f407xx.o(RESET)
</UL>
<P><STRONG><a name="[93]"></a>TIM8_CC_IRQHandler</STRONG> (Thumb, 0 bytes, Stack size 0 bytes, startup_stm32f407xx.o(.text))
<BR>[Address Reference Count : 1]<UL><LI> startup_stm32f407xx.o(RESET)
</UL>
<P><STRONG><a name="[92]"></a>TIM8_TRG_COM_TIM14_IRQHandler</STRONG> (Thumb, 0 bytes, Stack size 0 bytes, startup_stm32f407xx.o(.text))
<BR>[Address Reference Count : 1]<UL><LI> startup_stm32f407xx.o(RESET)
</UL>
<P><STRONG><a name="[91]"></a>TIM8_UP_TIM13_IRQHandler</STRONG> (Thumb, 0 bytes, Stack size 0 bytes, startup_stm32f407xx.o(.text))
<BR>[Address Reference Count : 1]<UL><LI> startup_stm32f407xx.o(RESET)
</UL>
<P><STRONG><a name="[99]"></a>UART4_IRQHandler</STRONG> (Thumb, 0 bytes, Stack size 0 bytes, startup_stm32f407xx.o(.text))
<BR>[Address Reference Count : 1]<UL><LI> startup_stm32f407xx.o(RESET)
</UL>
<P><STRONG><a name="[9a]"></a>UART5_IRQHandler</STRONG> (Thumb, 0 bytes, Stack size 0 bytes, startup_stm32f407xx.o(.text))
<BR>[Address Reference Count : 1]<UL><LI> startup_stm32f407xx.o(RESET)
</UL>
<P><STRONG><a name="[8b]"></a>USART2_IRQHandler</STRONG> (Thumb, 0 bytes, Stack size 0 bytes, startup_stm32f407xx.o(.text))
<BR>[Address Reference Count : 1]<UL><LI> startup_stm32f407xx.o(RESET)
</UL>
<P><STRONG><a name="[8c]"></a>USART3_IRQHandler</STRONG> (Thumb, 0 bytes, Stack size 0 bytes, startup_stm32f407xx.o(.text))
<BR>[Address Reference Count : 1]<UL><LI> startup_stm32f407xx.o(RESET)
</UL>
<P><STRONG><a name="[ac]"></a>USART6_IRQHandler</STRONG> (Thumb, 0 bytes, Stack size 0 bytes, startup_stm32f407xx.o(.text))
<BR>[Address Reference Count : 1]<UL><LI> startup_stm32f407xx.o(RESET)
</UL>
<P><STRONG><a name="[65]"></a>WWDG_IRQHandler</STRONG> (Thumb, 0 bytes, Stack size 0 bytes, startup_stm32f407xx.o(.text))
<BR>[Address Reference Count : 1]<UL><LI> startup_stm32f407xx.o(RESET)
</UL>
<P><STRONG><a name="[13e]"></a>__user_initial_stackheap</STRONG> (Thumb, 0 bytes, Stack size unknown bytes, startup_stm32f407xx.o(.text))
<BR><BR>[Called By]<UL><LI><a href="#[ff]">&gt;&gt;</a>&nbsp;&nbsp;&nbsp;__user_setup_stackheap
</UL>

<P><STRONG><a name="[10a]"></a>_malloc_internal</STRONG> (Thumb, 130 bytes, Stack size 24 bytes, h1_alloc_mt.o(.text))
<BR><BR>[Stack]<UL><LI>Max Depth = 80<LI>Call Chain = _malloc_internal &rArr; __Heap_Full &rArr; __Heap_ProvideMemory &rArr; _free_internal &rArr; _mutex_release &rArr; stm32_lock_release
</UL>
<BR>[Calls]<UL><LI><a href="#[cd]">&gt;&gt;</a>&nbsp;&nbsp;&nbsp;_mutex_release
<LI><a href="#[ca]">&gt;&gt;</a>&nbsp;&nbsp;&nbsp;_mutex_acquire
<LI><a href="#[10c]">&gt;&gt;</a>&nbsp;&nbsp;&nbsp;__Heap_Full
<LI><a href="#[10b]">&gt;&gt;</a>&nbsp;&nbsp;&nbsp;Heap1_SizeAdjust
</UL>
<BR>[Called By]<UL><LI><a href="#[10d]">&gt;&gt;</a>&nbsp;&nbsp;&nbsp;malloc
</UL>

<P><STRONG><a name="[10d]"></a>malloc</STRONG> (Thumb, 20 bytes, Stack size 8 bytes, h1_alloc_mt.o(.text))
<BR><BR>[Stack]<UL><LI>Max Depth = 88<LI>Call Chain = malloc &rArr; _malloc_internal &rArr; __Heap_Full &rArr; __Heap_ProvideMemory &rArr; _free_internal &rArr; _mutex_release &rArr; stm32_lock_release
</UL>
<BR>[Calls]<UL><LI><a href="#[10e]">&gt;&gt;</a>&nbsp;&nbsp;&nbsp;__rt_heap_descriptor
<LI><a href="#[10a]">&gt;&gt;</a>&nbsp;&nbsp;&nbsp;_malloc_internal
</UL>
<BR>[Called By]<UL><LI><a href="#[157]">&gt;&gt;</a>&nbsp;&nbsp;&nbsp;GPIORegister
</UL>

<P><STRONG><a name="[172]"></a>__aeabi_uldivmod</STRONG> (Thumb, 0 bytes, Stack size 48 bytes, lludivv7m.o(.text))
<BR><BR>[Stack]<UL><LI>Max Depth = 48<LI>Call Chain = __aeabi_uldivmod
</UL>
<BR>[Called By]<UL><LI><a href="#[171]">&gt;&gt;</a>&nbsp;&nbsp;&nbsp;HAL_RCC_GetSysClockFreq
<LI><a href="#[1a5]">&gt;&gt;</a>&nbsp;&nbsp;&nbsp;UART_SetConfig
</UL>

<P><STRONG><a name="[27f]"></a>_ll_udiv</STRONG> (Thumb, 238 bytes, Stack size 48 bytes, lludivv7m.o(.text), UNUSED)

<P><STRONG><a name="[10f]"></a>vsnprintf</STRONG> (Thumb, 48 bytes, Stack size 24 bytes, vsnprintf.o(.text))
<BR><BR>[Stack]<UL><LI>Max Depth = 128 + Unknown Stack Size
<LI>Call Chain = vsnprintf &rArr; _printf_char_common &rArr; __printf
</UL>
<BR>[Calls]<UL><LI><a href="#[111]">&gt;&gt;</a>&nbsp;&nbsp;&nbsp;_sputc
<LI><a href="#[110]">&gt;&gt;</a>&nbsp;&nbsp;&nbsp;_printf_char_common
</UL>
<BR>[Called By]<UL><LI><a href="#[1f3]">&gt;&gt;</a>&nbsp;&nbsp;&nbsp;PrintLogV
</UL>

<P><STRONG><a name="[dc]"></a>_printf_int_dec</STRONG> (Thumb, 104 bytes, Stack size 24 bytes, _printf_dec.o(.text))
<BR><BR>[Stack]<UL><LI>Max Depth = 72<LI>Call Chain = _printf_int_dec &rArr; _printf_int_common &rArr; _printf_post_padding
</UL>
<BR>[Calls]<UL><LI><a href="#[114]">&gt;&gt;</a>&nbsp;&nbsp;&nbsp;_printf_int_common
<LI><a href="#[113]">&gt;&gt;</a>&nbsp;&nbsp;&nbsp;_printf_truncate_unsigned
<LI><a href="#[112]">&gt;&gt;</a>&nbsp;&nbsp;&nbsp;_printf_truncate_signed
</UL>
<BR>[Called By]<UL><LI><a href="#[dd]">&gt;&gt;</a>&nbsp;&nbsp;&nbsp;_printf_d
<LI><a href="#[de]">&gt;&gt;</a>&nbsp;&nbsp;&nbsp;_printf_u
<LI><a href="#[db]">&gt;&gt;</a>&nbsp;&nbsp;&nbsp;_printf_i
</UL>

<P><STRONG><a name="[115]"></a>__printf</STRONG> (Thumb, 388 bytes, Stack size 40 bytes, __printf_flags_ss_wp.o(.text))
<BR><BR>[Stack]<UL><LI>Max Depth = 40 + Unknown Stack Size
<LI>Call Chain = __printf
</UL>
<BR>[Calls]<UL><LI><a href="#[117]">&gt;&gt;</a>&nbsp;&nbsp;&nbsp;_printf_percent
<LI><a href="#[116]">&gt;&gt;</a>&nbsp;&nbsp;&nbsp;_is_digit
</UL>
<BR>[Called By]<UL><LI><a href="#[110]">&gt;&gt;</a>&nbsp;&nbsp;&nbsp;_printf_char_common
</UL>

<P><STRONG><a name="[20a]"></a>strcpy</STRONG> (Thumb, 72 bytes, Stack size 12 bytes, strcpy.o(.text))
<BR><BR>[Stack]<UL><LI>Max Depth = 12<LI>Call Chain = strcpy
</UL>
<BR>[Called By]<UL><LI><a href="#[1f6]">&gt;&gt;</a>&nbsp;&nbsp;&nbsp;_DoInit
</UL>

<P><STRONG><a name="[1fb]"></a>strlen</STRONG> (Thumb, 62 bytes, Stack size 8 bytes, strlen.o(.text))
<BR><BR>[Stack]<UL><LI>Max Depth = 8<LI>Call Chain = strlen
</UL>
<BR>[Called By]<UL><LI><a href="#[1f4]">&gt;&gt;</a>&nbsp;&nbsp;&nbsp;SEGGER_RTT_WriteString
</UL>

<P><STRONG><a name="[1ec]"></a>__aeabi_memcpy</STRONG> (Thumb, 0 bytes, Stack size 0 bytes, rt_memcpy_v6.o(.text))
<BR><BR>[Called By]<UL><LI><a href="#[229]">&gt;&gt;</a>&nbsp;&nbsp;&nbsp;prvCopyDataToQueue
<LI><a href="#[228]">&gt;&gt;</a>&nbsp;&nbsp;&nbsp;prvCopyDataFromQueue
<LI><a href="#[1f9]">&gt;&gt;</a>&nbsp;&nbsp;&nbsp;_WriteNoCheck
<LI><a href="#[1fa]">&gt;&gt;</a>&nbsp;&nbsp;&nbsp;_WriteBlocking
<LI><a href="#[4b]">&gt;&gt;</a>&nbsp;&nbsp;&nbsp;OledRefresh
</UL>

<P><STRONG><a name="[118]"></a>__rt_memcpy</STRONG> (Thumb, 138 bytes, Stack size 0 bytes, rt_memcpy_v6.o(.text), UNUSED)
<BR><BR>[Calls]<UL><LI><a href="#[119]">&gt;&gt;</a>&nbsp;&nbsp;&nbsp;__aeabi_memcpy4
</UL>

<P><STRONG><a name="[280]"></a>_memcpy_lastbytes</STRONG> (Thumb, 0 bytes, Stack size unknown bytes, rt_memcpy_v6.o(.text), UNUSED)

<P><STRONG><a name="[119]"></a>__aeabi_memcpy4</STRONG> (Thumb, 0 bytes, Stack size 8 bytes, rt_memcpy_w.o(.text))
<BR><BR>[Stack]<UL><LI>Max Depth = 8<LI>Call Chain = __aeabi_memcpy4
</UL>
<BR>[Called By]<UL><LI><a href="#[1c8]">&gt;&gt;</a>&nbsp;&nbsp;&nbsp;robotInit
<LI><a href="#[21]">&gt;&gt;</a>&nbsp;&nbsp;&nbsp;EncoderInit
<LI><a href="#[28]">&gt;&gt;</a>&nbsp;&nbsp;&nbsp;EncoderGetData
<LI><a href="#[118]">&gt;&gt;</a>&nbsp;&nbsp;&nbsp;__rt_memcpy
<LI><a href="#[39]">&gt;&gt;</a>&nbsp;&nbsp;&nbsp;WheelInit
<LI><a href="#[40]">&gt;&gt;</a>&nbsp;&nbsp;&nbsp;WheelGetData
<LI><a href="#[31]">&gt;&gt;</a>&nbsp;&nbsp;&nbsp;PidInit
<LI><a href="#[38]">&gt;&gt;</a>&nbsp;&nbsp;&nbsp;PidGetData
<LI><a href="#[1a9]">&gt;&gt;</a>&nbsp;&nbsp;&nbsp;IICRegister
<LI><a href="#[4a]">&gt;&gt;</a>&nbsp;&nbsp;&nbsp;OledInit
<LI><a href="#[29]">&gt;&gt;</a>&nbsp;&nbsp;&nbsp;MotorInit
<LI><a href="#[1b]">&gt;&gt;</a>&nbsp;&nbsp;&nbsp;KeyInit
<LI><a href="#[20]">&gt;&gt;</a>&nbsp;&nbsp;&nbsp;KeyGetData
<LI><a href="#[d]">&gt;&gt;</a>&nbsp;&nbsp;&nbsp;ImuInit
<LI><a href="#[f]">&gt;&gt;</a>&nbsp;&nbsp;&nbsp;ImuGetData
<LI><a href="#[41]">&gt;&gt;</a>&nbsp;&nbsp;&nbsp;ChassisInit
<LI><a href="#[49]">&gt;&gt;</a>&nbsp;&nbsp;&nbsp;ChassisGetData
</UL>

<P><STRONG><a name="[281]"></a>__aeabi_memcpy8</STRONG> (Thumb, 0 bytes, Stack size 8 bytes, rt_memcpy_w.o(.text), UNUSED)

<P><STRONG><a name="[282]"></a>__rt_memcpy_w</STRONG> (Thumb, 100 bytes, Stack size 8 bytes, rt_memcpy_w.o(.text), UNUSED)

<P><STRONG><a name="[283]"></a>_memcpy_lastbytes_aligned</STRONG> (Thumb, 0 bytes, Stack size unknown bytes, rt_memcpy_w.o(.text), UNUSED)

<P><STRONG><a name="[11a]"></a>__aeabi_memset</STRONG> (Thumb, 16 bytes, Stack size 0 bytes, aeabi_memset.o(.text))
<BR><BR>[Calls]<UL><LI><a href="#[11b]">&gt;&gt;</a>&nbsp;&nbsp;&nbsp;_memset
</UL>
<BR>[Called By]<UL><LI><a href="#[22f]">&gt;&gt;</a>&nbsp;&nbsp;&nbsp;prvInitialiseNewTask
</UL>

<P><STRONG><a name="[284]"></a>__aeabi_memclr</STRONG> (Thumb, 0 bytes, Stack size 0 bytes, rt_memclr.o(.text), UNUSED)

<P><STRONG><a name="[11c]"></a>__rt_memclr</STRONG> (Thumb, 68 bytes, Stack size 0 bytes, rt_memclr.o(.text), UNUSED)
<BR><BR>[Calls]<UL><LI><a href="#[11d]">&gt;&gt;</a>&nbsp;&nbsp;&nbsp;_memset_w
</UL>

<P><STRONG><a name="[11b]"></a>_memset</STRONG> (Thumb, 0 bytes, Stack size unknown bytes, rt_memclr.o(.text))
<BR><BR>[Called By]<UL><LI><a href="#[11a]">&gt;&gt;</a>&nbsp;&nbsp;&nbsp;__aeabi_memset
</UL>

<P><STRONG><a name="[14b]"></a>__aeabi_memclr4</STRONG> (Thumb, 0 bytes, Stack size 4 bytes, rt_memclr_w.o(.text))
<BR><BR>[Stack]<UL><LI>Max Depth = 4<LI>Call Chain = __aeabi_memclr4
</UL>
<BR>[Called By]<UL><LI><a href="#[1a4]">&gt;&gt;</a>&nbsp;&nbsp;&nbsp;HAL_UART_MspInit
<LI><a href="#[18b]">&gt;&gt;</a>&nbsp;&nbsp;&nbsp;HAL_TIM_MspPostInit
<LI><a href="#[17c]">&gt;&gt;</a>&nbsp;&nbsp;&nbsp;HAL_TIM_Encoder_MspInit
<LI><a href="#[1d0]">&gt;&gt;</a>&nbsp;&nbsp;&nbsp;MX_TIM5_Init
<LI><a href="#[1cf]">&gt;&gt;</a>&nbsp;&nbsp;&nbsp;MX_TIM4_Init
<LI><a href="#[1ce]">&gt;&gt;</a>&nbsp;&nbsp;&nbsp;MX_TIM3_Init
<LI><a href="#[1cb]">&gt;&gt;</a>&nbsp;&nbsp;&nbsp;MX_TIM1_Init
<LI><a href="#[1ca]">&gt;&gt;</a>&nbsp;&nbsp;&nbsp;MX_GPIO_Init
<LI><a href="#[1ff]">&gt;&gt;</a>&nbsp;&nbsp;&nbsp;SystemClock_Config
<LI><a href="#[14e]">&gt;&gt;</a>&nbsp;&nbsp;&nbsp;TIMRegister
<LI><a href="#[21]">&gt;&gt;</a>&nbsp;&nbsp;&nbsp;EncoderInit
<LI><a href="#[150]">&gt;&gt;</a>&nbsp;&nbsp;&nbsp;EncoderResetSpeedWindow
<LI><a href="#[19c]">&gt;&gt;</a>&nbsp;&nbsp;&nbsp;HAL_UART_ErrorCallback
<LI><a href="#[199]">&gt;&gt;</a>&nbsp;&nbsp;&nbsp;HAL_UARTEx_RxEventCallback
<LI><a href="#[39]">&gt;&gt;</a>&nbsp;&nbsp;&nbsp;WheelInit
<LI><a href="#[33]">&gt;&gt;</a>&nbsp;&nbsp;&nbsp;PidReset
<LI><a href="#[31]">&gt;&gt;</a>&nbsp;&nbsp;&nbsp;PidInit
<LI><a href="#[1a9]">&gt;&gt;</a>&nbsp;&nbsp;&nbsp;IICRegister
<LI><a href="#[4a]">&gt;&gt;</a>&nbsp;&nbsp;&nbsp;OledInit
<LI><a href="#[1e2]">&gt;&gt;</a>&nbsp;&nbsp;&nbsp;PWMRegister
<LI><a href="#[1e1]">&gt;&gt;</a>&nbsp;&nbsp;&nbsp;MotorRegisterPwm
<LI><a href="#[1b]">&gt;&gt;</a>&nbsp;&nbsp;&nbsp;KeyInit
[...]
</UL>
<BR>[Called By]<UL><LI><a href="#[2f]">&gt;&gt;</a>&nbsp;&nbsp;&nbsp;MotorUpdate
<LI><a href="#[2b]">&gt;&gt;</a>&nbsp;&nbsp;&nbsp;MotorStop
<LI><a href="#[2a]">&gt;&gt;</a>&nbsp;&nbsp;&nbsp;MotorStart
<LI><a href="#[29]">&gt;&gt;</a>&nbsp;&nbsp;&nbsp;MotorInit
<LI><a href="#[30]">&gt;&gt;</a>&nbsp;&nbsp;&nbsp;MotorGetData
</UL>

<P><STRONG><a name="[1db]"></a>MotorTb6612ApplyDirection</STRONG> (Thumb, 118 bytes, Stack size 16 bytes, motor_driver.o(i.MotorTb6612ApplyDirection))
<BR><BR>[Stack]<UL><LI>Max Depth = 32<LI>Call Chain = MotorTb6612ApplyDirection &rArr; MotorWriteGpio
</UL>
<BR>[Calls]<UL><LI><a href="#[1e6]">&gt;&gt;</a>&nbsp;&nbsp;&nbsp;MotorWriteGpio
</UL>
<BR>[Called By]<UL><LI><a href="#[2b]">&gt;&gt;</a>&nbsp;&nbsp;&nbsp;MotorStop
<LI><a href="#[29]">&gt;&gt;</a>&nbsp;&nbsp;&nbsp;MotorInit
<LI><a href="#[1d8]">&gt;&gt;</a>&nbsp;&nbsp;&nbsp;MotorApplyReductionOutput
</UL>

<P><STRONG><a name="[1da]"></a>MotorTb6612SetStandby</STRONG> (Thumb, 28 bytes, Stack size 0 bytes, motor_driver.o(i.MotorTb6612SetStandby))
<BR><BR>[Stack]<UL><LI>Max Depth = 16<LI>Call Chain = MotorTb6612SetStandby &rArr; MotorWriteGpio
</UL>
<BR>[Calls]<UL><LI><a href="#[1e6]">&gt;&gt;</a>&nbsp;&nbsp;&nbsp;MotorWriteGpio
</UL>
<BR>[Called By]<UL><LI><a href="#[2b]">&gt;&gt;</a>&nbsp;&nbsp;&nbsp;MotorStop
<LI><a href="#[2a]">&gt;&gt;</a>&nbsp;&nbsp;&nbsp;MotorStart
<LI><a href="#[29]">&gt;&gt;</a>&nbsp;&nbsp;&nbsp;MotorInit
<LI><a href="#[1d8]">&gt;&gt;</a>&nbsp;&nbsp;&nbsp;MotorApplyReductionOutput
</UL>

<P><STRONG><a name="[1e6]"></a>MotorWriteGpio</STRONG> (Thumb, 30 bytes, Stack size 16 bytes, motor_driver.o(i.MotorWriteGpio))
<BR><BR>[Stack]<UL><LI>Max Depth = 16<LI>Call Chain = MotorWriteGpio
</UL>
<BR>[Calls]<UL><LI><a href="#[159]">&gt;&gt;</a>&nbsp;&nbsp;&nbsp;HAL_GPIO_WritePin
<LI><a href="#[1e0]">&gt;&gt;</a>&nbsp;&nbsp;&nbsp;MotorGpioConfigIsValid
</UL>
<BR>[Called By]<UL><LI><a href="#[1da]">&gt;&gt;</a>&nbsp;&nbsp;&nbsp;MotorTb6612SetStandby
<LI><a href="#[1db]">&gt;&gt;</a>&nbsp;&nbsp;&nbsp;MotorTb6612ApplyDirection
</UL>

<P><STRONG><a name="[1e8]"></a>OledAppendUnsigned</STRONG> (Thumb, 86 bytes, Stack size 32 bytes, oled_driver.o(i.OledAppendUnsigned))
<BR><BR>[Stack]<UL><LI>Max Depth = 32<LI>Call Chain = OledAppendUnsigned
</UL>
<BR>[Called By]<UL><LI><a href="#[53]">&gt;&gt;</a>&nbsp;&nbsp;&nbsp;OledDrawInt
<LI><a href="#[1e7]">&gt;&gt;</a>&nbsp;&nbsp;&nbsp;OledFormatFloat
</UL>

<P><STRONG><a name="[1ea]"></a>OledBindMethods</STRONG> (Thumb, 108 bytes, Stack size 0 bytes, oled_driver.o(i.OledBindMethods))
<BR><BR>[Called By]<UL><LI><a href="#[4a]">&gt;&gt;</a>&nbsp;&nbsp;&nbsp;OledInit
</UL>

<P><STRONG><a name="[1e9]"></a>OledConfigIsValid</STRONG> (Thumb, 74 bytes, Stack size 0 bytes, oled_driver.o(i.OledConfigIsValid))
<BR><BR>[Called By]<UL><LI><a href="#[4a]">&gt;&gt;</a>&nbsp;&nbsp;&nbsp;OledInit
</UL>

<P><STRONG><a name="[1e7]"></a>OledFormatFloat</STRONG> (Thumb, 234 bytes, Stack size 24 bytes, oled_driver.o(i.OledFormatFloat))
<BR><BR>[Stack]<UL><LI>Max Depth = 56<LI>Call Chain = OledFormatFloat &rArr; OledAppendUnsigned
</UL>
<BR>[Calls]<UL><LI><a href="#[1e8]">&gt;&gt;</a>&nbsp;&nbsp;&nbsp;OledAppendUnsigned
</UL>
<BR>[Called By]<UL><LI><a href="#[54]">&gt;&gt;</a>&nbsp;&nbsp;&nbsp;OledDrawFloat
</UL>

<P><STRONG><a name="[1eb]"></a>OledWriteCommand</STRONG> (Thumb, 38 bytes, Stack size 8 bytes, oled_driver.o(i.OledWriteCommand))
<BR><BR>[Stack]<UL><LI>Max Depth = 72<LI>Call Chain = OledWriteCommand &rArr; IICTransmit &rArr; IICSoftWriteByte &rArr; IICSoftReadBit &rArr; IICSoftDelay
</UL>
<BR>[Calls]<UL><LI><a href="#[1b5]">&gt;&gt;</a>&nbsp;&nbsp;&nbsp;IICTransmit
</UL>
<BR>[Called By]<UL><LI><a href="#[59]">&gt;&gt;</a>&nbsp;&nbsp;&nbsp;OledSetInverted
<LI><a href="#[58]">&gt;&gt;</a>&nbsp;&nbsp;&nbsp;OledSetDisplay
<LI><a href="#[4b]">&gt;&gt;</a>&nbsp;&nbsp;&nbsp;OledRefresh
<LI><a href="#[4a]">&gt;&gt;</a>&nbsp;&nbsp;&nbsp;OledInit
</UL>

<P><STRONG><a name="[1f1]"></a>PidApplyIntegralLimit</STRONG> (Thumb, 66 bytes, Stack size 8 bytes, pid.o(i.PidApplyIntegralLimit))
<BR><BR>[Stack]<UL><LI>Max Depth = 8<LI>Call Chain = PidApplyIntegralLimit
</UL>
<BR>[Calls]<UL><LI><a href="#[1d9]">&gt;&gt;</a>&nbsp;&nbsp;&nbsp;float_constrain
</UL>
<BR>[Called By]<UL><LI><a href="#[37]">&gt;&gt;</a>&nbsp;&nbsp;&nbsp;PidSetIntegralLimit
<LI><a href="#[32]">&gt;&gt;</a>&nbsp;&nbsp;&nbsp;PidCalculate
</UL>

<P><STRONG><a name="[1f2]"></a>PidApplyOutputLimit</STRONG> (Thumb, 24 bytes, Stack size 0 bytes, pid.o(i.PidApplyOutputLimit))
<BR><BR>[Calls]<UL><LI><a href="#[1d9]">&gt;&gt;</a>&nbsp;&nbsp;&nbsp;float_constrain
</UL>
<BR>[Called By]<UL><LI><a href="#[36]">&gt;&gt;</a>&nbsp;&nbsp;&nbsp;PidSetOutputLimit
<LI><a href="#[32]">&gt;&gt;</a>&nbsp;&nbsp;&nbsp;PidCalculate
</UL>

<P><STRONG><a name="[206]"></a>WheelApplyMotorOutput</STRONG> (Thumb, 62 bytes, Stack size 16 bytes, wheel_driver.o(i.WheelApplyMotorOutput))
<BR><BR>[Stack]<UL><LI>Max Depth = 72<LI>Call Chain = WheelApplyMotorOutput &rArr; MotorSetSpeed &rArr; MotorApplyReductionOutput &rArr; MotorTb6612ApplyDirection &rArr; MotorWriteGpio
</UL>
<BR>[Calls]<UL><LI><a href="#[1d9]">&gt;&gt;</a>&nbsp;&nbsp;&nbsp;float_constrain
<LI><a href="#[207]">&gt;&gt;</a>&nbsp;&nbsp;&nbsp;WheelGetDirectionSign
<LI><a href="#[2d]">&gt;&gt;</a>&nbsp;&nbsp;&nbsp;MotorSetSpeed
</UL>
<BR>[Called By]<UL><LI><a href="#[3e]">&gt;&gt;</a>&nbsp;&nbsp;&nbsp;WheelUpdate
<LI><a href="#[3c]">&gt;&gt;</a>&nbsp;&nbsp;&nbsp;WheelSetLinearSpeed
</UL>

<P><STRONG><a name="[207]"></a>WheelGetDirectionSign</STRONG> (Thumb, 20 bytes, Stack size 0 bytes, wheel_driver.o(i.WheelGetDirectionSign))
<BR><BR>[Called By]<UL><LI><a href="#[208]">&gt;&gt;</a>&nbsp;&nbsp;&nbsp;WheelSyncData
<LI><a href="#[206]">&gt;&gt;</a>&nbsp;&nbsp;&nbsp;WheelApplyMotorOutput
</UL>

<P><STRONG><a name="[208]"></a>WheelSyncData</STRONG> (Thumb, 208 bytes, Stack size 64 bytes, wheel_driver.o(i.WheelSyncData))
<BR><BR>[Stack]<UL><LI>Max Depth = 128<LI>Call Chain = WheelSyncData &rArr; MotorGetData &rArr; MotorSyncEncoderData &rArr; EncoderGetData &rArr; __aeabi_memcpy4
</UL>
<BR>[Calls]<UL><LI><a href="#[28]">&gt;&gt;</a>&nbsp;&nbsp;&nbsp;EncoderGetData
<LI><a href="#[207]">&gt;&gt;</a>&nbsp;&nbsp;&nbsp;WheelGetDirectionSign
<LI><a href="#[30]">&gt;&gt;</a>&nbsp;&nbsp;&nbsp;MotorGetData
</UL>
<BR>[Called By]<UL><LI><a href="#[3e]">&gt;&gt;</a>&nbsp;&nbsp;&nbsp;WheelUpdate
<LI><a href="#[3b]">&gt;&gt;</a>&nbsp;&nbsp;&nbsp;WheelStop
<LI><a href="#[3a]">&gt;&gt;</a>&nbsp;&nbsp;&nbsp;WheelStart
<LI><a href="#[3c]">&gt;&gt;</a>&nbsp;&nbsp;&nbsp;WheelSetLinearSpeed
<LI><a href="#[3f]">&gt;&gt;</a>&nbsp;&nbsp;&nbsp;WheelResetOdometry
<LI><a href="#[39]">&gt;&gt;</a>&nbsp;&nbsp;&nbsp;WheelInit
<LI><a href="#[40]">&gt;&gt;</a>&nbsp;&nbsp;&nbsp;WheelGetData
</UL>

<P><STRONG><a name="[209]"></a>WheelUpdateSpeedPidIntegralLimit</STRONG> (Thumb, 118 bytes, Stack size 8 bytes, wheel_driver.o(i.WheelUpdateSpeedPidIntegralLimit))
<BR><BR>[Stack]<UL><LI>Max Depth = 16<LI>Call Chain = WheelUpdateSpeedPidIntegralLimit &rArr; PidSetIntegralLimit &rArr; PidApplyIntegralLimit
</UL>
<BR>[Calls]<UL><LI><a href="#[37]">&gt;&gt;</a>&nbsp;&nbsp;&nbsp;PidSetIntegralLimit
</UL>
<BR>[Called By]<UL><LI><a href="#[3b]">&gt;&gt;</a>&nbsp;&nbsp;&nbsp;WheelStop
<LI><a href="#[3c]">&gt;&gt;</a>&nbsp;&nbsp;&nbsp;WheelSetLinearSpeed
</UL>

<P><STRONG><a name="[149]"></a>ChassisAbs</STRONG> (Thumb, 16 bytes, Stack size 0 bytes, chassis.o(i.ChassisAbs))
<BR><BR>[Called By]<UL><LI><a href="#[14a]">&gt;&gt;</a>&nbsp;&nbsp;&nbsp;ChassisSyncData
<LI><a href="#[148]">&gt;&gt;</a>&nbsp;&nbsp;&nbsp;ChassisConfigIsValid
<LI><a href="#[44]">&gt;&gt;</a>&nbsp;&nbsp;&nbsp;ChassisSetVelocity
</UL>

<P><STRONG><a name="[148]"></a>ChassisConfigIsValid</STRONG> (Thumb, 140 bytes, Stack size 24 bytes, chassis.o(i.ChassisConfigIsValid))
<BR><BR>[Stack]<UL><LI>Max Depth = 24<LI>Call Chain = ChassisConfigIsValid
</UL>
<BR>[Calls]<UL><LI><a href="#[149]">&gt;&gt;</a>&nbsp;&nbsp;&nbsp;ChassisAbs
</UL>
<BR>[Called By]<UL><LI><a href="#[41]">&gt;&gt;</a>&nbsp;&nbsp;&nbsp;ChassisInit
</UL>

<P><STRONG><a name="[14a]"></a>ChassisSyncData</STRONG> (Thumb, 266 bytes, Stack size 96 bytes, chassis.o(i.ChassisSyncData))
<BR><BR>[Stack]<UL><LI>Max Depth = 240<LI>Call Chain = ChassisSyncData &rArr; WheelGetData &rArr; WheelSyncData &rArr; MotorGetData &rArr; MotorSyncEncoderData &rArr; EncoderGetData &rArr; __aeabi_memcpy4
</UL>
<BR>[Calls]<UL><LI><a href="#[149]">&gt;&gt;</a>&nbsp;&nbsp;&nbsp;ChassisAbs
<LI><a href="#[40]">&gt;&gt;</a>&nbsp;&nbsp;&nbsp;WheelGetData
</UL>
<BR>[Called By]<UL><LI><a href="#[47]">&gt;&gt;</a>&nbsp;&nbsp;&nbsp;ChassisUpdate
<LI><a href="#[43]">&gt;&gt;</a>&nbsp;&nbsp;&nbsp;ChassisStop
<LI><a href="#[42]">&gt;&gt;</a>&nbsp;&nbsp;&nbsp;ChassisStart
<LI><a href="#[48]">&gt;&gt;</a>&nbsp;&nbsp;&nbsp;ChassisResetOdometry
<LI><a href="#[41]">&gt;&gt;</a>&nbsp;&nbsp;&nbsp;ChassisInit
<LI><a href="#[49]">&gt;&gt;</a>&nbsp;&nbsp;&nbsp;ChassisGetData
</UL>

<P><STRONG><a name="[244]"></a>chassisTestUpdateTelemetry</STRONG> (Thumb, 294 bytes, Stack size 80 bytes, robot.o(i.chassisTestUpdateTelemetry))
<BR><BR>[Stack]<UL><LI>Max Depth = 80<LI>Call Chain = chassisTestUpdateTelemetry
</UL>
<BR>[Called By]<UL><LI><a href="#[c5]">&gt;&gt;</a>&nbsp;&nbsp;&nbsp;testTask
</UL>

<P><STRONG><a name="[c3]"></a>imuParseTask</STRONG> (Thumb, 46 bytes, Stack size 0 bytes, robot.o(i.imuParseTask))
<BR><BR>[Stack]<UL><LI>Max Depth = 96<LI>Call Chain = imuParseTask &rArr; osThreadExit &rArr; vTaskDelete &rArr; prvDeleteTCB &rArr; vPortFree &rArr; xTaskResumeAll &rArr; xTaskIncrementTick
</UL>
<BR>[Calls]<UL><LI><a href="#[1fc]">&gt;&gt;</a>&nbsp;&nbsp;&nbsp;osDelay
<LI><a href="#[213]">&gt;&gt;</a>&nbsp;&nbsp;&nbsp;osThreadExit
</UL>
<BR>[Address Reference Count : 1]<UL><LI> robot.o(i.robotInit)
</UL>
<P><STRONG><a name="[c8]"></a>keyEventCallback</STRONG> (Thumb, 20 bytes, Stack size 0 bytes, robot.o(i.keyEventCallback))
<BR>[Address Reference Count : 1]<UL><LI> robot.o(.constdata)
</UL>
<P><STRONG><a name="[c4]"></a>oledTask</STRONG> (Thumb, 156 bytes, Stack size 48 bytes, robot.o(i.oledTask))
<BR><BR>[Stack]<UL><LI>Max Depth = 120<LI>Call Chain = oledTask &rArr; osDelay &rArr; vTaskDelay &rArr; xTaskResumeAll &rArr; xTaskIncrementTick
</UL>
<BR>[Calls]<UL><LI><a href="#[1fc]">&gt;&gt;</a>&nbsp;&nbsp;&nbsp;osDelay
</UL>
<BR>[Address Reference Count : 1]<UL><LI> robot.o(i.robotInit)
</UL>
<P><STRONG><a name="[c5]"></a>testTask</STRONG> (Thumb, 230 bytes, Stack size 8 bytes, robot.o(i.testTask))
<BR><BR>[Stack]<UL><LI>Max Depth = 96<LI>Call Chain = testTask &rArr; osDelayUntil &rArr; vTaskDelayUntil &rArr; xTaskResumeAll &rArr; xTaskIncrementTick
</UL>
<BR>[Calls]<UL><LI><a href="#[243]">&gt;&gt;</a>&nbsp;&nbsp;&nbsp;osKernelGetTickFreq
<LI><a href="#[219]">&gt;&gt;</a>&nbsp;&nbsp;&nbsp;osKernelGetTickCount
<LI><a href="#[216]">&gt;&gt;</a>&nbsp;&nbsp;&nbsp;osDelayUntil
<LI><a href="#[244]">&gt;&gt;</a>&nbsp;&nbsp;&nbsp;chassisTestUpdateTelemetry
</UL>
<BR>[Address Reference Count : 1]<UL><LI> robot.o(i.robotInit)
</UL>
<P><STRONG><a name="[1aa]"></a>IICSoftConfigIsValid</STRONG> (Thumb, 28 bytes, Stack size 0 bytes, bsp_iic.o(i.IICSoftConfigIsValid))
<BR><BR>[Called By]<UL><LI><a href="#[1a9]">&gt;&gt;</a>&nbsp;&nbsp;&nbsp;IICRegister
</UL>

<P><STRONG><a name="[1af]"></a>IICSoftDelay</STRONG> (Thumb, 30 bytes, Stack size 8 bytes, bsp_iic.o(i.IICSoftDelay))
<BR><BR>[Stack]<UL><LI>Max Depth = 8<LI>Call Chain = IICSoftDelay
</UL>
<BR>[Called By]<UL><LI><a href="#[1b3]">&gt;&gt;</a>&nbsp;&nbsp;&nbsp;IICSoftWriteBit
<LI><a href="#[1b2]">&gt;&gt;</a>&nbsp;&nbsp;&nbsp;IICSoftStop
<LI><a href="#[1b1]">&gt;&gt;</a>&nbsp;&nbsp;&nbsp;IICSoftStart
<LI><a href="#[1ad]">&gt;&gt;</a>&nbsp;&nbsp;&nbsp;IICSoftReadBit
</UL>

<P><STRONG><a name="[1ac]"></a>IICSoftEnableGPIOClock</STRONG> (Thumb, 204 bytes, Stack size 8 bytes, bsp_iic.o(i.IICSoftEnableGPIOClock))
<BR><BR>[Stack]<UL><LI>Max Depth = 8<LI>Call Chain = IICSoftEnableGPIOClock
</UL>
<BR>[Called By]<UL><LI><a href="#[1ab]">&gt;&gt;</a>&nbsp;&nbsp;&nbsp;IICSoftInitGPIOPin
</UL>

<P><STRONG><a name="[1ab]"></a>IICSoftInitGPIOPin</STRONG> (Thumb, 52 bytes, Stack size 32 bytes, bsp_iic.o(i.IICSoftInitGPIOPin))
<BR><BR>[Stack]<UL><LI>Max Depth = 72<LI>Call Chain = IICSoftInitGPIOPin &rArr; HAL_GPIO_Init
</UL>
<BR>[Calls]<UL><LI><a href="#[17d]">&gt;&gt;</a>&nbsp;&nbsp;&nbsp;HAL_GPIO_Init
<LI><a href="#[1ac]">&gt;&gt;</a>&nbsp;&nbsp;&nbsp;IICSoftEnableGPIOClock
</UL>
<BR>[Called By]<UL><LI><a href="#[1a9]">&gt;&gt;</a>&nbsp;&nbsp;&nbsp;IICRegister
</UL>

<P><STRONG><a name="[1ad]"></a>IICSoftReadBit</STRONG> (Thumb, 60 bytes, Stack size 16 bytes, bsp_iic.o(i.IICSoftReadBit))
<BR><BR>[Stack]<UL><LI>Max Depth = 24<LI>Call Chain = IICSoftReadBit &rArr; IICSoftDelay
</UL>
<BR>[Calls]<UL><LI><a href="#[156]">&gt;&gt;</a>&nbsp;&nbsp;&nbsp;HAL_GPIO_ReadPin
<LI><a href="#[1ae]">&gt;&gt;</a>&nbsp;&nbsp;&nbsp;IICSoftWriteSDA
<LI><a href="#[1b0]">&gt;&gt;</a>&nbsp;&nbsp;&nbsp;IICSoftWriteSCL
<LI><a href="#[1af]">&gt;&gt;</a>&nbsp;&nbsp;&nbsp;IICSoftDelay
</UL>
<BR>[Called By]<UL><LI><a href="#[1b4]">&gt;&gt;</a>&nbsp;&nbsp;&nbsp;IICSoftWriteByte
</UL>

<P><STRONG><a name="[1b1]"></a>IICSoftStart</STRONG> (Thumb, 50 bytes, Stack size 8 bytes, bsp_iic.o(i.IICSoftStart))
<BR><BR>[Stack]<UL><LI>Max Depth = 16<LI>Call Chain = IICSoftStart &rArr; IICSoftDelay
</UL>
<BR>[Calls]<UL><LI><a href="#[1ae]">&gt;&gt;</a>&nbsp;&nbsp;&nbsp;IICSoftWriteSDA
<LI><a href="#[1b0]">&gt;&gt;</a>&nbsp;&nbsp;&nbsp;IICSoftWriteSCL
<LI><a href="#[1af]">&gt;&gt;</a>&nbsp;&nbsp;&nbsp;IICSoftDelay
</UL>
<BR>[Called By]<UL><LI><a href="#[1b5]">&gt;&gt;</a>&nbsp;&nbsp;&nbsp;IICTransmit
</UL>

<P><STRONG><a name="[1b2]"></a>IICSoftStop</STRONG> (Thumb, 48 bytes, Stack size 8 bytes, bsp_iic.o(i.IICSoftStop))
<BR><BR>[Stack]<UL><LI>Max Depth = 16<LI>Call Chain = IICSoftStop &rArr; IICSoftDelay
</UL>
<BR>[Calls]<UL><LI><a href="#[1ae]">&gt;&gt;</a>&nbsp;&nbsp;&nbsp;IICSoftWriteSDA
<LI><a href="#[1b0]">&gt;&gt;</a>&nbsp;&nbsp;&nbsp;IICSoftWriteSCL
<LI><a href="#[1af]">&gt;&gt;</a>&nbsp;&nbsp;&nbsp;IICSoftDelay
</UL>
<BR>[Called By]<UL><LI><a href="#[1b5]">&gt;&gt;</a>&nbsp;&nbsp;&nbsp;IICTransmit
</UL>

<P><STRONG><a name="[1b3]"></a>IICSoftWriteBit</STRONG> (Thumb, 44 bytes, Stack size 8 bytes, bsp_iic.o(i.IICSoftWriteBit))
<BR><BR>[Stack]<UL><LI>Max Depth = 16<LI>Call Chain = IICSoftWriteBit &rArr; IICSoftDelay
</UL>
<BR>[Calls]<UL><LI><a href="#[1ae]">&gt;&gt;</a>&nbsp;&nbsp;&nbsp;IICSoftWriteSDA
<LI><a href="#[1b0]">&gt;&gt;</a>&nbsp;&nbsp;&nbsp;IICSoftWriteSCL
<LI><a href="#[1af]">&gt;&gt;</a>&nbsp;&nbsp;&nbsp;IICSoftDelay
</UL>
<BR>[Called By]<UL><LI><a href="#[1b4]">&gt;&gt;</a>&nbsp;&nbsp;&nbsp;IICSoftWriteByte
</UL>

<P><STRONG><a name="[1b4]"></a>IICSoftWriteByte</STRONG> (Thumb, 46 bytes, Stack size 16 bytes, bsp_iic.o(i.IICSoftWriteByte))
<BR><BR>[Stack]<UL><LI>Max Depth = 40<LI>Call Chain = IICSoftWriteByte &rArr; IICSoftReadBit &rArr; IICSoftDelay
</UL>
<BR>[Calls]<UL><LI><a href="#[1b3]">&gt;&gt;</a>&nbsp;&nbsp;&nbsp;IICSoftWriteBit
<LI><a href="#[1ad]">&gt;&gt;</a>&nbsp;&nbsp;&nbsp;IICSoftReadBit
</UL>
<BR>[Called By]<UL><LI><a href="#[1b5]">&gt;&gt;</a>&nbsp;&nbsp;&nbsp;IICTransmit
</UL>

<P><STRONG><a name="[1b0]"></a>IICSoftWriteSCL</STRONG> (Thumb, 12 bytes, Stack size 0 bytes, bsp_iic.o(i.IICSoftWriteSCL))
<BR><BR>[Calls]<UL><LI><a href="#[159]">&gt;&gt;</a>&nbsp;&nbsp;&nbsp;HAL_GPIO_WritePin
</UL>
<BR>[Called By]<UL><LI><a href="#[1b3]">&gt;&gt;</a>&nbsp;&nbsp;&nbsp;IICSoftWriteBit
<LI><a href="#[1b2]">&gt;&gt;</a>&nbsp;&nbsp;&nbsp;IICSoftStop
<LI><a href="#[1b1]">&gt;&gt;</a>&nbsp;&nbsp;&nbsp;IICSoftStart
<LI><a href="#[1ad]">&gt;&gt;</a>&nbsp;&nbsp;&nbsp;IICSoftReadBit
</UL>

<P><STRONG><a name="[1ae]"></a>IICSoftWriteSDA</STRONG> (Thumb, 12 bytes, Stack size 0 bytes, bsp_iic.o(i.IICSoftWriteSDA))
<BR><BR>[Calls]<UL><LI><a href="#[159]">&gt;&gt;</a>&nbsp;&nbsp;&nbsp;HAL_GPIO_WritePin
</UL>
<BR>[Called By]<UL><LI><a href="#[1b3]">&gt;&gt;</a>&nbsp;&nbsp;&nbsp;IICSoftWriteBit
<LI><a href="#[1b2]">&gt;&gt;</a>&nbsp;&nbsp;&nbsp;IICSoftStop
<LI><a href="#[1b1]">&gt;&gt;</a>&nbsp;&nbsp;&nbsp;IICSoftStart
<LI><a href="#[1ad]">&gt;&gt;</a>&nbsp;&nbsp;&nbsp;IICSoftReadBit
</UL>

<P><STRONG><a name="[1f3]"></a>PrintLogV</STRONG> (Thumb, 40 bytes, Stack size 264 bytes, bsp_log.o(i.PrintLogV))
<BR><BR>[Stack]<UL><LI>Max Depth = 392 + Unknown Stack Size
<LI>Call Chain = PrintLogV &rArr; vsnprintf &rArr; _printf_char_common &rArr; __printf
</UL>
<BR>[Calls]<UL><LI><a href="#[10f]">&gt;&gt;</a>&nbsp;&nbsp;&nbsp;vsnprintf
<LI><a href="#[1f4]">&gt;&gt;</a>&nbsp;&nbsp;&nbsp;SEGGER_RTT_WriteString
</UL>
<BR>[Called By]<UL><LI><a href="#[19d]">&gt;&gt;</a>&nbsp;&nbsp;&nbsp;PrintLog
</UL>

<P><STRONG><a name="[1ed]"></a>PWMClamp</STRONG> (Thumb, 32 bytes, Stack size 0 bytes, bsp_pwm.o(i.PWMClamp))
<BR><BR>[Called By]<UL><LI><a href="#[1dc]">&gt;&gt;</a>&nbsp;&nbsp;&nbsp;PWMSetDutyRatio
<LI><a href="#[1e2]">&gt;&gt;</a>&nbsp;&nbsp;&nbsp;PWMRegister
</UL>

<P><STRONG><a name="[1ee]"></a>PWMSelectTclk</STRONG> (Thumb, 86 bytes, Stack size 16 bytes, bsp_pwm.o(i.PWMSelectTclk))
<BR><BR>[Stack]<UL><LI>Max Depth = 16<LI>Call Chain = PWMSelectTclk
</UL>
<BR>[Calls]<UL><LI><a href="#[16a]">&gt;&gt;</a>&nbsp;&nbsp;&nbsp;HAL_RCC_GetPCLK1Freq
<LI><a href="#[1f0]">&gt;&gt;</a>&nbsp;&nbsp;&nbsp;HAL_RCC_GetPCLK2Freq
</UL>
<BR>[Called By]<UL><LI><a href="#[1e2]">&gt;&gt;</a>&nbsp;&nbsp;&nbsp;PWMRegister
</UL>

<P><STRONG><a name="[1f6]"></a>_DoInit</STRONG> (Thumb, 74 bytes, Stack size 8 bytes, segger_rtt.o(i._DoInit))
<BR><BR>[Stack]<UL><LI>Max Depth = 20<LI>Call Chain = _DoInit &rArr; strcpy
</UL>
<BR>[Calls]<UL><LI><a href="#[20a]">&gt;&gt;</a>&nbsp;&nbsp;&nbsp;strcpy
</UL>
<BR>[Called By]<UL><LI><a href="#[1f5]">&gt;&gt;</a>&nbsp;&nbsp;&nbsp;SEGGER_RTT_Write
</UL>

<P><STRONG><a name="[1f8]"></a>_GetAvailWriteSpace</STRONG> (Thumb, 22 bytes, Stack size 0 bytes, segger_rtt.o(i._GetAvailWriteSpace))
<BR><BR>[Called By]<UL><LI><a href="#[1f7]">&gt;&gt;</a>&nbsp;&nbsp;&nbsp;SEGGER_RTT_WriteNoLock
</UL>

<P><STRONG><a name="[1fa]"></a>_WriteBlocking</STRONG> (Thumb, 90 bytes, Stack size 32 bytes, segger_rtt.o(i._WriteBlocking))
<BR><BR>[Stack]<UL><LI>Max Depth = 32<LI>Call Chain = _WriteBlocking
</UL>
<BR>[Calls]<UL><LI><a href="#[1ec]">&gt;&gt;</a>&nbsp;&nbsp;&nbsp;__aeabi_memcpy
</UL>
<BR>[Called By]<UL><LI><a href="#[1f7]">&gt;&gt;</a>&nbsp;&nbsp;&nbsp;SEGGER_RTT_WriteNoLock
</UL>

<P><STRONG><a name="[1f9]"></a>_WriteNoCheck</STRONG> (Thumb, 66 bytes, Stack size 24 bytes, segger_rtt.o(i._WriteNoCheck))
<BR><BR>[Stack]<UL><LI>Max Depth = 24<LI>Call Chain = _WriteNoCheck
</UL>
<BR>[Calls]<UL><LI><a href="#[1ec]">&gt;&gt;</a>&nbsp;&nbsp;&nbsp;__aeabi_memcpy
</UL>
<BR>[Called By]<UL><LI><a href="#[1f7]">&gt;&gt;</a>&nbsp;&nbsp;&nbsp;SEGGER_RTT_WriteNoLock
</UL>

<P><STRONG><a name="[10b]"></a>Heap1_SizeAdjust</STRONG> (Thumb, 8 bytes, Stack size 0 bytes, h1_alloc_mt.o(.text))
<BR><BR>[Called By]<UL><LI><a href="#[10a]">&gt;&gt;</a>&nbsp;&nbsp;&nbsp;_malloc_internal
</UL>

<P><STRONG><a name="[b9]"></a>_printf_input_char</STRONG> (Thumb, 10 bytes, Stack size 0 bytes, _printf_char_common.o(.text))
<BR>[Address Reference Count : 1]<UL><LI> _printf_char_common.o(.text)
</UL>
<P><STRONG><a name="[12f]"></a>_fp_digits</STRONG> (Thumb, 432 bytes, Stack size 96 bytes, _printf_fp_dec.o(.text))
<BR><BR>[Stack]<UL><LI>Max Depth = 220<LI>Call Chain = _fp_digits &rArr; _btod_etento &rArr; _btod_emul &rArr; _e2e
</UL>
<BR>[Calls]<UL><LI><a href="#[133]">&gt;&gt;</a>&nbsp;&nbsp;&nbsp;_btod_emul
<LI><a href="#[132]">&gt;&gt;</a>&nbsp;&nbsp;&nbsp;_btod_ediv
<LI><a href="#[131]">&gt;&gt;</a>&nbsp;&nbsp;&nbsp;_btod_d2e
<LI><a href="#[130]">&gt;&gt;</a>&nbsp;&nbsp;&nbsp;_btod_etento
<LI><a href="#[12c]">&gt;&gt;</a>&nbsp;&nbsp;&nbsp;_ll_udiv10
</UL>
<BR>[Called By]<UL><LI><a href="#[134]">&gt;&gt;</a>&nbsp;&nbsp;&nbsp;_printf_fp_dec_real
</UL>
<P>
<H3>
Undefined Global Symbols
</H3><HR></body></html>
